Component: ARM Compiler 5.06 update 7 (build 960) Tool: armlink [4d3601]

==============================================================================

Section Cross References

    startup_gd32f450_470.o(RESET) refers to startup_gd32f450_470.o(STACK) for __initial_sp
    startup_gd32f450_470.o(RESET) refers to startup_gd32f450_470.o(.text) for Reset_Handler
    startup_gd32f450_470.o(.text) refers to system_gd32f4xx.o(i.SystemInit) for SystemInit
    startup_gd32f450_470.o(.text) refers to entry.o(.ARM.Collect$$$$00000000) for __main
    system_gd32f4xx.o(i.SystemCoreClockUpdate) refers to system_gd32f4xx.o(.data) for SystemCoreClock
    system_gd32f4xx.o(i.SystemInit) refers to system_gd32f4xx.o(i.system_clock_config) for system_clock_config
    system_gd32f4xx.o(i.system_clock_config) refers to system_gd32f4xx.o(i.system_clock_200m_25m_hxtal) for system_clock_200m_25m_hxtal
    gd32f4xx_adc.o(i.adc_deinit) refers to gd32f4xx_rcu.o(i.rcu_periph_reset_enable) for rcu_periph_reset_enable
    gd32f4xx_adc.o(i.adc_deinit) refers to gd32f4xx_rcu.o(i.rcu_periph_reset_disable) for rcu_periph_reset_disable
    gd32f4xx_can.o(i.can_debug_freeze_disable) refers to gd32f4xx_dbg.o(i.dbg_periph_disable) for dbg_periph_disable
    gd32f4xx_can.o(i.can_debug_freeze_enable) refers to gd32f4xx_dbg.o(i.dbg_periph_enable) for dbg_periph_enable
    gd32f4xx_can.o(i.can_deinit) refers to gd32f4xx_rcu.o(i.rcu_periph_reset_enable) for rcu_periph_reset_enable
    gd32f4xx_can.o(i.can_deinit) refers to gd32f4xx_rcu.o(i.rcu_periph_reset_disable) for rcu_periph_reset_disable
    gd32f4xx_can.o(i.can_interrupt_flag_get) refers to gd32f4xx_can.o(i.can_receive_message_length_get) for can_receive_message_length_get
    gd32f4xx_can.o(i.can_interrupt_flag_get) refers to gd32f4xx_can.o(i.can_error_get) for can_error_get
    gd32f4xx_ctc.o(i.ctc_deinit) refers to gd32f4xx_rcu.o(i.rcu_periph_reset_enable) for rcu_periph_reset_enable
    gd32f4xx_ctc.o(i.ctc_deinit) refers to gd32f4xx_rcu.o(i.rcu_periph_reset_disable) for rcu_periph_reset_disable
    gd32f4xx_dac.o(i.dac_deinit) refers to gd32f4xx_rcu.o(i.rcu_periph_reset_enable) for rcu_periph_reset_enable
    gd32f4xx_dac.o(i.dac_deinit) refers to gd32f4xx_rcu.o(i.rcu_periph_reset_disable) for rcu_periph_reset_disable
    gd32f4xx_dci.o(i.dci_deinit) refers to gd32f4xx_rcu.o(i.rcu_periph_reset_enable) for rcu_periph_reset_enable
    gd32f4xx_dci.o(i.dci_deinit) refers to gd32f4xx_rcu.o(i.rcu_periph_reset_disable) for rcu_periph_reset_disable
    gd32f4xx_enet.o(i.enet_deinit) refers to gd32f4xx_rcu.o(i.rcu_periph_reset_enable) for rcu_periph_reset_enable
    gd32f4xx_enet.o(i.enet_deinit) refers to gd32f4xx_rcu.o(i.rcu_periph_reset_disable) for rcu_periph_reset_disable
    gd32f4xx_enet.o(i.enet_deinit) refers to gd32f4xx_enet.o(i.enet_initpara_reset) for enet_initpara_reset
    gd32f4xx_enet.o(i.enet_descriptors_chain_init) refers to gd32f4xx_enet.o(.bss) for txdesc_tab
    gd32f4xx_enet.o(i.enet_descriptors_chain_init) refers to gd32f4xx_enet.o(.data) for dma_current_txdesc
    gd32f4xx_enet.o(i.enet_descriptors_ring_init) refers to gd32f4xx_enet.o(.bss) for txdesc_tab
    gd32f4xx_enet.o(i.enet_descriptors_ring_init) refers to gd32f4xx_enet.o(.data) for dma_current_txdesc
    gd32f4xx_enet.o(i.enet_disable) refers to gd32f4xx_enet.o(i.enet_tx_disable) for enet_tx_disable
    gd32f4xx_enet.o(i.enet_disable) refers to gd32f4xx_enet.o(i.enet_rx_disable) for enet_rx_disable
    gd32f4xx_enet.o(i.enet_enable) refers to gd32f4xx_enet.o(i.enet_tx_enable) for enet_tx_enable
    gd32f4xx_enet.o(i.enet_enable) refers to gd32f4xx_enet.o(i.enet_rx_enable) for enet_rx_enable
    gd32f4xx_enet.o(i.enet_frame_receive) refers to gd32f4xx_enet.o(.data) for dma_current_rxdesc
    gd32f4xx_enet.o(i.enet_frame_transmit) refers to gd32f4xx_enet.o(.data) for dma_current_txdesc
    gd32f4xx_enet.o(i.enet_init) refers to gd32f4xx_enet.o(i.enet_phy_config) for enet_phy_config
    gd32f4xx_enet.o(i.enet_init) refers to gd32f4xx_enet.o(i.enet_delay) for enet_delay
    gd32f4xx_enet.o(i.enet_init) refers to gd32f4xx_enet.o(i.enet_default_init) for enet_default_init
    gd32f4xx_enet.o(i.enet_init) refers to gd32f4xx_enet.o(i.enet_phy_write_read) for enet_phy_write_read
    gd32f4xx_enet.o(i.enet_init) refers to gd32f4xx_enet.o(.bss) for enet_initpara
    gd32f4xx_enet.o(i.enet_initpara_config) refers to gd32f4xx_enet.o(.bss) for enet_initpara
    gd32f4xx_enet.o(i.enet_initpara_reset) refers to gd32f4xx_enet.o(.bss) for enet_initpara
    gd32f4xx_enet.o(i.enet_phy_config) refers to gd32f4xx_rcu.o(i.rcu_clock_freq_get) for rcu_clock_freq_get
    gd32f4xx_enet.o(i.enet_phy_config) refers to gd32f4xx_enet.o(i.enet_phy_write_read) for enet_phy_write_read
    gd32f4xx_enet.o(i.enet_phy_config) refers to gd32f4xx_enet.o(i.enet_delay) for enet_delay
    gd32f4xx_enet.o(i.enet_phyloopback_disable) refers to gd32f4xx_enet.o(i.enet_phy_write_read) for enet_phy_write_read
[...]
    Removing gd32f4xx_timer.o(i.timer_automatic_output_disable), (10 bytes).
    Removing gd32f4xx_timer.o(i.timer_automatic_output_enable), (10 bytes).
    Removing gd32f4xx_timer.o(i.timer_autoreload_value_config), (4 bytes).
    Removing gd32f4xx_timer.o(i.timer_break_config), (30 bytes).
    Removing gd32f4xx_timer.o(i.timer_break_disable), (10 bytes).
    Removing gd32f4xx_timer.o(i.timer_break_enable), (10 bytes).
    Removing gd32f4xx_timer.o(i.timer_break_struct_para_init), (18 bytes).
    Removing gd32f4xx_timer.o(i.timer_channel_capture_value_register_read), (42 bytes).
    Removing gd32f4xx_timer.o(i.timer_channel_complementary_output_polarity_config), (70 bytes).
    Removing gd32f4xx_timer.o(i.timer_channel_complementary_output_state_config), (70 bytes).
    Removing gd32f4xx_timer.o(i.timer_channel_control_shadow_config), (24 bytes).
    Removing gd32f4xx_timer.o(i.timer_channel_control_shadow_update_config), (26 bytes).
    Removing gd32f4xx_timer.o(i.timer_channel_dma_request_source_select), (26 bytes).
    Removing gd32f4xx_timer.o(i.timer_channel_input_capture_prescaler_config), (90 bytes).
    Removing gd32f4xx_timer.o(i.timer_channel_input_struct_para_init), (16 bytes).
    Removing gd32f4xx_timer.o(i.timer_channel_output_clear_config), (90 bytes).
    Removing gd32f4xx_timer.o(i.timer_channel_output_config), (492 bytes).
    Removing gd32f4xx_timer.o(i.timer_channel_output_fast_config), (90 bytes).
    Removing gd32f4xx_timer.o(i.timer_channel_output_mode_config), (90 bytes).
    Removing gd32f4xx_timer.o(i.timer_channel_output_polarity_config), (92 bytes).
    Removing gd32f4xx_timer.o(i.timer_channel_output_pulse_value_config), (38 bytes).
    Removing gd32f4xx_timer.o(i.timer_channel_output_shadow_config), (90 bytes).
    Removing gd32f4xx_timer.o(i.timer_channel_output_state_config), (92 bytes).
    Removing gd32f4xx_timer.o(i.timer_channel_output_struct_para_init), (16 bytes).
    Removing gd32f4xx_timer.o(i.timer_channel_remap_config), (4 bytes).
    Removing gd32f4xx_timer.o(i.timer_counter_alignment), (16 bytes).
    Removing gd32f4xx_timer.o(i.timer_counter_down_direction), (10 bytes).
    Removing gd32f4xx_timer.o(i.timer_counter_read), (8 bytes).
    Removing gd32f4xx_timer.o(i.timer_counter_up_direction), (10 bytes).
    Removing gd32f4xx_timer.o(i.timer_counter_value_config), (4 bytes).
    Removing gd32f4xx_timer.o(i.timer_deinit), (388 bytes).
    Removing gd32f4xx_timer.o(i.timer_disable), (10 bytes).
    Removing gd32f4xx_timer.o(i.timer_dma_disable), (8 bytes).
    Removing gd32f4xx_timer.o(i.timer_dma_enable), (8 bytes).
    Removing gd32f4xx_timer.o(i.timer_dma_transfer_config), (24 bytes).
    Removing gd32f4xx_timer.o(i.timer_enable), (10 bytes).
    Removing gd32f4xx_timer.o(i.timer_event_software_generate), (8 bytes).
    Removing gd32f4xx_timer.o(i.timer_external_clock_mode0_config), (40 bytes).
    Removing gd32f4xx_timer.o(i.timer_external_clock_mode1_config), (32 bytes).
    Removing gd32f4xx_timer.o(i.timer_external_clock_mode1_disable), (10 bytes).
    Removing gd32f4xx_timer.o(i.timer_external_trigger_as_external_clock_config), (166 bytes).
    Removing gd32f4xx_timer.o(i.timer_external_trigger_config), (30 bytes).
    Removing gd32f4xx_timer.o(i.timer_flag_clear), (6 bytes).
    Removing gd32f4xx_timer.o(i.timer_flag_get), (16 bytes).
    Removing gd32f4xx_timer.o(i.timer_hall_mode_config), (26 bytes).
    Removing gd32f4xx_timer.o(i.timer_init), (152 bytes).
    Removing gd32f4xx_timer.o(i.timer_input_capture_config), (326 bytes).
    Removing gd32f4xx_timer.o(i.timer_input_pwm_capture_config), (356 bytes).
    Removing gd32f4xx_timer.o(i.timer_input_trigger_source_select), (16 bytes).
    Removing gd32f4xx_timer.o(i.timer_internal_clock_config), (10 bytes).
    Removing gd32f4xx_timer.o(i.timer_internal_trigger_as_external_clock_config), (32 bytes).
    Removing gd32f4xx_timer.o(i.timer_interrupt_disable), (8 bytes).
    Removing gd32f4xx_timer.o(i.timer_interrupt_enable), (8 bytes).
    Removing gd32f4xx_timer.o(i.timer_interrupt_flag_clear), (6 bytes).
    Removing gd32f4xx_timer.o(i.timer_interrupt_flag_get), (24 bytes).
    Removing gd32f4xx_timer.o(i.timer_master_output_trigger_source_select), (16 bytes).
    Removing gd32f4xx_timer.o(i.timer_master_slave_mode_config), (26 bytes).
    Removing gd32f4xx_timer.o(i.timer_output_value_selection_config), (34 bytes).
    Removing gd32f4xx_timer.o(i.timer_prescaler_config), (14 bytes).
    Removing gd32f4xx_timer.o(i.timer_prescaler_read), (10 bytes).
    Removing gd32f4xx_timer.o(i.timer_primary_output_config), (24 bytes).
    Removing gd32f4xx_timer.o(i.timer_quadrature_decoder_mode_config), (64 bytes).
    Removing gd32f4xx_timer.o(i.timer_repetition_value_config), (4 bytes).
    Removing gd32f4xx_timer.o(i.timer_single_pulse_mode_config), (26 bytes).
    Removing gd32f4xx_timer.o(i.timer_slave_mode_select), (16 bytes).
    Removing gd32f4xx_timer.o(i.timer_struct_para_init), (22 bytes).
    Removing gd32f4xx_timer.o(i.timer_update_event_disable), (10 bytes).
    Removing gd32f4xx_timer.o(i.timer_update_event_enable), (10 bytes).
    Removing gd32f4xx_timer.o(i.timer_update_source_config), (26 bytes).
    Removing gd32f4xx_timer.o(i.timer_write_chxval_register_config), (34 bytes).
    Removing gd32f4xx_tli.o(.rev16_text), (4 bytes).
    Removing gd32f4xx_tli.o(.revsh_text), (4 bytes).
    Removing gd32f4xx_tli.o(i.tli_color_key_disable), (14 bytes).
    Removing gd32f4xx_tli.o(i.tli_color_key_enable), (14 bytes).
    Removing gd32f4xx_tli.o(i.tli_color_key_init), (16 bytes).
    Removing gd32f4xx_tli.o(i.tli_current_pos_get), (12 bytes).
    Removing gd32f4xx_tli.o(i.tli_deinit), (20 bytes).
    Removing gd32f4xx_tli.o(i.tli_disable), (20 bytes).
    Removing gd32f4xx_tli.o(i.tli_dither_config), (36 bytes).
    Removing gd32f4xx_tli.o(i.tli_enable), (20 bytes).
    Removing gd32f4xx_tli.o(i.tli_flag_get), (36 bytes).
    Removing gd32f4xx_tli.o(i.tli_init), (188 bytes).
    Removing gd32f4xx_tli.o(i.tli_interrupt_disable), (16 bytes).
    Removing gd32f4xx_tli.o(i.tli_interrupt_enable), (16 bytes).
    Removing gd32f4xx_tli.o(i.tli_interrupt_flag_clear), (16 bytes).
    Removing gd32f4xx_tli.o(i.tli_interrupt_flag_get), (36 bytes).
    Removing gd32f4xx_tli.o(i.tli_layer_disable), (14 bytes).
    Removing gd32f4xx_tli.o(i.tli_layer_enable), (14 bytes).
    Removing gd32f4xx_tli.o(i.tli_layer_init), (152 bytes).
    Removing gd32f4xx_tli.o(i.tli_layer_struct_para_init), (48 bytes).
    Removing gd32f4xx_tli.o(i.tli_layer_window_offset_modify), (228 bytes).
    Removing gd32f4xx_tli.o(i.tli_line_mark_set), (24 bytes).
    Removing gd32f4xx_tli.o(i.tli_lut_disable), (14 bytes).
    Removing gd32f4xx_tli.o(i.tli_lut_enable), (14 bytes).
    Removing gd32f4xx_tli.o(i.tli_lut_init), (28 bytes).
    Removing gd32f4xx_tli.o(i.tli_lut_struct_para_init), (12 bytes).
    Removing gd32f4xx_tli.o(i.tli_reload_config), (36 bytes).
    Removing gd32f4xx_tli.o(i.tli_struct_para_init), (34 bytes).
    Removing gd32f4xx_trng.o(.rev16_text), (4 bytes).
    Removing gd32f4xx_trng.o(.revsh_text), (4 bytes).
    Removing gd32f4xx_trng.o(i.trng_deinit), (20 bytes).
    Removing gd32f4xx_trng.o(i.trng_disable), (20 bytes).
    Removing gd32f4xx_trng.o(i.trng_enable), (20 bytes).
    Removing gd32f4xx_trng.o(i.trng_flag_get), (24 bytes).
    Removing gd32f4xx_trng.o(i.trng_get_true_random_data), (12 bytes).
    Removing gd32f4xx_trng.o(i.trng_interrupt_disable), (20 bytes).
    Removing gd32f4xx_trng.o(i.trng_interrupt_enable), (20 bytes).
    Removing gd32f4xx_trng.o(i.trng_interrupt_flag_clear), (16 bytes).
    Removing gd32f4xx_trng.o(i.trng_interrupt_flag_get), (24 bytes).
    Removing gd32f4xx_usart.o(.rev16_text), (4 bytes).
    Removing gd32f4xx_usart.o(.revsh_text), (4 bytes).
    Removing gd32f4xx_usart.o(i.usart_address_config), (20 bytes).
    Removing gd32f4xx_usart.o(i.usart_baudrate_set), (232 bytes).
    Removing gd32f4xx_usart.o(i.usart_block_length_config), (28 bytes).
    Removing gd32f4xx_usart.o(i.usart_break_frame_coherence_config), (24 bytes).
    Removing gd32f4xx_usart.o(i.usart_data_first_config), (20 bytes).
    Removing gd32f4xx_usart.o(i.usart_data_receive), (10 bytes).
    Removing gd32f4xx_usart.o(i.usart_data_transmit), (8 bytes).
    Removing gd32f4xx_usart.o(i.usart_deinit), (220 bytes).
    Removing gd32f4xx_usart.o(i.usart_disable), (10 bytes).
    Removing gd32f4xx_usart.o(i.usart_dma_receive_config), (20 bytes).
    Removing gd32f4xx_usart.o(i.usart_dma_transmit_config), (20 bytes).
    Removing gd32f4xx_usart.o(i.usart_enable), (10 bytes).
    Removing gd32f4xx_usart.o(i.usart_flag_clear), (26 bytes).
    Removing gd32f4xx_usart.o(i.usart_flag_get), (30 bytes).
    Removing gd32f4xx_usart.o(i.usart_guard_time_config), (24 bytes).
    Removing gd32f4xx_usart.o(i.usart_halfduplex_disable), (10 bytes).
    Removing gd32f4xx_usart.o(i.usart_halfduplex_enable), (10 bytes).
    Removing gd32f4xx_usart.o(i.usart_hardware_flow_coherence_config), (24 bytes).
    Removing gd32f4xx_usart.o(i.usart_hardware_flow_cts_config), (20 bytes).
    Removing gd32f4xx_usart.o(i.usart_hardware_flow_rts_config), (20 bytes).
    Removing gd32f4xx_usart.o(i.usart_interrupt_disable), (26 bytes).
    Removing gd32f4xx_usart.o(i.usart_interrupt_enable), (26 bytes).
    Removing gd32f4xx_usart.o(i.usart_interrupt_flag_clear), (26 bytes).
    Removing gd32f4xx_usart.o(i.usart_interrupt_flag_get), (56 bytes).
    Removing gd32f4xx_usart.o(i.usart_invert_config), (104 bytes).
    Removing gd32f4xx_usart.o(i.usart_irda_lowpower_config), (20 bytes).
    Removing gd32f4xx_usart.o(i.usart_irda_mode_disable), (10 bytes).
    Removing gd32f4xx_usart.o(i.usart_irda_mode_enable), (10 bytes).
    Removing gd32f4xx_usart.o(i.usart_lin_break_detection_length_config), (20 bytes).
    Removing gd32f4xx_usart.o(i.usart_lin_mode_disable), (10 bytes).
    Removing gd32f4xx_usart.o(i.usart_lin_mode_enable), (10 bytes).
    Removing gd32f4xx_usart.o(i.usart_mute_mode_disable), (10 bytes).
    Removing gd32f4xx_usart.o(i.usart_mute_mode_enable), (10 bytes).
    Removing gd32f4xx_usart.o(i.usart_mute_mode_wakeup_config), (16 bytes).
    Removing gd32f4xx_usart.o(i.usart_oversample_config), (16 bytes).
    Removing gd32f4xx_usart.o(i.usart_parity_check_coherence_config), (24 bytes).
    Removing gd32f4xx_usart.o(i.usart_parity_config), (16 bytes).
    Removing gd32f4xx_usart.o(i.usart_prescaler_config), (16 bytes).
    Removing gd32f4xx_usart.o(i.usart_receive_config), (16 bytes).
    Removing gd32f4xx_usart.o(i.usart_receiver_timeout_disable), (14 bytes).
    Removing gd32f4xx_usart.o(i.usart_receiver_timeout_enable), (14 bytes).
    Removing gd32f4xx_usart.o(i.usart_receiver_timeout_threshold_config), (20 bytes).
    Removing gd32f4xx_usart.o(i.usart_sample_bit_config), (16 bytes).
    Removing gd32f4xx_usart.o(i.usart_send_break), (10 bytes).
    Removing gd32f4xx_usart.o(i.usart_smartcard_autoretry_config), (26 bytes).
    Removing gd32f4xx_usart.o(i.usart_smartcard_mode_disable), (10 bytes).
    Removing gd32f4xx_usart.o(i.usart_smartcard_mode_enable), (10 bytes).
    Removing gd32f4xx_usart.o(i.usart_smartcard_mode_nack_disable), (10 bytes).
    Removing gd32f4xx_usart.o(i.usart_smartcard_mode_nack_enable), (10 bytes).
    Removing gd32f4xx_usart.o(i.usart_stop_bit_set), (16 bytes).
    Removing gd32f4xx_usart.o(i.usart_synchronous_clock_config), (30 bytes).
    Removing gd32f4xx_usart.o(i.usart_synchronous_clock_disable), (10 bytes).
    Removing gd32f4xx_usart.o(i.usart_synchronous_clock_enable), (10 bytes).
    Removing gd32f4xx_usart.o(i.usart_transmit_config), (16 bytes).
    Removing gd32f4xx_usart.o(i.usart_word_length_set), (16 bytes).
    Removing gd32f4xx_wwdgt.o(.rev16_text), (4 bytes).
    Removing gd32f4xx_wwdgt.o(.revsh_text), (4 bytes).
    Removing gd32f4xx_wwdgt.o(i.wwdgt_config), (28 bytes).
    Removing gd32f4xx_wwdgt.o(i.wwdgt_counter_update), (16 bytes).
    Removing gd32f4xx_wwdgt.o(i.wwdgt_deinit), (20 bytes).
    Removing gd32f4xx_wwdgt.o(i.wwdgt_enable), (20 bytes).
    Removing gd32f4xx_wwdgt.o(i.wwdgt_flag_clear), (12 bytes).
    Removing gd32f4xx_wwdgt.o(i.wwdgt_flag_get), (24 bytes).
    Removing gd32f4xx_wwdgt.o(i.wwdgt_interrupt_enable), (20 bytes).
    Removing e1.o(.rev16_text), (4 bytes).
    Removing e1.o(.revsh_text), (4 bytes).
    Removing e2.o(.rev16_text), (4 bytes).
    Removing e2.o(.revsh_text), (4 bytes).
    Removing e3.o(.rev16_text), (4 bytes).
    Removing e3.o(.revsh_text), (4 bytes).
    Removing e3.o(i.e3_curtain_init), (88 bytes).
    Removing e3.o(i.e3_curtain_position_get), (28 bytes).
    Removing e3.o(i.e3_curtain_position_set), (18 bytes).
    Removing e3.o(i.e3_curtain_status_get), (28 bytes).
    Removing e3.o(.constdata), (12 bytes).
    Removing e3.o(.data), (8 bytes).
    Removing i2c.o(.rev16_text), (4 bytes).
    Removing i2c.o(.revsh_text), (4 bytes).
    Removing i2c.o(.constdata), (8 bytes).
    Removing s1.o(.rev16_text), (4 bytes).
    Removing s1.o(.revsh_text), (4 bytes).
    Removing s2.o(.rev16_text), (4 bytes).
    Removing s2.o(.revsh_text), (4 bytes).
    Removing s2.o(i.s2_sht3x_crc_cal), (56 bytes).
    Removing s2.o(i.s2_sht3x_init), (16 bytes).
    Removing s2.o(i.s2_ths_init), (96 bytes).
    Removing s2.o(i.s2_ths_value_get), (256 bytes).
    Removing s5.o(.rev16_text), (4 bytes).
    Removing s5.o(.revsh_text), (4 bytes).
    Removing s5.o(i.s5_ms523_crc_calc), (146 bytes).
    Removing s5.o(i.s5_nfc_auth), (132 bytes).
    Removing s5.o(i.s5_nfc_halt), (64 bytes).
    Removing s5.o(i.s5_nfc_read), (100 bytes).
    Removing s5.o(i.s5_nfc_select), (134 bytes).
    Removing s5.o(i.s5_nfc_write), (178 bytes).
    Removing s6.o(.rev16_text), (4 bytes).
    Removing s6.o(.revsh_text), (4 bytes).
    Removing s6.o(i.s6_ultrasonic_distance_get), (46 bytes).
    Removing s6.o(i.s6_ultrasonic_init), (88 bytes).
    Removing s6.o(.constdata), (12 bytes).
    Removing s6.o(.data), (8 bytes).
    Removing s7.o(.rev16_text), (4 bytes).
    Removing s7.o(.revsh_text), (4 bytes).
    Removing s8.o(.rev16_text), (4 bytes).
    Removing s8.o(.revsh_text), (4 bytes).
    Removing s8.o(i.s8_sht3x_crc_cal), (56 bytes).
    Removing s8.o(i.s8_sht3x_init), (16 bytes).
    Removing s8.o(i.s8_ths_init), (96 bytes).
    Removing s8.o(i.s8_ths_value_get), (256 bytes).
    Removing s8.o(.constdata), (10 bytes).
    Removing s8.o(.data), (8 bytes).
    Removing s11.o(.rev16_text), (4 bytes).
    Removing s11.o(.revsh_text), (4 bytes).
    Removing s11.o(i.s11_scale_init), (88 bytes).
    Removing s11.o(i.s11_scale_weight_get), (52 bytes).
    Removing s11.o(.constdata), (12 bytes).
    Removing s11.o(.data), (8 bytes).
    Removing u1.o(.rev16_text), (4 bytes).
    Removing u1.o(.revsh_text), (4 bytes).
    Removing u1.o(i.u1_delay_ms), (26 bytes).
    Removing u1.o(i.u1_led_init), (48 bytes).
    Removing u1.o(i.u1_led_off), (16 bytes).
    Removing u1.o(i.u1_led_on), (16 bytes).
    Removing u1.o(i.u1_led_toggle), (16 bytes).
    Removing u1.o(i.u1_timer0_init), (96 bytes).
    Removing main.o(.rev16_text), (4 bytes).
    Removing main.o(.revsh_text), (4 bytes).
    Removing dadd.o(.text), (334 bytes).
    Removing ddiv.o(.text), (222 bytes).
    Removing dfltui.o(.text), (26 bytes).
    Removing dfixul.o(.text), (48 bytes).
    Removing cdrcmple.o(.text), (48 bytes).

966 unused section(s) (total 58522 bytes) removed from the image.

==============================================================================

Image Symbol Table

    Local Symbols

    Symbol Name                              Value     Ov Type        Size  Object(Section)

    ../clib/microlib/division.c              0x00000000   Number         0  uidiv.o ABSOLUTE
    ../clib/microlib/division.c              0x00000000   Number         0  uldiv.o ABSOLUTE
    ../clib/microlib/errno.c                 0x00000000   Number         0  errno.o ABSOLUTE
    ../clib/microlib/init/entry.s            0x00000000   Number         0  entry10a.o ABSOLUTE
    ../clib/microlib/init/entry.s            0x00000000   Number         0  entry5.o ABSOLUTE
    ../clib/microlib/init/entry.s            0x00000000   Number         0  entry7b.o ABSOLUTE
    ../clib/microlib/init/entry.s            0x00000000   Number         0  entry12a.o ABSOLUTE
    ../clib/microlib/init/entry.s            0x00000000   Number         0  entry8a.o ABSOLUTE
    ../clib/microlib/init/entry.s            0x00000000   Number         0  entry7a.o ABSOLUTE
    ../clib/microlib/init/entry.s            0x00000000   Number         0  entry8b.o ABSOLUTE
    ../clib/microlib/init/entry.s            0x00000000   Number         0  entry9a.o ABSOLUTE
    ../clib/microlib/init/entry.s            0x00000000   Number         0  entry9b.o ABSOLUTE
    ../clib/microlib/init/entry.s            0x00000000   Number         0  entry.o ABSOLUTE
    ../clib/microlib/init/entry.s            0x00000000   Number         0  entry12b.o ABSOLUTE
    ../clib/microlib/init/entry.s            0x00000000   Number         0  entry10b.o ABSOLUTE
    ../clib/microlib/init/entry.s            0x00000000   Number         0  entry11a.o ABSOLUTE
    ../clib/microlib/init/entry.s            0x00000000   Number         0  entry2.o ABSOLUTE
    ../clib/microlib/init/entry.s            0x00000000   Number         0  entry11b.o ABSOLUTE
    ../clib/microlib/longlong.c              0x00000000   Number         0  llsshr.o ABSOLUTE
    ../clib/microlib/longlong.c              0x00000000   Number         0  llushr.o ABSOLUTE
    ../clib/microlib/longlong.c              0x00000000   Number         0  llshl.o ABSOLUTE
    ../clib/microlib/printf/printf.c         0x00000000   Number         0  printf3.o ABSOLUTE
    ../clib/microlib/printf/printf.c         0x00000000   Number         0  printf4.o ABSOLUTE
    ../clib/microlib/printf/printf.c         0x00000000   Number         0  printf5.o ABSOLUTE
    ../clib/microlib/printf/printf.c         0x00000000   Number         0  printf6.o ABSOLUTE
    ../clib/microlib/printf/printf.c         0x00000000   Number         0  printf7.o ABSOLUTE
    ../clib/microlib/printf/printf.c         0x00000000   Number         0  printf8.o ABSOLUTE
    ../clib/microlib/printf/printf.c         0x00000000   Number         0  printfa.o ABSOLUTE
    ../clib/microlib/printf/printf.c         0x00000000   Number         0  printfb.o ABSOLUTE
    ../clib/microlib/printf/printf.c         0x00000000   Number         0  printf1.o ABSOLUTE
    ../clib/microlib/printf/printf.c         0x00000000   Number         0  printf0.o ABSOLUTE
    ../clib/microlib/printf/printf.c         0x00000000   Number         0  printf2.o ABSOLUTE
    ../clib/microlib/printf/stubs.s          0x00000000   Number         0  stubs.o ABSOLUTE
    ../clib/microlib/stdio/fputc.c           0x00000000   Number         0  fputc.o ABSOLUTE
    ../clib/microlib/stdio/semi.s            0x00000000   Number         0  semi.o ABSOLUTE
    ../clib/microlib/stdio/streams.c         0x00000000   Number         0  stdout.o ABSOLUTE
    ../clib/microlib/string/memcmp.c         0x00000000   Number         0  memcmp.o ABSOLUTE
    ../clib/microlib/string/memcpy.c         0x00000000   Number         0  memcpya.o ABSOLUTE
    ../clib/microlib/string/memcpy.c         0x00000000   Number         0  memcpyb.o ABSOLUTE
    ../clib/microlib/string/strlen.c         0x00000000   Number         0  strlen.o ABSOLUTE
    ../clib/microlib/stubs.s                 0x00000000   Number         0  iusesemip.o ABSOLUTE
    ../clib/microlib/stubs.s                 0x00000000   Number         0  iusefp.o ABSOLUTE
    ../fplib/microlib/d2f.c                  0x00000000   Number         0  d2f.o ABSOLUTE
    ../fplib/microlib/fpadd.c                0x00000000   Number         0  dadd.o ABSOLUTE
    ../fplib/microlib/fpdiv.c                0x00000000   Number         0  ddiv.o ABSOLUTE
    ../fplib/microlib/fpepilogue.c           0x00000000   Number         0  depilogue.o ABSOLUTE
    ../fplib/microlib/fpepilogue.c           0x00000000   Number         0  fepilogue.o ABSOLUTE
    ../fplib/microlib/fpfix.c                0x00000000   Number         0  dfixul.o ABSOLUTE
    ../fplib/microlib/fpflt.c                0x00000000   Number         0  dfltui.o ABSOLUTE
    ../fplib/microlib/fpflt.c                0x00000000   Number         0  dflti.o ABSOLUTE
    ../fplib/microlib/fpmul.c                0x00000000   Number         0  dmul.o ABSOLUTE
    ../mathlib/sqrtf.c                       0x00000000   Number         0  sqrtf.o ABSOLUTE
    ../mathlib/sqrtf.c                       0x00000000   Number         0  sqrtf_x.o ABSOLUTE
    ..\Application\src\main.c                0x00000000   Number         0  main.o ABSOLUTE
    ..\BSP\src\delay.c                       0x00000000   Number         0  delay.o ABSOLUTE
    ..\BSP\src\e1.c                          0x00000000   Number         0  e1.o ABSOLUTE
    ..\BSP\src\e2.c                          0x00000000   Number         0  e2.o ABSOLUTE
    ..\BSP\src\e3.c                          0x00000000   Number         0  e3.o ABSOLUTE
    ..\BSP\src\i2c.c                         0x00000000   Number         0  i2c.o ABSOLUTE
    ..\BSP\src\s1.c                          0x00000000   Number         0  s1.o ABSOLUTE
    ..\BSP\src\s11.c                         0x00000000   Number         0  s11.o ABSOLUTE
    ..\BSP\src\s2.c                          0x00000000   Number         0  s2.o ABSOLUTE
    ..\BSP\src\s5.c                          0x00000000   Number         0  s5.o ABSOLUTE
    ..\BSP\src\s6.c                          0x00000000   Number         0  s6.o ABSOLUTE
    ..\BSP\src\s7.c                          0x00000000   Number         0  s7.o ABSOLUTE
    ..\BSP\src\s8.c                          0x00000000   Number         0  s8.o ABSOLUTE
    ..\BSP\src\u1.c                          0x00000000   Number         0  u1.o ABSOLUTE
    ..\CMSIS\gd32f4xx\src\system_gd32f4xx.c  0x00000000   Number         0  system_gd32f4xx.o ABSOLUTE
    ..\Peripherals\src\gd32f4xx_adc.c        0x00000000   Number         0  gd32f4xx_adc.o ABSOLUTE
    ..\Peripherals\src\gd32f4xx_can.c        0x00000000   Number         0  gd32f4xx_can.o ABSOLUTE
    ..\Peripherals\src\gd32f4xx_crc.c        0x00000000   Number         0  gd32f4xx_crc.o ABSOLUTE
    ..\Peripherals\src\gd32f4xx_ctc.c        0x00000000   Number         0  gd32f4xx_ctc.o ABSOLUTE
    ..\Peripherals\src\gd32f4xx_dac.c        0x00000000   Number         0  gd32f4xx_dac.o ABSOLUTE
    ..\Peripherals\src\gd32f4xx_dbg.c        0x00000000   Number         0  gd32f4xx_dbg.o ABSOLUTE
    ..\Peripherals\src\gd32f4xx_dci.c        0x00000000   Number         0  gd32f4xx_dci.o ABSOLUTE
    ..\Peripherals\src\gd32f4xx_dma.c        0x00000000   Number         0  gd32f4xx_dma.o ABSOLUTE
    ..\Peripherals\src\gd32f4xx_enet.c       0x00000000   Number         0  gd32f4xx_enet.o ABSOLUTE
    ..\Peripherals\src\gd32f4xx_exmc.c       0x00000000   Number         0  gd32f4xx_exmc.o ABSOLUTE
    ..\Peripherals\src\gd32f4xx_exti.c       0x00000000   Number         0  gd32f4xx_exti.o ABSOLUTE
    ..\Peripherals\src\gd32f4xx_fmc.c        0x00000000   Number         0  gd32f4xx_fmc.o ABSOLUTE
    ..\Peripherals\src\gd32f4xx_fwdgt.c      0x00000000   Number         0  gd32f4xx_fwdgt.o ABSOLUTE
    ..\Peripherals\src\gd32f4xx_gpio.c       0x00000000   Number         0  gd32f4xx_gpio.o ABSOLUTE
    ..\Peripherals\src\gd32f4xx_i2c.c        0x00000000   Number         0  gd32f4xx_i2c.o ABSOLUTE
    ..\Peripherals\src\gd32f4xx_ipa.c        0x00000000   Number         0  gd32f4xx_ipa.o ABSOLUTE
    ..\Peripherals\src\gd32f4xx_iref.c       0x00000000   Number         0  gd32f4xx_iref.o ABSOLUTE
    ..\Peripherals\src\gd32f4xx_misc.c       0x00000000   Number         0  gd32f4xx_misc.o ABSOLUTE
    ..\Peripherals\src\gd32f4xx_pmu.c        0x00000000   Number         0  gd32f4xx_pmu.o ABSOLUTE
    ..\Peripherals\src\gd32f4xx_rcu.c        0x00000000   Number         0  gd32f4xx_rcu.o ABSOLUTE
    ..\Peripherals\src\gd32f4xx_rtc.c        0x00000000   Number         0  gd32f4xx_rtc.o ABSOLUTE
    ..\Peripherals\src\gd32f4xx_sdio.c       0x00000000   Number         0  gd32f4xx_sdio.o ABSOLUTE
    ..\Peripherals\src\gd32f4xx_spi.c        0x00000000   Number         0  gd32f4xx_spi.o ABSOLUTE
    ..\Peripherals\src\gd32f4xx_syscfg.c     0x00000000   Number         0  gd32f4xx_syscfg.o ABSOLUTE
    ..\Peripherals\src\gd32f4xx_timer.c      0x00000000   Number         0  gd32f4xx_timer.o ABSOLUTE
    ..\Peripherals\src\gd32f4xx_tli.c        0x00000000   Number         0  gd32f4xx_tli.o ABSOLUTE
    ..\Peripherals\src\gd32f4xx_trng.c       0x00000000   Number         0  gd32f4xx_trng.o ABSOLUTE
    ..\Peripherals\src\gd32f4xx_usart.c      0x00000000   Number         0  gd32f4xx_usart.o ABSOLUTE
    ..\Peripherals\src\gd32f4xx_wwdgt.c      0x00000000   Number         0  gd32f4xx_wwdgt.o ABSOLUTE
    ..\Startup\startup_gd32f450_470.s        0x00000000   Number         0  startup_gd32f450_470.o ABSOLUTE
    ..\\Application\\src\\main.c             0x00000000   Number         0  main.o ABSOLUTE
    ..\\BSP\\src\\e1.c                       0x00000000   Number         0  e1.o ABSOLUTE
    ..\\BSP\\src\\e2.c                       0x00000000   Number         0  e2.o ABSOLUTE
    ..\\BSP\\src\\e3.c                       0x00000000   Number         0  e3.o ABSOLUTE
    ..\\BSP\\src\\i2c.c                      0x00000000   Number         0  i2c.o ABSOLUTE
    ..\\BSP\\src\\s1.c                       0x00000000   Number         0  s1.o ABSOLUTE
    ..\\BSP\\src\\s11.c                      0x00000000   Number         0  s11.o ABSOLUTE
    ..\\BSP\\src\\s2.c                       0x00000000   Number         0  s2.o ABSOLUTE
    ..\\BSP\\src\\s5.c                       0x00000000   Number         0  s5.o ABSOLUTE
    ..\\BSP\\src\\s6.c                       0x00000000   Number         0  s6.o ABSOLUTE
    ..\\BSP\\src\\s7.c                       0x00000000   Number         0  s7.o ABSOLUTE
    ..\\BSP\\src\\s8.c                       0x00000000   Number         0  s8.o ABSOLUTE
    ..\\BSP\\src\\u1.c                       0x00000000   Number         0  u1.o ABSOLUTE
    ..\\CMSIS\\gd32f4xx\\src\\system_gd32f4xx.c 0x00000000   Number         0  system_gd32f4xx.o ABSOLUTE
    ..\\Peripherals\\src\\gd32f4xx_adc.c     0x00000000   Number         0  gd32f4xx_adc.o ABSOLUTE
    ..\\Peripherals\\src\\gd32f4xx_can.c     0x00000000   Number         0  gd32f4xx_can.o ABSOLUTE
    ..\\Peripherals\\src\\gd32f4xx_crc.c     0x00000000   Number         0  gd32f4xx_crc.o ABSOLUTE
    ..\\Peripherals\\src\\gd32f4xx_ctc.c     0x00000000   Number         0  gd32f4xx_ctc.o ABSOLUTE
    ..\\Peripherals\\src\\gd32f4xx_dac.c     0x00000000   Number         0  gd32f4xx_dac.o ABSOLUTE
    ..\\Peripherals\\src\\gd32f4xx_dbg.c     0x00000000   Number         0  gd32f4xx_dbg.o ABSOLUTE
    ..\\Peripherals\\src\\gd32f4xx_dci.c     0x00000000   Number         0  gd32f4xx_dci.o ABSOLUTE
    ..\\Peripherals\\src\\gd32f4xx_dma.c     0x00000000   Number         0  gd32f4xx_dma.o ABSOLUTE
    ..\\Peripherals\\src\\gd32f4xx_enet.c    0x00000000   Number         0  gd32f4xx_enet.o ABSOLUTE
    ..\\Peripherals\\src\\gd32f4xx_exmc.c    0x00000000   Number         0  gd32f4xx_exmc.o ABSOLUTE
    ..\\Peripherals\\src\\gd32f4xx_exti.c    0x00000000   Number         0  gd32f4xx_exti.o ABSOLUTE
    ..\\Peripherals\\src\\gd32f4xx_fmc.c     0x00000000   Number         0  gd32f4xx_fmc.o ABSOLUTE
    ..\\Peripherals\\src\\gd32f4xx_fwdgt.c   0x00000000   Number         0  gd32f4xx_fwdgt.o ABSOLUTE
    ..\\Peripherals\\src\\gd32f4xx_gpio.c    0x00000000   Number         0  gd32f4xx_gpio.o ABSOLUTE
    ..\\Peripherals\\src\\gd32f4xx_i2c.c     0x00000000   Number         0  gd32f4xx_i2c.o ABSOLUTE
    ..\\Peripherals\\src\\gd32f4xx_ipa.c     0x00000000   Number         0  gd32f4xx_ipa.o ABSOLUTE
    ..\\Peripherals\\src\\gd32f4xx_iref.c    0x00000000   Number         0  gd32f4xx_iref.o ABSOLUTE
    ..\\Peripherals\\src\\gd32f4xx_misc.c    0x00000000   Number         0  gd32f4xx_misc.o ABSOLUTE
    ..\\Peripherals\\src\\gd32f4xx_pmu.c     0x00000000   Number         0  gd32f4xx_pmu.o ABSOLUTE
    ..\\Peripherals\\src\\gd32f4xx_rcu.c     0x00000000   Number         0  gd32f4xx_rcu.o ABSOLUTE
    ..\\Peripherals\\src\\gd32f4xx_rtc.c     0x00000000   Number         0  gd32f4xx_rtc.o ABSOLUTE
    ..\\Peripherals\\src\\gd32f4xx_sdio.c    0x00000000   Number         0  gd32f4xx_sdio.o ABSOLUTE
    ..\\Peripherals\\src\\gd32f4xx_spi.c     0x00000000   Number         0  gd32f4xx_spi.o ABSOLUTE
    ..\\Peripherals\\src\\gd32f4xx_syscfg.c  0x00000000   Number         0  gd32f4xx_syscfg.o ABSOLUTE
    ..\\Peripherals\\src\\gd32f4xx_timer.c   0x00000000   Number         0  gd32f4xx_timer.o ABSOLUTE
    ..\\Peripherals\\src\\gd32f4xx_tli.c     0x00000000   Number         0  gd32f4xx_tli.o ABSOLUTE
    ..\\Peripherals\\src\\gd32f4xx_trng.c    0x00000000   Number         0  gd32f4xx_trng.o ABSOLUTE
    ..\\Peripherals\\src\\gd32f4xx_usart.c   0x00000000   Number         0  gd32f4xx_usart.o ABSOLUTE
    ..\\Peripherals\\src\\gd32f4xx_wwdgt.c   0x00000000   Number         0  gd32f4xx_wwdgt.o ABSOLUTE
    cdrcmple.s                               0x00000000   Number         0  cdrcmple.o ABSOLUTE
    dc.s                                     0x00000000   Number         0  dc.o ABSOLUTE
    handlers.s                               0x00000000   Number         0  handlers.o ABSOLUTE
    init.s                                   0x00000000   Number         0  init.o ABSOLUTE
    RESET                                    0x08000000   Section      428  startup_gd32f450_470.o(RESET)
    .ARM.Collect$$$$00000000                 0x080001ac   Section        0  entry.o(.ARM.Collect$$$$00000000)
    .ARM.Collect$$$$00000001                 0x080001ac   Section        4  entry2.o(.ARM.Collect$$$$00000001)
    .ARM.Collect$$$$00000004                 0x080001b0   Section        4  entry5.o(.ARM.Collect$$$$00000004)
    .ARM.Collect$$$$00000008                 0x080001b4   Section        0  entry7b.o(.ARM.Collect$$$$00000008)
    .ARM.Collect$$$$0000000A                 0x080001b4   Section        0  entry8b.o(.ARM.Collect$$$$0000000A)
    .ARM.Collect$$$$0000000B                 0x080001b4   Section        8  entry9a.o(.ARM.Collect$$$$0000000B)
    .ARM.Collect$$$$0000000E                 0x080001bc   Section        4  entry12b.o(.ARM.Collect$$$$0000000E)
    .ARM.Collect$$$$0000000F                 0x080001c0   Section        0  entry10a.o(.ARM.Collect$$$$0000000F)
    .ARM.Collect$$$$00000011                 0x080001c0   Section        0  entry11a.o(.ARM.Collect$$$$00000011)
    .ARM.Collect$$$$00002712                 0x080001c0   Section        4  entry2.o(.ARM.Collect$$$$00002712)
    __lit__00000000                          0x080001c0   Data           4  entry2.o(.ARM.Collect$$$$00002712)
    .text                                    0x080001c4   Section       36  startup_gd32f450_470.o(.text)
    $v0                                      0x080001c4   Number         0  startup_gd32f450_470.o(.text)
    .text                                    0x080001e8   Section        0  memcpya.o(.text)
    .text                                    0x0800020c   Section        0  strlen.o(.text)
    .text                                    0x0800021a   Section        0  memcmp.o(.text)
    .text                                    0x08000234   Section        0  dmul.o(.text)
    .text                                    0x08000318   Section        0  dflti.o(.text)
    .text                                    0x0800033a   Section        0  d2f.o(.text)
    .text                                    0x08000372   Section        0  uldiv.o(.text)
    .text                                    0x080003d4   Section        0  llshl.o(.text)
    .text                                    0x080003f2   Section        0  iusefp.o(.text)
    .text                                    0x080003f2   Section        0  fepilogue.o(.text)
    .text                                    0x08000460   Section        0  depilogue.o(.text)
    .text                                    0x0800051c   Section       36  init.o(.text)
    .text                                    0x08000540   Section        0  llushr.o(.text)
    i.SystemInit                             0x08000560   Section        0  system_gd32f4xx.o(i.SystemInit)
    i.__0sprintf$8                           0x08000634   Section        0  printf8.o(i.__0sprintf$8)
    i.__hardfp_sqrtf                         0x0800065c   Section        0  sqrtf.o(i.__hardfp_sqrtf)
    i.__scatterload_copy                     0x08000696   Section       14  handlers.o(i.__scatterload_copy)
    i.__scatterload_null                     0x080006a4   Section        2  handlers.o(i.__scatterload_null)
    i.__scatterload_zeroinit                 0x080006a6   Section       14  handlers.o(i.__scatterload_zeroinit)
    i.__set_errno                            0x080006b4   Section        0  errno.o(i.__set_errno)
    i._printf_core                           0x080006c0   Section        0  printf8.o(i._printf_core)
    _printf_core                             0x080006c1   Thumb Code   984  printf8.o(i._printf_core)
    i._printf_post_padding                   0x08000ac4   Section        0  printf8.o(i._printf_post_padding)
    _printf_post_padding                     0x08000ac5   Thumb Code    36  printf8.o(i._printf_post_padding)
    i._printf_pre_padding                    0x08000ae8   Section        0  printf8.o(i._printf_pre_padding)
    _printf_pre_padding                      0x08000ae9   Thumb Code    46  printf8.o(i._printf_pre_padding)
    i._sputc                                 0x08000b16   Section        0  printf8.o(i._sputc)
    _sputc                                   0x08000b17   Thumb Code    10  printf8.o(i._sputc)
    i.delay_ms                               0x08000b20   Section        0  delay.o(i.delay_ms)
    i.e1_ht16k33_chr_set                     0x08000b3c   Section        0  e1.o(i.e1_ht16k33_chr_set)
    e1_ht16k33_chr_set                       0x08000b3d   Thumb Code   202  e1.o(i.e1_ht16k33_chr_set)
    i.e1_ht16k33_init                        0x08000c0c   Section        0  e1.o(i.e1_ht16k33_init)
    e1_ht16k33_init                          0x08000c0d   Thumb Code   120  e1.o(i.e1_ht16k33_init)
    i.e1_ht16k33_raw_set                     0x08000c84   Section        0  e1.o(i.e1_ht16k33_raw_set)
    e1_ht16k33_raw_set                       0x08000c85   Thumb Code   186  e1.o(i.e1_ht16k33_raw_set)
    i.e1_led_init                            0x08000d40   Section        0  e1.o(i.e1_led_init)
    i.e1_led_rgb_set                         0x08000da0   Section        0  e1.o(i.e1_led_rgb_set)
    i.e1_pca9685_init                        0x08000df6   Section        0  e1.o(i.e1_pca9685_init)
    e1_pca9685_init                          0x08000df7   Thumb Code    16  e1.o(i.e1_pca9685_init)
    i.e1_pca9685_pwm_set                     0x08000e06   Section        0  e1.o(i.e1_pca9685_pwm_set)
    e1_pca9685_pwm_set                       0x08000e07   Thumb Code    74  e1.o(i.e1_pca9685_pwm_set)
    i.e1_tube_init                           0x08000e50   Section        0  e1.o(i.e1_tube_init)
    i.e1_tube_str_set                        0x08000eb0   Section        0  e1.o(i.e1_tube_str_set)
    i.e2_fan_init                            0x08000fb8   Section        0  e2.o(i.e2_fan_init)
    i.e2_fan_speed_set                       0x08001018   Section        0  e2.o(i.e2_fan_speed_set)
    i.e2_pca9685_init                        0x08001044   Section        0  e2.o(i.e2_pca9685_init)
    e2_pca9685_init                          0x08001045   Thumb Code    16  e2.o(i.e2_pca9685_init)
    i.e2_pca9685_pwm_set                     0x08001054   Section        0  e2.o(i.e2_pca9685_pwm_set)
    e2_pca9685_pwm_set                       0x08001055   Thumb Code    74  e2.o(i.e2_pca9685_pwm_set)
    i.gpio_af_set                            0x0800109e   Section        0  gd32f4xx_gpio.o(i.gpio_af_set)
    i.gpio_mode_set                          0x080010fc   Section        0  gd32f4xx_gpio.o(i.gpio_mode_set)
    i.gpio_output_options_set                0x0800114a   Section        0  gd32f4xx_gpio.o(i.gpio_output_options_set)
    i.handle_inputs                          0x0800118c   Section        0  main.o(i.handle_inputs)
    i.handle_keypad_input                    0x0800127c   Section        0  main.o(i.handle_keypad_input)
    i.hardware_init                          0x080013c0   Section        0  main.o(i.hardware_init)
    i.i2c0_gpio_config                       0x08001470   Section        0  i2c.o(i.i2c0_gpio_config)
    i2c0_gpio_config                         0x08001471   Thumb Code    92  i2c.o(i.i2c0_gpio_config)
    i.i2c0_parm_config                       0x080014d0   Section        0  i2c.o(i.i2c0_parm_config)
    i2c0_parm_config                         0x080014d1   Thumb Code    50  i2c.o(i.i2c0_parm_config)
    i.i2c1_gpio_config                       0x0800150c   Section        0  i2c.o(i.i2c1_gpio_config)
    i2c1_gpio_config                         0x0800150d   Thumb Code    80  i2c.o(i.i2c1_gpio_config)
    i.i2c1_parm_config                       0x08001560   Section        0  i2c.o(i.i2c1_parm_config)
    i2c1_parm_config                         0x08001561   Thumb Code    50  i2c.o(i.i2c1_parm_config)
    i.i2c_ack_config                         0x0800159c   Section        0  gd32f4xx_i2c.o(i.i2c_ack_config)
    i.i2c_ackpos_config                      0x080015ac   Section        0  gd32f4xx_i2c.o(i.i2c_ackpos_config)
    i.i2c_byte_write                         0x080015bc   Section        0  i2c.o(i.i2c_byte_write)
    i.i2c_bytes_read                         0x0800165c   Section        0  i2c.o(i.i2c_bytes_read)
    i.i2c_clock_config                       0x08001758   Section        0  gd32f4xx_i2c.o(i.i2c_clock_config)
    i.i2c_data_receive                       0x0800183c   Section        0  gd32f4xx_i2c.o(i.i2c_data_receive)
    i.i2c_data_transmit                      0x08001844   Section        0  gd32f4xx_i2c.o(i.i2c_data_transmit)
    i.i2c_delay_ms                           0x0800184a   Section        0  i2c.o(i.i2c_delay_ms)
    i.i2c_enable                             0x08001864   Section        0  gd32f4xx_i2c.o(i.i2c_enable)
    i.i2c_flag_clear                         0x0800186e   Section        0  gd32f4xx_i2c.o(i.i2c_flag_clear)
    i.i2c_flag_get                           0x08001896   Section        0  gd32f4xx_i2c.o(i.i2c_flag_get)
    i.i2c_init                               0x080018b4   Section        0  i2c.o(i.i2c_init)
    i.i2c_master_addressing                  0x080018ce   Section        0  gd32f4xx_i2c.o(i.i2c_master_addressing)
    i.i2c_mode_addr_config                   0x080018e2   Section        0  gd32f4xx_i2c.o(i.i2c_mode_addr_config)
    i.i2c_reg_byte_write                     0x08001900   Section        0  i2c.o(i.i2c_reg_byte_write)
    i.i2c_reg_bytes_read                     0x080019d0   Section        0  i2c.o(i.i2c_reg_bytes_read)
    i.i2c_reg_bytes_write                    0x08001b4c   Section        0  i2c.o(i.i2c_reg_bytes_write)
    i.i2c_slave_detect                       0x08001c2c   Section        0  i2c.o(i.i2c_slave_detect)
    i.i2c_start_on_bus                       0x08001cd0   Section        0  gd32f4xx_i2c.o(i.i2c_start_on_bus)
    i.i2c_stop_on_bus                        0x08001cda   Section        0  gd32f4xx_i2c.o(i.i2c_stop_on_bus)
    i.load_task_mode                         0x08001ce4   Section        0  main.o(i.load_task_mode)
    i.main                                   0x08001dbc   Section        0  main.o(i.main)
    i.perform_continuous_checks              0x08001de8   Section        0  main.o(i.perform_continuous_checks)
    i.rcu_clock_freq_get                     0x08001ec4   Section        0  gd32f4xx_rcu.o(i.rcu_clock_freq_get)
    i.rcu_periph_clock_enable                0x08001fe8   Section        0  gd32f4xx_rcu.o(i.rcu_periph_clock_enable)
    i.s1_ht16k33_init                        0x0800200c   Section        0  s1.o(i.s1_ht16k33_init)
    s1_ht16k33_init                          0x0800200d   Thumb Code    14  s1.o(i.s1_ht16k33_init)
    i.s1_key_init                            0x0800201c   Section        0  s1.o(i.s1_key_init)
    i.s1_key_value_get                       0x0800207c   Section        0  s1.o(i.s1_key_value_get)
    i.s2_bh1750_init                         0x08002144   Section        0  s2.o(i.s2_bh1750_init)
    s2_bh1750_init                           0x08002145   Thumb Code    14  s2.o(i.s2_bh1750_init)
    i.s2_icm20608_init                       0x08002152   Section        0  s2.o(i.s2_icm20608_init)
    s2_icm20608_init                         0x08002153   Thumb Code   136  s2.o(i.s2_icm20608_init)
    i.s2_illuminance_init                    0x080021dc   Section        0  s2.o(i.s2_illuminance_init)
    i.s2_illuminance_value_get               0x0800223c   Section        0  s2.o(i.s2_illuminance_value_get)
    i.s2_imu_init                            0x0800227c   Section        0  s2.o(i.s2_imu_init)
    i.s2_imu_value_get                       0x080022dc   Section        0  s2.o(i.s2_imu_value_get)
    i.s5_ms523_antenna_off                   0x08002448   Section        0  s5.o(i.s5_ms523_antenna_off)
    s5_ms523_antenna_off                     0x08002449   Thumb Code    16  s5.o(i.s5_ms523_antenna_off)
    i.s5_ms523_antenna_on                    0x08002458   Section        0  s5.o(i.s5_ms523_antenna_on)
    s5_ms523_antenna_on                      0x08002459   Thumb Code    46  s5.o(i.s5_ms523_antenna_on)
    i.s5_ms523_bit_clear                     0x08002486   Section        0  s5.o(i.s5_ms523_bit_clear)
    s5_ms523_bit_clear                       0x08002487   Thumb Code    50  s5.o(i.s5_ms523_bit_clear)
    i.s5_ms523_bit_set                       0x080024b8   Section        0  s5.o(i.s5_ms523_bit_set)
    s5_ms523_bit_set                         0x080024b9   Thumb Code    50  s5.o(i.s5_ms523_bit_set)
    i.s5_ms523_comm                          0x080024ea   Section        0  s5.o(i.s5_ms523_comm)
    s5_ms523_comm                            0x080024eb   Thumb Code   416  s5.o(i.s5_ms523_comm)
    i.s5_ms523_init                          0x0800268a   Section        0  s5.o(i.s5_ms523_init)
    s5_ms523_init                            0x0800268b   Thumb Code    44  s5.o(i.s5_ms523_init)
    i.s5_ms523_reset                         0x080026b6   Section        0  s5.o(i.s5_ms523_reset)
    s5_ms523_reset                           0x080026b7   Thumb Code   118  s5.o(i.s5_ms523_reset)
    i.s5_ms523_type_config                   0x0800272c   Section        0  s5.o(i.s5_ms523_type_config)
    s5_ms523_type_config                     0x0800272d   Thumb Code   128  s5.o(i.s5_ms523_type_config)
    i.s5_nfc_anticoll                        0x080027ac   Section        0  s5.o(i.s5_nfc_anticoll)
    i.s5_nfc_init                            0x08002834   Section        0  s5.o(i.s5_nfc_init)
    i.s5_nfc_request                         0x08002894   Section        0  s5.o(i.s5_nfc_request)
    i.s7_ir_init                             0x08002900   Section        0  s7.o(i.s7_ir_init)
    i.s7_ir_status_get                       0x08002960   Section        0  s7.o(i.s7_ir_status_get)
    i.s7_pca9557_init                        0x0800298a   Section        0  s7.o(i.s7_pca9557_init)
    s7_pca9557_init                          0x0800298b   Thumb Code    28  s7.o(i.s7_pca9557_init)
    i.start_focus_mode                       0x080029a8   Section        0  main.o(i.start_focus_mode)
    i.start_rest_mode                        0x08002a44   Section        0  main.o(i.start_rest_mode)
    i.system_clock_200m_25m_hxtal            0x08002a70   Section        0  system_gd32f4xx.o(i.system_clock_200m_25m_hxtal)
    system_clock_200m_25m_hxtal              0x08002a71   Thumb Code   240  system_gd32f4xx.o(i.system_clock_200m_25m_hxtal)
    i.system_clock_config                    0x08002b6c   Section        0  system_gd32f4xx.o(i.system_clock_config)
    system_clock_config                      0x08002b6d   Thumb Code     8  system_gd32f4xx.o(i.system_clock_config)
    i.update_display                         0x08002b74   Section        0  main.o(i.update_display)
    i.update_state_machine                   0x08002d1c   Section        0  main.o(i.update_state_machine)
    .constdata                               0x08002dd0   Section       92  e1.o(.constdata)
    I2C_PERIPH_NUM                           0x08002dd0   Data           8  e1.o(.constdata)
    E1_PCA9685_ADDR                          0x08002dd8   Data           4  e1.o(.constdata)
    E1_HT16K33_ADDR                          0x08002ddc   Data           4  e1.o(.constdata)
    chr_code                                 0x08002de0   Data          76  e1.o(.constdata)
    .constdata                               0x08002e2c   Section       12  e2.o(.constdata)
    I2C_PERIPH_NUM                           0x08002e2c   Data           8  e2.o(.constdata)
    E2_PCA9685_ADDR                          0x08002e34   Data           4  e2.o(.constdata)
    .constdata                               0x08002e38   Section       12  s1.o(.constdata)
    I2C_PERIPH_NUM                           0x08002e38   Data           8  s1.o(.constdata)
    S1_HT16K33_ADDR                          0x08002e40   Data           4  s1.o(.constdata)
    .constdata                               0x08002e44   Section       14  s2.o(.constdata)
    I2C_PERIPH_NUM                           0x08002e44   Data           8  s2.o(.constdata)
    S2_BH1750_ADDR                           0x08002e4c   Data           2  s2.o(.constdata)
    S2_SHT3X_ADDR                            0x08002e4e   Data           2  s2.o(.constdata)
    S2_ICM20608_ADDR                         0x08002e50   Data           2  s2.o(.constdata)
    .constdata                               0x08002e54   Section       12  s5.o(.constdata)
    I2C_PERIPH_NUM                           0x08002e54   Data           8  s5.o(.constdata)
    S5_MS523_ADDR                            0x08002e5c   Data           4  s5.o(.constdata)
    .constdata                               0x08002e60   Section       12  s7.o(.constdata)
    I2C_PERIPH_NUM                           0x08002e60   Data           8  s7.o(.constdata)
    S7_PCA9557_ADDR                          0x08002e68   Data           4  s7.o(.constdata)
    .constdata                               0x08002e6c   Section       20  main.o(.constdata)
    I2C_PERIPH_NUM                           0x08002e6c   Data           8  main.o(.constdata)
    .data                                    0x20000000   Section       16  e1.o(.data)
    .data                                    0x20000010   Section        8  e2.o(.data)
    .data                                    0x20000018   Section        8  s1.o(.data)
    .data                                    0x20000020   Section       24  s2.o(.data)
    .data                                    0x20000038   Section        8  s5.o(.data)
    .data                                    0x20000040   Section        8  s7.o(.data)
    .data                                    0x20000048   Section       41  main.o(.data)
    .data                                    0x20000074   Section        4  errno.o(.data)
    _errno                                   0x20000074   Data           4  errno.o(.data)
    STACK                                    0x20000078   Section     1024  startup_gd32f450_470.o(STACK)

    Global Symbols

    Symbol Name                              Value     Ov Type        Size  Object(Section)

    BuildAttributes$$THM_ISAv4$E$P$D$K$B$S$7EM$VFPi3$EXTD16$VFPS$VFMA$PE$A:L22UL41UL21$X:L11$S22US41US21$IEEE1$IW$USESV6$~STKCKD$USESV7$~SHL$OTIME$ROPI$IEEEJ$EBA8$MICROLIB$REQ8$PRES8$EABIv2 0x00000000   Number         0  anon$$obj.o ABSOLUTE
    __ARM_use_no_argv                        0x00000000   Number         0  main.o ABSOLUTE
    _printf_a                                0x00000000   Number         0  stubs.o ABSOLUTE
    _printf_c                                0x00000000   Number         0  stubs.o ABSOLUTE
    _printf_charcount                        0x00000000   Number         0  stubs.o ABSOLUTE
    _printf_d                                0x00000000   Number         0  stubs.o ABSOLUTE
    _printf_e                                0x00000000   Number         0  stubs.o ABSOLUTE
    _printf_f                                0x00000000   Number         0  stubs.o ABSOLUTE
    _printf_flags                            0x00000000   Number         0  stubs.o ABSOLUTE
    _printf_fp_dec                           0x00000000   Number         0  stubs.o ABSOLUTE
    _printf_fp_hex                           0x00000000   Number         0  stubs.o ABSOLUTE
    _printf_g                                0x00000000   Number         0  stubs.o ABSOLUTE
    _printf_i                                0x00000000   Number         0  stubs.o ABSOLUTE
    _printf_int_dec                          0x00000000   Number         0  stubs.o ABSOLUTE
    _printf_l                                0x00000000   Number         0  stubs.o ABSOLUTE
    _printf_lc                               0x00000000   Number         0  stubs.o ABSOLUTE
    _printf_ll                               0x00000000   Number         0  stubs.o ABSOLUTE
    _printf_lld                              0x00000000   Number         0  stubs.o ABSOLUTE
    _printf_lli                              0x00000000   Number         0  stubs.o ABSOLUTE
    _printf_llo                              0x00000000   Number         0  stubs.o ABSOLUTE
    _printf_llu                              0x00000000   Number         0  stubs.o ABSOLUTE
    _printf_llx                              0x00000000   Number         0  stubs.o ABSOLUTE
    _printf_longlong_dec                     0x00000000   Number         0  stubs.o ABSOLUTE
    _printf_longlong_hex                     0x00000000   Number         0  stubs.o ABSOLUTE
    _printf_longlong_oct                     0x00000000   Number         0  stubs.o ABSOLUTE
    _printf_ls                               0x00000000   Number         0  stubs.o ABSOLUTE
    _printf_mbtowc                           0x00000000   Number         0  stubs.o ABSOLUTE
    _printf_n                                0x00000000   Number         0  stubs.o ABSOLUTE
    _printf_o                                0x00000000   Number         0  stubs.o ABSOLUTE
    _printf_p                                0x00000000   Number         0  stubs.o ABSOLUTE
    _printf_percent                          0x00000000   Number         0  stubs.o ABSOLUTE
    _printf_pre_padding                      0x00000000   Number         0  stubs.o ABSOLUTE
    _printf_return_value                     0x00000000   Number         0  stubs.o ABSOLUTE
    _printf_s                                0x00000000   Number         0  stubs.o ABSOLUTE
    _printf_sizespec                         0x00000000   Number         0  stubs.o ABSOLUTE
    _printf_str                              0x00000000   Number         0  stubs.o ABSOLUTE
    _printf_truncate_signed                  0x00000000   Number         0  stubs.o ABSOLUTE
    _printf_truncate_unsigned                0x00000000   Number         0  stubs.o ABSOLUTE
    _printf_u                                0x00000000   Number         0  stubs.o ABSOLUTE
    _printf_wc                               0x00000000   Number         0  stubs.o ABSOLUTE
    _printf_wctomb                           0x00000000   Number         0  stubs.o ABSOLUTE
    _printf_widthprec                        0x00000000   Number         0  stubs.o ABSOLUTE
    _printf_x                                0x00000000   Number         0  stubs.o ABSOLUTE
    __arm_fini_                               - Undefined Weak Reference
    __cpp_initialize__aeabi_                  - Undefined Weak Reference
    __cxa_finalize                            - Undefined Weak Reference
    __decompress                              - Undefined Weak Reference
    _clock_init                               - Undefined Weak Reference
    _microlib_exit                            - Undefined Weak Reference
    __Vectors_Size                           0x000001ac   Number         0  startup_gd32f450_470.o ABSOLUTE
    __Vectors                                0x08000000   Data           4  startup_gd32f450_470.o(RESET)
    __Vectors_End                            0x080001ac   Data           0  startup_gd32f450_470.o(RESET)
    __main                                   0x080001ad   Thumb Code     0  entry.o(.ARM.Collect$$$$00000000)
    _main_stk                                0x080001ad   Thumb Code     0  entry2.o(.ARM.Collect$$$$00000001)
    _main_scatterload                        0x080001b1   Thumb Code     0  entry5.o(.ARM.Collect$$$$00000004)
    __main_after_scatterload                 0x080001b5   Thumb Code     0  entry5.o(.ARM.Collect$$$$00000004)
    _main_clock                              0x080001b5   Thumb Code     0  entry7b.o(.ARM.Collect$$$$00000008)
    _main_cpp_init                           0x080001b5   Thumb Code     0  entry8b.o(.ARM.Collect$$$$0000000A)
    _main_init                               0x080001b5   Thumb Code     0  entry9a.o(.ARM.Collect$$$$0000000B)
    __rt_lib_shutdown_fini                   0x080001bd   Thumb Code     0  entry12b.o(.ARM.Collect$$$$0000000E)
    __rt_final_cpp                           0x080001c1   Thumb Code     0  entry10a.o(.ARM.Collect$$$$0000000F)
    __rt_final_exit                          0x080001c1   Thumb Code     0  entry11a.o(.ARM.Collect$$$$00000011)
    Reset_Handler                            0x080001c5   Thumb Code     8  startup_gd32f450_470.o(.text)
    NMI_Handler                              0x080001cd   Thumb Code     2  startup_gd32f450_470.o(.text)
    HardFault_Handler                        0x080001cf   Thumb Code     2  startup_gd32f450_470.o(.text)
    MemManage_Handler                        0x080001d1   Thumb Code     2  startup_gd32f450_470.o(.text)
    BusFault_Handler                         0x080001d3   Thumb Code     2  startup_gd32f450_470.o(.text)
    UsageFault_Handler                       0x080001d5   Thumb Code     2  startup_gd32f450_470.o(.text)
    SVC_Handler                              0x080001d7   Thumb Code     2  startup_gd32f450_470.o(.text)
    DebugMon_Handler                         0x080001d9   Thumb Code     2  startup_gd32f450_470.o(.text)
    PendSV_Handler                           0x080001db   Thumb Code     2  startup_gd32f450_470.o(.text)
    SysTick_Handler                          0x080001dd   Thumb Code     2  startup_gd32f450_470.o(.text)
    ADC_IRQHandler                           0x080001df   Thumb Code     0  startup_gd32f450_470.o(.text)
    CAN0_EWMC_IRQHandler                     0x080001df   Thumb Code     0  startup_gd32f450_470.o(.text)
    CAN0_RX0_IRQHandler                      0x080001df   Thumb Code     0  startup_gd32f450_470.o(.text)
    CAN0_RX1_IRQHandler                      0x080001df   Thumb Code     0  startup_gd32f450_470.o(.text)
    CAN0_TX_IRQHandler                       0x080001df   Thumb Code     0  startup_gd32f450_470.o(.text)
    CAN1_EWMC_IRQHandler                     0x080001df   Thumb Code     0  startup_gd32f450_470.o(.text)
    CAN1_RX0_IRQHandler                      0x080001df   Thumb Code     0  startup_gd32f450_470.o(.text)
    CAN1_RX1_IRQHandler                      0x080001df   Thumb Code     0  startup_gd32f450_470.o(.text)
    CAN1_TX_IRQHandler                       0x080001df   Thumb Code     0  startup_gd32f450_470.o(.text)
    DCI_IRQHandler                           0x080001df   Thumb Code     0  startup_gd32f450_470.o(.text)
    DMA0_Channel0_IRQHandler                 0x080001df   Thumb Code     0  startup_gd32f450_470.o(.text)
    DMA0_Channel1_IRQHandler                 0x080001df   Thumb Code     0  startup_gd32f450_470.o(.text)
    DMA0_Channel2_IRQHandler                 0x080001df   Thumb Code     0  startup_gd32f450_470.o(.text)
    DMA0_Channel3_IRQHandler                 0x080001df   Thumb Code     0  startup_gd32f450_470.o(.text)
    DMA0_Channel4_IRQHandler                 0x080001df   Thumb Code     0  startup_gd32f450_470.o(.text)
    DMA0_Channel5_IRQHandler                 0x080001df   Thumb Code     0  startup_gd32f450_470.o(.text)
    DMA0_Channel6_IRQHandler                 0x080001df   Thumb Code     0  startup_gd32f450_470.o(.text)
    DMA0_Channel7_IRQHandler                 0x080001df   Thumb Code     0  startup_gd32f450_470.o(.text)
    DMA1_Channel0_IRQHandler                 0x080001df   Thumb Code     0  startup_gd32f450_470.o(.text)
    DMA1_Channel1_IRQHandler                 0x080001df   Thumb Code     0  startup_gd32f450_470.o(.text)
    DMA1_Channel2_IRQHandler                 0x080001df   Thumb Code     0  startup_gd32f450_470.o(.text)
    DMA1_Channel3_IRQHandler                 0x080001df   Thumb Code     0  startup_gd32f450_470.o(.text)
    DMA1_Channel4_IRQHandler                 0x080001df   Thumb Code     0  startup_gd32f450_470.o(.text)
    DMA1_Channel5_IRQHandler                 0x080001df   Thumb Code     0  startup_gd32f450_470.o(.text)
    DMA1_Channel6_IRQHandler                 0x080001df   Thumb Code     0  startup_gd32f450_470.o(.text)
    DMA1_Channel7_IRQHandler                 0x080001df   Thumb Code     0  startup_gd32f450_470.o(.text)
    ENET_IRQHandler                          0x080001df   Thumb Code     0  startup_gd32f450_470.o(.text)
    ENET_WKUP_IRQHandler                     0x080001df   Thumb Code     0  startup_gd32f450_470.o(.text)
    EXMC_IRQHandler                          0x080001df   Thumb Code     0  startup_gd32f450_470.o(.text)
    EXTI0_IRQHandler                         0x080001df   Thumb Code     0  startup_gd32f450_470.o(.text)
    EXTI10_15_IRQHandler                     0x080001df   Thumb Code     0  startup_gd32f450_470.o(.text)
    EXTI1_IRQHandler                         0x080001df   Thumb Code     0  startup_gd32f450_470.o(.text)
    EXTI2_IRQHandler                         0x080001df   Thumb Code     0  startup_gd32f450_470.o(.text)
    EXTI3_IRQHandler                         0x080001df   Thumb Code     0  startup_gd32f450_470.o(.text)
    EXTI4_IRQHandler                         0x080001df   Thumb Code     0  startup_gd32f450_470.o(.text)
    EXTI5_9_IRQHandler                       0x080001df   Thumb Code     0  startup_gd32f450_470.o(.text)
    FMC_IRQHandler                           0x080001df   Thumb Code     0  startup_gd32f450_470.o(.text)
    FPU_IRQHandler                           0x080001df   Thumb Code     0  startup_gd32f450_470.o(.text)
    I2C0_ER_IRQHandler                       0x080001df   Thumb Code     0  startup_gd32f450_470.o(.text)
    I2C0_EV_IRQHandler                       0x080001df   Thumb Code     0  startup_gd32f450_470.o(.text)
    I2C1_ER_IRQHandler                       0x080001df   Thumb Code     0  startup_gd32f450_470.o(.text)
    I2C1_EV_IRQHandler                       0x080001df   Thumb Code     0  startup_gd32f450_470.o(.text)
    I2C2_ER_IRQHandler                       0x080001df   Thumb Code     0  startup_gd32f450_470.o(.text)
    I2C2_EV_IRQHandler                       0x080001df   Thumb Code     0  startup_gd32f450_470.o(.text)
    IPA_IRQHandler                           0x080001df   Thumb Code     0  startup_gd32f450_470.o(.text)
    LVD_IRQHandler                           0x080001df   Thumb Code     0  startup_gd32f450_470.o(.text)
    RCU_CTC_IRQHandler                       0x080001df   Thumb Code     0  startup_gd32f450_470.o(.text)
    RTC_Alarm_IRQHandler                     0x080001df   Thumb Code     0  startup_gd32f450_470.o(.text)
    RTC_WKUP_IRQHandler                      0x080001df   Thumb Code     0  startup_gd32f450_470.o(.text)
    SDIO_IRQHandler                          0x080001df   Thumb Code     0  startup_gd32f450_470.o(.text)
    SPI0_IRQHandler                          0x080001df   Thumb Code     0  startup_gd32f450_470.o(.text)
    SPI1_IRQHandler                          0x080001df   Thumb Code     0  startup_gd32f450_470.o(.text)
    SPI2_IRQHandler                          0x080001df   Thumb Code     0  startup_gd32f450_470.o(.text)
    SPI3_IRQHandler                          0x080001df   Thumb Code     0  startup_gd32f450_470.o(.text)
    SPI4_IRQHandler                          0x080001df   Thumb Code     0  startup_gd32f450_470.o(.text)
    SPI5_IRQHandler                          0x080001df   Thumb Code     0  startup_gd32f450_470.o(.text)
    TAMPER_STAMP_IRQHandler                  0x080001df   Thumb Code     0  startup_gd32f450_470.o(.text)
    TIMER0_BRK_TIMER8_IRQHandler             0x080001df   Thumb Code     0  startup_gd32f450_470.o(.text)
    TIMER0_Channel_IRQHandler                0x080001df   Thumb Code     0  startup_gd32f450_470.o(.text)
    TIMER0_TRG_CMT_TIMER10_IRQHandler        0x080001df   Thumb Code     0  startup_gd32f450_470.o(.text)
    TIMER0_UP_TIMER9_IRQHandler              0x080001df   Thumb Code     0  startup_gd32f450_470.o(.text)
    TIMER1_IRQHandler                        0x080001df   Thumb Code     0  startup_gd32f450_470.o(.text)
    TIMER2_IRQHandler                        0x080001df   Thumb Code     0  startup_gd32f450_470.o(.text)
    TIMER3_IRQHandler                        0x080001df   Thumb Code     0  startup_gd32f450_470.o(.text)
    TIMER4_IRQHandler                        0x080001df   Thumb Code     0  startup_gd32f450_470.o(.text)
    TIMER5_DAC_IRQHandler                    0x080001df   Thumb Code     0  startup_gd32f450_470.o(.text)
    TIMER6_IRQHandler                        0x080001df   Thumb Code     0  startup_gd32f450_470.o(.text)
    TIMER7_BRK_TIMER11_IRQHandler            0x080001df   Thumb Code     0  startup_gd32f450_470.o(.text)
    TIMER7_Channel_IRQHandler                0x080001df   Thumb Code     0  startup_gd32f450_470.o(.text)
    TIMER7_TRG_CMT_TIMER13_IRQHandler        0x080001df   Thumb Code     0  startup_gd32f450_470.o(.text)
    TIMER7_UP_TIMER12_IRQHandler             0x080001df   Thumb Code     0  startup_gd32f450_470.o(.text)
    TLI_ER_IRQHandler                        0x080001df   Thumb Code     0  startup_gd32f450_470.o(.text)
    TLI_IRQHandler                           0x080001df   Thumb Code     0  startup_gd32f450_470.o(.text)
    TRNG_IRQHandler                          0x080001df   Thumb Code     0  startup_gd32f450_470.o(.text)
    UART3_IRQHandler                         0x080001df   Thumb Code     0  startup_gd32f450_470.o(.text)
    UART4_IRQHandler                         0x080001df   Thumb Code     0  startup_gd32f450_470.o(.text)
    UART6_IRQHandler                         0x080001df   Thumb Code     0  startup_gd32f450_470.o(.text)
    UART7_IRQHandler                         0x080001df   Thumb Code     0  startup_gd32f450_470.o(.text)
    USART0_IRQHandler                        0x080001df   Thumb Code     0  startup_gd32f450_470.o(.text)
    USART1_IRQHandler                        0x080001df   Thumb Code     0  startup_gd32f450_470.o(.text)
    USART2_IRQHandler                        0x080001df   Thumb Code     0  startup_gd32f450_470.o(.text)
    USART5_IRQHandler                        0x080001df   Thumb Code     0  startup_gd32f450_470.o(.text)
    USBFS_IRQHandler                         0x080001df   Thumb Code     0  startup_gd32f450_470.o(.text)
    USBFS_WKUP_IRQHandler                    0x080001df   Thumb Code     0  startup_gd32f450_470.o(.text)
    USBHS_EP1_In_IRQHandler                  0x080001df   Thumb Code     0  startup_gd32f450_470.o(.text)
    USBHS_EP1_Out_IRQHandler                 0x080001df   Thumb Code     0  startup_gd32f450_470.o(.text)
    USBHS_IRQHandler                         0x080001df   Thumb Code     0  startup_gd32f450_470.o(.text)
    USBHS_WKUP_IRQHandler                    0x080001df   Thumb Code     0  startup_gd32f450_470.o(.text)
    WWDGT_IRQHandler                         0x080001df   Thumb Code     0  startup_gd32f450_470.o(.text)
    __aeabi_memcpy                           0x080001e9   Thumb Code    36  memcpya.o(.text)
    __aeabi_memcpy4                          0x080001e9   Thumb Code     0  memcpya.o(.text)
    __aeabi_memcpy8                          0x080001e9   Thumb Code     0  memcpya.o(.text)
    strlen                                   0x0800020d   Thumb Code    14  strlen.o(.text)
    memcmp                                   0x0800021b   Thumb Code    26  memcmp.o(.text)
    __aeabi_dmul                             0x08000235   Thumb Code   228  dmul.o(.text)
    __aeabi_i2d                              0x08000319   Thumb Code    34  dflti.o(.text)
    __aeabi_d2f                              0x0800033b   Thumb Code    56  d2f.o(.text)
    __aeabi_uldivmod                         0x08000373   Thumb Code    98  uldiv.o(.text)
    __aeabi_llsl                             0x080003d5   Thumb Code    30  llshl.o(.text)
    _ll_shift_l                              0x080003d5   Thumb Code     0  llshl.o(.text)
    __I$use$fp                               0x080003f3   Thumb Code     0  iusefp.o(.text)
    _float_round                             0x080003f3   Thumb Code    18  fepilogue.o(.text)
    _float_epilogue                          0x08000405   Thumb Code    92  fepilogue.o(.text)
    _double_round                            0x08000461   Thumb Code    30  depilogue.o(.text)
    _double_epilogue                         0x0800047f   Thumb Code   156  depilogue.o(.text)
    __scatterload                            0x0800051d   Thumb Code    28  init.o(.text)
    __scatterload_rt2                        0x0800051d   Thumb Code     0  init.o(.text)
    __aeabi_llsr                             0x08000541   Thumb Code    32  llushr.o(.text)
    _ll_ushift_r                             0x08000541   Thumb Code     0  llushr.o(.text)
    SystemInit                               0x08000561   Thumb Code   194  system_gd32f4xx.o(i.SystemInit)
    __0sprintf$8                             0x08000635   Thumb Code    34  printf8.o(i.__0sprintf$8)
    __1sprintf$8                             0x08000635   Thumb Code     0  printf8.o(i.__0sprintf$8)
    __2sprintf                               0x08000635   Thumb Code     0  printf8.o(i.__0sprintf$8)
    __hardfp_sqrtf                           0x0800065d   Thumb Code    58  sqrtf.o(i.__hardfp_sqrtf)
    __scatterload_copy                       0x08000697   Thumb Code    14  handlers.o(i.__scatterload_copy)
    __scatterload_null                       0x080006a5   Thumb Code     2  handlers.o(i.__scatterload_null)
    __scatterload_zeroinit                   0x080006a7   Thumb Code    14  handlers.o(i.__scatterload_zeroinit)
    __set_errno                              0x080006b5   Thumb Code     6  errno.o(i.__set_errno)
    delay_ms                                 0x08000b21   Thumb Code    26  delay.o(i.delay_ms)
    e1_led_init                              0x08000d41   Thumb Code    88  e1.o(i.e1_led_init)
    e1_led_rgb_set                           0x08000da1   Thumb Code    86  e1.o(i.e1_led_rgb_set)
    e1_tube_init                             0x08000e51   Thumb Code    88  e1.o(i.e1_tube_init)
    e1_tube_str_set                          0x08000eb1   Thumb Code   262  e1.o(i.e1_tube_str_set)
    e2_fan_init                              0x08000fb9   Thumb Code    88  e2.o(i.e2_fan_init)
    e2_fan_speed_set                         0x08001019   Thumb Code    44  e2.o(i.e2_fan_speed_set)
    gpio_af_set                              0x0800109f   Thumb Code    94  gd32f4xx_gpio.o(i.gpio_af_set)
    gpio_mode_set                            0x080010fd   Thumb Code    78  gd32f4xx_gpio.o(i.gpio_mode_set)
    gpio_output_options_set                  0x0800114b   Thumb Code    66  gd32f4xx_gpio.o(i.gpio_output_options_set)
    handle_inputs                            0x0800118d   Thumb Code   208  main.o(i.handle_inputs)
    handle_keypad_input                      0x0800127d   Thumb Code   282  main.o(i.handle_keypad_input)
    hardware_init                            0x080013c1   Thumb Code   142  main.o(i.hardware_init)
    i2c_ack_config                           0x0800159d   Thumb Code    16  gd32f4xx_i2c.o(i.i2c_ack_config)
    i2c_ackpos_config                        0x080015ad   Thumb Code    16  gd32f4xx_i2c.o(i.i2c_ackpos_config)
    i2c_byte_write                           0x080015bd   Thumb Code   154  i2c.o(i.i2c_byte_write)
    i2c_bytes_read                           0x0800165d   Thumb Code   248  i2c.o(i.i2c_bytes_read)
    i2c_clock_config                         0x08001759   Thumb Code   216  gd32f4xx_i2c.o(i.i2c_clock_config)
    i2c_data_receive                         0x0800183d   Thumb Code     8  gd32f4xx_i2c.o(i.i2c_data_receive)
    i2c_data_transmit                        0x08001845   Thumb Code     6  gd32f4xx_i2c.o(i.i2c_data_transmit)
    i2c_delay_ms                             0x0800184b   Thumb Code    26  i2c.o(i.i2c_delay_ms)
    i2c_enable                               0x08001865   Thumb Code    10  gd32f4xx_i2c.o(i.i2c_enable)
    i2c_flag_clear                           0x0800186f   Thumb Code    40  gd32f4xx_i2c.o(i.i2c_flag_clear)
    i2c_flag_get                             0x08001897   Thumb Code    30  gd32f4xx_i2c.o(i.i2c_flag_get)
    i2c_init                                 0x080018b5   Thumb Code    26  i2c.o(i.i2c_init)
    i2c_master_addressing                    0x080018cf   Thumb Code    20  gd32f4xx_i2c.o(i.i2c_master_addressing)
    i2c_mode_addr_config                     0x080018e3   Thumb Code    28  gd32f4xx_i2c.o(i.i2c_mode_addr_config)
    i2c_reg_byte_write                       0x08001901   Thumb Code   204  i2c.o(i.i2c_reg_byte_write)
    i2c_reg_bytes_read                       0x080019d1   Thumb Code   376  i2c.o(i.i2c_reg_bytes_read)
    i2c_reg_bytes_write                      0x08001b4d   Thumb Code   218  i2c.o(i.i2c_reg_bytes_write)
    i2c_slave_detect                         0x08001c2d   Thumb Code   158  i2c.o(i.i2c_slave_detect)
    i2c_start_on_bus                         0x08001cd1   Thumb Code    10  gd32f4xx_i2c.o(i.i2c_start_on_bus)
    i2c_stop_on_bus                          0x08001cdb   Thumb Code    10  gd32f4xx_i2c.o(i.i2c_stop_on_bus)
    load_task_mode                           0x08001ce5   Thumb Code   158  main.o(i.load_task_mode)
    main                                     0x08001dbd   Thumb Code    40  main.o(i.main)
    perform_continuous_checks                0x08001de9   Thumb Code   196  main.o(i.perform_continuous_checks)
    rcu_clock_freq_get                       0x08001ec5   Thumb Code   264  gd32f4xx_rcu.o(i.rcu_clock_freq_get)
    rcu_periph_clock_enable                  0x08001fe9   Thumb Code    32  gd32f4xx_rcu.o(i.rcu_periph_clock_enable)
    s1_key_init                              0x0800201d   Thumb Code    88  s1.o(i.s1_key_init)
    s1_key_value_get                         0x0800207d   Thumb Code   200  s1.o(i.s1_key_value_get)
    s2_illuminance_init                      0x080021dd   Thumb Code    88  s2.o(i.s2_illuminance_init)
    s2_illuminance_value_get                 0x0800223d   Thumb Code    62  s2.o(i.s2_illuminance_value_get)
    s2_imu_init                              0x0800227d   Thumb Code    88  s2.o(i.s2_imu_init)
    s2_imu_value_get                         0x080022dd   Thumb Code   346  s2.o(i.s2_imu_value_get)
    s5_nfc_anticoll                          0x080027ad   Thumb Code   136  s5.o(i.s5_nfc_anticoll)
    s5_nfc_init                              0x08002835   Thumb Code    88  s5.o(i.s5_nfc_init)
    s5_nfc_request                           0x08002895   Thumb Code   106  s5.o(i.s5_nfc_request)
    s7_ir_init                               0x08002901   Thumb Code    88  s7.o(i.s7_ir_init)
    s7_ir_status_get                         0x08002961   Thumb Code    42  s7.o(i.s7_ir_status_get)
    start_focus_mode                         0x080029a9   Thumb Code   116  main.o(i.start_focus_mode)
    start_rest_mode                          0x08002a45   Thumb Code    28  main.o(i.start_rest_mode)
    update_display                           0x08002b75   Thumb Code   354  main.o(i.update_display)
    update_state_machine                     0x08002d1d   Thumb Code   154  main.o(i.update_state_machine)
    STUDY_CARD_UID                           0x08002e74   Data           4  main.o(.constdata)
    DEEP_WORK_CARD_UID                       0x08002e78   Data           4  main.o(.constdata)
    DATA_CARD_UID                            0x08002e7c   Data           4  main.o(.constdata)
    Region$$Table$$Base                      0x08002e80   Number         0  anon$$obj.o(Region$$Table)
    Region$$Table$$Limit                     0x08002ea0   Number         0  anon$$obj.o(Region$$Table)
    e1_led_info                              0x20000000   Data           8  e1.o(.data)
    e1_tube_info                             0x20000008   Data           8  e1.o(.data)
    e2_fan_info                              0x20000010   Data           8  e2.o(.data)
    s1_key_info                              0x20000018   Data           8  s1.o(.data)
    s2_illuminance_info                      0x20000020   Data           8  s2.o(.data)
    s2_ths_info                              0x20000028   Data           8  s2.o(.data)
    s2_imu_info                              0x20000030   Data           8  s2.o(.data)
    s5_nfc_info                              0x20000038   Data           8  s5.o(.data)
    s7_ir_info                               0x20000040   Data           8  s7.o(.data)
    currentState                             0x20000048   Data           1  main.o(.data)
    remaining_seconds                        0x2000004c   Data           4  main.o(.data)
    loop_tick_counter                        0x20000050   Data           4  main.o(.data)
    focus_duration_sec                       0x20000054   Data           4  main.o(.data)
    rest_duration_sec                        0x20000058   Data           4  main.o(.data)
    long_rest_duration_sec                   0x2000005c   Data           4  main.o(.data)
    completed_sessions                       0x20000060   Data           4  main.o(.data)
    pomodoro_cycle_count                     0x20000064   Data           4  main.o(.data)
    fan_level                                0x20000068   Data           4  main.o(.data)
    pir_absence_counter                      0x2000006c   Data           4  main.o(.data)
    last_key_pressed                         0x20000070   Data           1  main.o(.data)
    __initial_sp                             0x20000478   Data           0  startup_gd32f450_470.o(STACK)



==============================================================================

Memory Map of the image

  Image Entry point : 0x080001ad

  Load Region LR_IROM1 (Base: 0x08000000, Size: 0x00002f18, Max: 0x00300000, ABSOLUTE)

    Execution Region ER_IROM1 (Exec base: 0x08000000, Load base: 0x08000000, Size: 0x00002ea0, Max: 0x00300000, ABSOLUTE)

    Exec Addr    Load Addr    Size         Type   Attr      Idx    E Section Name        Object

    0x08000000   0x08000000   0x000001ac   Data   RO            3    RESET               startup_gd32f450_470.o
    0x080001ac   0x080001ac   0x00000000   Code   RO         6493  * .ARM.Collect$$$$00000000  mc_w.l(entry.o)
    0x080001ac   0x080001ac   0x00000004   Code   RO         6777    .ARM.Collect$$$$00000001  mc_w.l(entry2.o)
    0x080001b0   0x080001b0   0x00000004   Code   RO         6780    .ARM.Collect$$$$00000004  mc_w.l(entry5.o)
    0x080001b4   0x080001b4   0x00000000   Code   RO         6782    .ARM.Collect$$$$00000008  mc_w.l(entry7b.o)
    0x080001b4   0x080001b4   0x00000000   Code   RO         6784    .ARM.Collect$$$$0000000A  mc_w.l(entry8b.o)
    0x080001b4   0x080001b4   0x00000008   Code   RO         6785    .ARM.Collect$$$$0000000B  mc_w.l(entry9a.o)
    0x080001bc   0x080001bc   0x00000004   Code   RO         6792    .ARM.Collect$$$$0000000E  mc_w.l(entry12b.o)
    0x080001c0   0x080001c0   0x00000000   Code   RO         6787    .ARM.Collect$$$$0000000F  mc_w.l(entry10a.o)
    0x080001c0   0x080001c0   0x00000000   Code   RO         6789    .ARM.Collect$$$$00000011  mc_w.l(entry11a.o)
    0x080001c0   0x080001c0   0x00000004   Code   RO         6778    .ARM.Collect$$$$00002712  mc_w.l(entry2.o)
    0x080001c4   0x080001c4   0x00000024   Code   RO            4    .text               startup_gd32f450_470.o
    0x080001e8   0x080001e8   0x00000024   Code   RO         6496    .text               mc_w.l(memcpya.o)
    0x0800020c   0x0800020c   0x0000000e   Code   RO         6498    .text               mc_w.l(strlen.o)
    0x0800021a   0x0800021a   0x0000001a   Code   RO         6500    .text               mc_w.l(memcmp.o)
    0x08000234   0x08000234   0x000000e4   Code   RO         6767    .text               mf_w.l(dmul.o)
    0x08000318   0x08000318   0x00000022   Code   RO         6771    .text               mf_w.l(dflti.o)
    0x0800033a   0x0800033a   0x00000038   Code   RO         6775    .text               mf_w.l(d2f.o)
    0x08000372   0x08000372   0x00000062   Code   RO         6798    .text               mc_w.l(uldiv.o)
    0x080003d4   0x080003d4   0x0000001e   Code   RO         6800    .text               mc_w.l(llshl.o)
    0x080003f2   0x080003f2   0x00000000   Code   RO         6811    .text               mc_w.l(iusefp.o)
    0x080003f2   0x080003f2   0x0000006e   Code   RO         6812    .text               mf_w.l(fepilogue.o)
    0x08000460   0x08000460   0x000000ba   Code   RO         6814    .text               mf_w.l(depilogue.o)
    0x0800051a   0x0800051a   0x00000002   PAD
    0x0800051c   0x0800051c   0x00000024   Code   RO         6820    .text               mc_w.l(init.o)
    0x08000540   0x08000540   0x00000020   Code   RO         6823    .text               mc_w.l(llushr.o)
    0x08000560   0x08000560   0x000000d4   Code   RO           13    i.SystemInit        system_gd32f4xx.o
    0x08000634   0x08000634   0x00000028   Code   RO         6713    i.__0sprintf$8      mc_w.l(printf8.o)
    0x0800065c   0x0800065c   0x0000003a   Code   RO         6481    i.__hardfp_sqrtf    m_wm.l(sqrtf.o)
    0x08000696   0x08000696   0x0000000e   Code   RO         6828    i.__scatterload_copy  mc_w.l(handlers.o)
    0x080006a4   0x080006a4   0x00000002   Code   RO         6829    i.__scatterload_null  mc_w.l(handlers.o)
    0x080006a6   0x080006a6   0x0000000e   Code   RO         6830    i.__scatterload_zeroinit  mc_w.l(handlers.o)
    0x080006b4   0x080006b4   0x0000000c   Code   RO         6806    i.__set_errno       mc_w.l(errno.o)
    0x080006c0   0x080006c0   0x00000404   Code   RO         6718    i._printf_core      mc_w.l(printf8.o)
    0x08000ac4   0x08000ac4   0x00000024   Code   RO         6719    i._printf_post_padding  mc_w.l(printf8.o)
    0x08000ae8   0x08000ae8   0x0000002e   Code   RO         6720    i._printf_pre_padding  mc_w.l(printf8.o)
    0x08000b16   0x08000b16   0x0000000a   Code   RO         6722    i._sputc            mc_w.l(printf8.o)
    0x08000b20   0x08000b20   0x0000001a   Code   RO         5667    i.delay_ms          delay.o
    0x08000b3a   0x08000b3a   0x00000002   PAD
    0x08000b3c   0x08000b3c   0x000000d0   Code   RO         5684    i.e1_ht16k33_chr_set  e1.o
    0x08000c0c   0x08000c0c   0x00000078   Code   RO         5685    i.e1_ht16k33_init   e1.o
    0x08000c84   0x08000c84   0x000000ba   Code   RO         5686    i.e1_ht16k33_raw_set  e1.o
    0x08000d3e   0x08000d3e   0x00000002   PAD
    0x08000d40   0x08000d40   0x00000060   Code   RO         5687    i.e1_led_init       e1.o
    0x08000da0   0x08000da0   0x00000056   Code   RO         5688    i.e1_led_rgb_set    e1.o
    0x08000df6   0x08000df6   0x00000010   Code   RO         5689    i.e1_pca9685_init   e1.o
    0x08000e06   0x08000e06   0x0000004a   Code   RO         5690    i.e1_pca9685_pwm_set  e1.o
    0x08000e50   0x08000e50   0x00000060   Code   RO         5691    i.e1_tube_init      e1.o
    0x08000eb0   0x08000eb0   0x00000106   Code   RO         5692    i.e1_tube_str_set   e1.o
    0x08000fb6   0x08000fb6   0x00000002   PAD
    0x08000fb8   0x08000fb8   0x00000060   Code   RO         5763    i.e2_fan_init       e2.o
    0x08001018   0x08001018   0x0000002c   Code   RO         5764    i.e2_fan_speed_set  e2.o
    0x08001044   0x08001044   0x00000010   Code   RO         5765    i.e2_pca9685_init   e2.o
    0x08001054   0x08001054   0x0000004a   Code   RO         5766    i.e2_pca9685_pwm_set  e2.o
    0x0800109e   0x0800109e   0x0000005e   Code   RO         2648    i.gpio_af_set       gd32f4xx_gpio.o
    0x080010fc   0x080010fc   0x0000004e   Code   RO         2656    i.gpio_mode_set     gd32f4xx_gpio.o
    0x0800114a   0x0800114a   0x00000042   Code   RO         2658    i.gpio_output_options_set  gd32f4xx_gpio.o
    0x0800118c   0x0800118c   0x000000f0   Code   RO         6367    i.handle_inputs     main.o
    0x0800127c   0x0800127c   0x00000144   Code   RO         6368    i.handle_keypad_input  main.o
    0x080013c0   0x080013c0   0x000000b0   Code   RO         6369    i.hardware_init     main.o
    0x08001470   0x08001470   0x00000060   Code   RO         5851    i.i2c0_gpio_config  i2c.o
    0x080014d0   0x080014d0   0x0000003c   Code   RO         5852    i.i2c0_parm_config  i2c.o
    0x0800150c   0x0800150c   0x00000054   Code   RO         5853    i.i2c1_gpio_config  i2c.o
    0x08001560   0x08001560   0x0000003c   Code   RO         5854    i.i2c1_parm_config  i2c.o
    0x0800159c   0x0800159c   0x00000010   Code   RO         2752    i.i2c_ack_config    gd32f4xx_i2c.o
    0x080015ac   0x080015ac   0x00000010   Code   RO         2753    i.i2c_ackpos_config  gd32f4xx_i2c.o
    0x080015bc   0x080015bc   0x000000a0   Code   RO         5855    i.i2c_byte_write    i2c.o
    0x0800165c   0x0800165c   0x000000fc   Code   RO         5856    i.i2c_bytes_read    i2c.o
    0x08001758   0x08001758   0x000000e4   Code   RO         2756    i.i2c_clock_config  gd32f4xx_i2c.o
    0x0800183c   0x0800183c   0x00000008   Code   RO         2757    i.i2c_data_receive  gd32f4xx_i2c.o
    0x08001844   0x08001844   0x00000006   Code   RO         2758    i.i2c_data_transmit  gd32f4xx_i2c.o
    0x0800184a   0x0800184a   0x0000001a   Code   RO         5857    i.i2c_delay_ms      i2c.o
    0x08001864   0x08001864   0x0000000a   Code   RO         2766    i.i2c_enable        gd32f4xx_i2c.o
    0x0800186e   0x0800186e   0x00000028   Code   RO         2767    i.i2c_flag_clear    gd32f4xx_i2c.o
    0x08001896   0x08001896   0x0000001e   Code   RO         2768    i.i2c_flag_get      gd32f4xx_i2c.o
    0x080018b4   0x080018b4   0x0000001a   Code   RO         5858    i.i2c_init          i2c.o
    0x080018ce   0x080018ce   0x00000014   Code   RO         2773    i.i2c_master_addressing  gd32f4xx_i2c.o
    0x080018e2   0x080018e2   0x0000001c   Code   RO         2774    i.i2c_mode_addr_config  gd32f4xx_i2c.o
    0x080018fe   0x080018fe   0x00000002   PAD
    0x08001900   0x08001900   0x000000d0   Code   RO         5859    i.i2c_reg_byte_write  i2c.o
    0x080019d0   0x080019d0   0x0000017c   Code   RO         5860    i.i2c_reg_bytes_read  i2c.o
    0x08001b4c   0x08001b4c   0x000000e0   Code   RO         5861    i.i2c_reg_bytes_write  i2c.o
    0x08001c2c   0x08001c2c   0x000000a4   Code   RO         5862    i.i2c_slave_detect  i2c.o
    0x08001cd0   0x08001cd0   0x0000000a   Code   RO         2787    i.i2c_start_on_bus  gd32f4xx_i2c.o
    0x08001cda   0x08001cda   0x0000000a   Code   RO         2788    i.i2c_stop_on_bus   gd32f4xx_i2c.o
    0x08001ce4   0x08001ce4   0x000000d8   Code   RO         6370    i.load_task_mode    main.o
    0x08001dbc   0x08001dbc   0x0000002c   Code   RO         6371    i.main              main.o
    0x08001de8   0x08001de8   0x000000dc   Code   RO         6372    i.perform_continuous_checks  main.o
    0x08001ec4   0x08001ec4   0x00000124   Code   RO         3426    i.rcu_clock_freq_get  gd32f4xx_rcu.o
    0x08001fe8   0x08001fe8   0x00000024   Code   RO         3445    i.rcu_periph_clock_enable  gd32f4xx_rcu.o
    0x0800200c   0x0800200c   0x0000000e   Code   RO         5938    i.s1_ht16k33_init   s1.o
    0x0800201a   0x0800201a   0x00000002   PAD
    0x0800201c   0x0800201c   0x00000060   Code   RO         5939    i.s1_key_init       s1.o
    0x0800207c   0x0800207c   0x000000c8   Code   RO         5940    i.s1_key_value_get  s1.o
    0x08002144   0x08002144   0x0000000e   Code   RO         5976    i.s2_bh1750_init    s2.o
    0x08002152   0x08002152   0x00000088   Code   RO         5977    i.s2_icm20608_init  s2.o
    0x080021da   0x080021da   0x00000002   PAD
    0x080021dc   0x080021dc   0x00000060   Code   RO         5978    i.s2_illuminance_init  s2.o
    0x0800223c   0x0800223c   0x0000003e   Code   RO         5979    i.s2_illuminance_value_get  s2.o
    0x0800227a   0x0800227a   0x00000002   PAD
    0x0800227c   0x0800227c   0x00000060   Code   RO         5980    i.s2_imu_init       s2.o
    0x080022dc   0x080022dc   0x0000016c   Code   RO         5981    i.s2_imu_value_get  s2.o
    0x08002448   0x08002448   0x00000010   Code   RO         6053    i.s5_ms523_antenna_off  s5.o
    0x08002458   0x08002458   0x0000002e   Code   RO         6054    i.s5_ms523_antenna_on  s5.o
    0x08002486   0x08002486   0x00000032   Code   RO         6055    i.s5_ms523_bit_clear  s5.o
    0x080024b8   0x080024b8   0x00000032   Code   RO         6056    i.s5_ms523_bit_set  s5.o
    0x080024ea   0x080024ea   0x000001a0   Code   RO         6057    i.s5_ms523_comm     s5.o
    0x0800268a   0x0800268a   0x0000002c   Code   RO         6059    i.s5_ms523_init     s5.o
    0x080026b6   0x080026b6   0x00000076   Code   RO         6060    i.s5_ms523_reset    s5.o
    0x0800272c   0x0800272c   0x00000080   Code   RO         6061    i.s5_ms523_type_config  s5.o
    0x080027ac   0x080027ac   0x00000088   Code   RO         6062    i.s5_nfc_anticoll   s5.o
    0x08002834   0x08002834   0x00000060   Code   RO         6065    i.s5_nfc_init       s5.o
    0x08002894   0x08002894   0x0000006a   Code   RO         6067    i.s5_nfc_request    s5.o
    0x080028fe   0x080028fe   0x00000002   PAD
    0x08002900   0x08002900   0x00000060   Code   RO         6200    i.s7_ir_init        s7.o
    0x08002960   0x08002960   0x0000002a   Code   RO         6201    i.s7_ir_status_get  s7.o
    0x0800298a   0x0800298a   0x0000001c   Code   RO         6202    i.s7_pca9557_init   s7.o
    0x080029a6   0x080029a6   0x00000002   PAD
    0x080029a8   0x080029a8   0x0000009c   Code   RO         6373    i.start_focus_mode  main.o
    0x08002a44   0x08002a44   0x0000002c   Code   RO         6374    i.start_rest_mode   main.o
    0x08002a70   0x08002a70   0x000000fc   Code   RO           14    i.system_clock_200m_25m_hxtal  system_gd32f4xx.o
    0x08002b6c   0x08002b6c   0x00000008   Code   RO           15    i.system_clock_config  system_gd32f4xx.o
    0x08002b74   0x08002b74   0x000001a8   Code   RO         6375    i.update_display    main.o
    0x08002d1c   0x08002d1c   0x000000b4   Code   RO         6376    i.update_state_machine  main.o
    0x08002dd0   0x08002dd0   0x0000005c   Data   RO         5693    .constdata          e1.o
    0x08002e2c   0x08002e2c   0x0000000c   Data   RO         5767    .constdata          e2.o
    0x08002e38   0x08002e38   0x0000000c   Data   RO         5941    .constdata          s1.o
    0x08002e44   0x08002e44   0x0000000e   Data   RO         5986    .constdata          s2.o
    0x08002e52   0x08002e52   0x00000002   PAD
    0x08002e54   0x08002e54   0x0000000c   Data   RO         6070    .constdata          s5.o
    0x08002e60   0x08002e60   0x0000000c   Data   RO         6203    .constdata          s7.o
    0x08002e6c   0x08002e6c   0x00000014   Data   RO         6377    .constdata          main.o
    0x08002e80   0x08002e80   0x00000020   Data   RO         6826    Region$$Table       anon$$obj.o


    Execution Region RW_IRAM1 (Exec base: 0x20000000, Load base: 0x08002ea0, Size: 0x00000478, Max: 0x00030000, ABSOLUTE)

    Exec Addr    Load Addr    Size         Type   Attr      Idx    E Section Name        Object

    0x20000000   0x08002ea0   0x00000010   Data   RW         5694    .data               e1.o
    0x20000010   0x08002eb0   0x00000008   Data   RW         5768    .data               e2.o
    0x20000018   0x08002eb8   0x00000008   Data   RW         5942    .data               s1.o
    0x20000020   0x08002ec0   0x00000018   Data   RW         5987    .data               s2.o
    0x20000038   0x08002ed8   0x00000008   Data   RW         6071    .data               s5.o
    0x20000040   0x08002ee0   0x00000008   Data   RW         6204    .data               s7.o
    0x20000048   0x08002ee8   0x00000029   Data   RW         6378    .data               main.o
    0x20000071   0x08002f11   0x00000003   PAD
    0x20000074   0x08002f14   0x00000004   Data   RW         6807    .data               mc_w.l(errno.o)
    0x20000078        -       0x00000400   Zero   RW            1    STACK               startup_gd32f450_470.o


==============================================================================

Image component sizes


      Code (inc. data)   RO Data    RW Data    ZI Data      Debug   Object Name

        26          0          0          0          0        587   delay.o
      1144         22         92         16          0       6919   e1.o
       230          8         12          8          0       2923   e2.o
       238          0          0          0          0       2296   gd32f4xx_gpio.o
       422         12          0          0          0       7340   gd32f4xx_i2c.o
       328         32          0          0          0       2171   gd32f4xx_rcu.o
      1740         58          0          0          0       8799   i2c.o
      2024        362         20         41          0       8595   main.o
       310          8         12          8          0       2455   s1.o
       768         34         14         24          0       5044   s2.o
      1206          8         12          8          0       7571   s5.o
       166          8         12          8          0       2261   s7.o
        36          8        428          0       1024        856   startup_gd32f450_470.o
       472         30          0          0          0      42193   system_gd32f4xx.o

    ----------------------------------------------------------------------
      9128        590        636        116       1024     100010   Object Totals
         0          0         32          0          0          0   (incl. Generated)
        18          0          2          3          0          0   (incl. Padding)

    ----------------------------------------------------------------------

      Code (inc. data)   RO Data    RW Data    ZI Data      Debug   Library Member Name

        58          0          0          0          0        136   sqrtf.o
         0          0          0          0          0          0   entry.o
         0          0          0          0          0          0   entry10a.o
         0          0          0          0          0          0   entry11a.o
         4          0          0          0          0          0   entry12b.o
         8          4          0          0          0          0   entry2.o
         4          0          0          0          0          0   entry5.o
         0          0          0          0          0          0   entry7b.o
         0          0          0          0          0          0   entry8b.o
         8          4          0          0          0          0   entry9a.o
        12          6          0          4          0         68   errno.o
        30          0          0          0          0          0   handlers.o
        36          8          0          0          0         68   init.o
         0          0          0          0          0          0   iusefp.o
        30          0          0          0          0         68   llshl.o
        32          0          0          0          0         68   llushr.o
        26          0          0          0          0         80   memcmp.o
        36          0          0          0          0         68   memcpya.o
      1160         50          0          0          0        420   printf8.o
        14          0          0          0          0         68   strlen.o
        98          0          0          0          0         92   uldiv.o
        56          0          0          0          0         88   d2f.o
       186          0          0          0          0        176   depilogue.o
        34          0          0          0          0         76   dflti.o
       228          0          0          0          0         96   dmul.o
       110          0          0          0          0        168   fepilogue.o

    ----------------------------------------------------------------------
      2172         72          0          4          0       1740   Library Totals
         2          0          0          0          0          0   (incl. Padding)

    ----------------------------------------------------------------------

      Code (inc. data)   RO Data    RW Data    ZI Data      Debug   Library Name

        58          0          0          0          0        136   m_wm.l
      1498         72          0          4          0       1000   mc_w.l
       614          0          0          0          0        604   mf_w.l

    ----------------------------------------------------------------------
      2172         72          0          4          0       1740   Library Totals

    ----------------------------------------------------------------------

==============================================================================


      Code (inc. data)   RO Data    RW Data    ZI Data      Debug   

     11300        662        636        120       1024      93574   Grand Totals
     11300        662        636        120       1024      93574   ELF Image Totals
     11300        662        636        120          0          0   ROM Totals

==============================================================================

    Total RO  Size (Code + RO Data)                11936 (  11.66kB)
    Total RW  Size (RW Data + ZI Data)              1144 (   1.12kB)
    Total ROM Size (Code + RO Data + RW Data)      12056 (  11.77kB)

==============================================================================

