Component: ARM Compiler 5.06 update 7 (build 960) Tool: armlink [4d3601]

==============================================================================

Section Cross References

    startup_gd32f450_470.o(RESET) refers to startup_gd32f450_470.o(STACK) for __initial_sp
    startup_gd32f450_470.o(RESET) refers to startup_gd32f450_470.o(.text) for Reset_Handler
    startup_gd32f450_470.o(RESET) refers to main.o(i.TIMER0_UP_TIMER9_IRQHandler) for TIMER0_UP_TIMER9_IRQHandler
    startup_gd32f450_470.o(.text) refers to system_gd32f4xx.o(i.SystemInit) for SystemInit
    startup_gd32f450_470.o(.text) refers to entry.o(.ARM.Collect$$$$00000000) for __main
    system_gd32f4xx.o(i.SystemCoreClockUpdate) refers to system_gd32f4xx.o(.data) for SystemCoreClock
    system_gd32f4xx.o(i.SystemInit) refers to system_gd32f4xx.o(i.system_clock_config) for system_clock_config
    system_gd32f4xx.o(i.system_clock_config) refers to system_gd32f4xx.o(i.system_clock_200m_25m_hxtal) for system_clock_200m_25m_hxtal
    gd32f4xx_adc.o(i.adc_deinit) refers to gd32f4xx_rcu.o(i.rcu_periph_reset_enable) for rcu_periph_reset_enable
    gd32f4xx_adc.o(i.adc_deinit) refers to gd32f4xx_rcu.o(i.rcu_periph_reset_disable) for rcu_periph_reset_disable
    gd32f4xx_can.o(i.can_debug_freeze_disable) refers to gd32f4xx_dbg.o(i.dbg_periph_disable) for dbg_periph_disable
    gd32f4xx_can.o(i.can_debug_freeze_enable) refers to gd32f4xx_dbg.o(i.dbg_periph_enable) for dbg_periph_enable
    gd32f4xx_can.o(i.can_deinit) refers to gd32f4xx_rcu.o(i.rcu_periph_reset_enable) for rcu_periph_reset_enable
    gd32f4xx_can.o(i.can_deinit) refers to gd32f4xx_rcu.o(i.rcu_periph_reset_disable) for rcu_periph_reset_disable
    gd32f4xx_can.o(i.can_interrupt_flag_get) refers to gd32f4xx_can.o(i.can_receive_message_length_get) for can_receive_message_length_get
    gd32f4xx_can.o(i.can_interrupt_flag_get) refers to gd32f4xx_can.o(i.can_error_get) for can_error_get
    gd32f4xx_ctc.o(i.ctc_deinit) refers to gd32f4xx_rcu.o(i.rcu_periph_reset_enable) for rcu_periph_reset_enable
    gd32f4xx_ctc.o(i.ctc_deinit) refers to gd32f4xx_rcu.o(i.rcu_periph_reset_disable) for rcu_periph_reset_disable
    gd32f4xx_dac.o(i.dac_deinit) refers to gd32f4xx_rcu.o(i.rcu_periph_reset_enable) for rcu_periph_reset_enable
    gd32f4xx_dac.o(i.dac_deinit) refers to gd32f4xx_rcu.o(i.rcu_periph_reset_disable) for rcu_periph_reset_disable
    gd32f4xx_dci.o(i.dci_deinit) refers to gd32f4xx_rcu.o(i.rcu_periph_reset_enable) for rcu_periph_reset_enable
    gd32f4xx_dci.o(i.dci_deinit) refers to gd32f4xx_rcu.o(i.rcu_periph_reset_disable) for rcu_periph_reset_disable
    gd32f4xx_enet.o(i.enet_deinit) refers to gd32f4xx_rcu.o(i.rcu_periph_reset_enable) for rcu_periph_reset_enable
    gd32f4xx_enet.o(i.enet_deinit) refers to gd32f4xx_rcu.o(i.rcu_periph_reset_disable) for rcu_periph_reset_disable
    gd32f4xx_enet.o(i.enet_deinit) refers to gd32f4xx_enet.o(i.enet_initpara_reset) for enet_initpara_reset
    gd32f4xx_enet.o(i.enet_descriptors_chain_init) refers to gd32f4xx_enet.o(.bss) for txdesc_tab
    gd32f4xx_enet.o(i.enet_descriptors_chain_init) refers to gd32f4xx_enet.o(.data) for dma_current_txdesc
    gd32f4xx_enet.o(i.enet_descriptors_ring_init) refers to gd32f4xx_enet.o(.bss) for txdesc_tab
    gd32f4xx_enet.o(i.enet_descriptors_ring_init) refers to gd32f4xx_enet.o(.data) for dma_current_txdesc
    gd32f4xx_enet.o(i.enet_disable) refers to gd32f4xx_enet.o(i.enet_tx_disable) for enet_tx_disable
    gd32f4xx_enet.o(i.enet_disable) refers to gd32f4xx_enet.o(i.enet_rx_disable) for enet_rx_disable
    gd32f4xx_enet.o(i.enet_enable) refers to gd32f4xx_enet.o(i.enet_tx_enable) for enet_tx_enable
    gd32f4xx_enet.o(i.enet_enable) refers to gd32f4xx_enet.o(i.enet_rx_enable) for enet_rx_enable
    gd32f4xx_enet.o(i.enet_frame_receive) refers to gd32f4xx_enet.o(.data) for dma_current_rxdesc
    gd32f4xx_enet.o(i.enet_frame_transmit) refers to gd32f4xx_enet.o(.data) for dma_current_txdesc
    gd32f4xx_enet.o(i.enet_init) refers to gd32f4xx_enet.o(i.enet_phy_config) for enet_phy_config
    gd32f4xx_enet.o(i.enet_init) refers to gd32f4xx_enet.o(i.enet_delay) for enet_delay
    gd32f4xx_enet.o(i.enet_init) refers to gd32f4xx_enet.o(i.enet_default_init) for enet_default_init
    gd32f4xx_enet.o(i.enet_init) refers to gd32f4xx_enet.o(i.enet_phy_write_read) for enet_phy_write_read
    gd32f4xx_enet.o(i.enet_init) refers to gd32f4xx_enet.o(.bss) for enet_initpara
    gd32f4xx_enet.o(i.enet_initpara_config) refers to gd32f4xx_enet.o(.bss) for enet_initpara
    gd32f4xx_enet.o(i.enet_initpara_reset) refers to gd32f4xx_enet.o(.bss) for enet_initpara
    gd32f4xx_enet.o(i.enet_phy_config) refers to gd32f4xx_rcu.o(i.rcu_clock_freq_get) for rcu_clock_freq_get
    gd32f4xx_enet.o(i.enet_phy_config) refers to gd32f4xx_enet.o(i.enet_phy_write_read) for enet_phy_write_read
    gd32f4xx_enet.o(i.enet_phy_config) refers to gd32f4xx_enet.o(i.enet_delay) for enet_delay
[...]
    Removing gd32f4xx_timer.o(i.timer_master_slave_mode_config), (26 bytes).
    Removing gd32f4xx_timer.o(i.timer_output_value_selection_config), (34 bytes).
    Removing gd32f4xx_timer.o(i.timer_prescaler_config), (14 bytes).
    Removing gd32f4xx_timer.o(i.timer_prescaler_read), (10 bytes).
    Removing gd32f4xx_timer.o(i.timer_primary_output_config), (24 bytes).
    Removing gd32f4xx_timer.o(i.timer_quadrature_decoder_mode_config), (64 bytes).
    Removing gd32f4xx_timer.o(i.timer_repetition_value_config), (4 bytes).
    Removing gd32f4xx_timer.o(i.timer_single_pulse_mode_config), (26 bytes).
    Removing gd32f4xx_timer.o(i.timer_slave_mode_select), (16 bytes).
    Removing gd32f4xx_timer.o(i.timer_struct_para_init), (22 bytes).
    Removing gd32f4xx_timer.o(i.timer_update_event_disable), (10 bytes).
    Removing gd32f4xx_timer.o(i.timer_update_event_enable), (10 bytes).
    Removing gd32f4xx_timer.o(i.timer_update_source_config), (26 bytes).
    Removing gd32f4xx_timer.o(i.timer_write_chxval_register_config), (34 bytes).
    Removing gd32f4xx_tli.o(.rev16_text), (4 bytes).
    Removing gd32f4xx_tli.o(.revsh_text), (4 bytes).
    Removing gd32f4xx_tli.o(i.tli_color_key_disable), (14 bytes).
    Removing gd32f4xx_tli.o(i.tli_color_key_enable), (14 bytes).
    Removing gd32f4xx_tli.o(i.tli_color_key_init), (16 bytes).
    Removing gd32f4xx_tli.o(i.tli_current_pos_get), (12 bytes).
    Removing gd32f4xx_tli.o(i.tli_deinit), (20 bytes).
    Removing gd32f4xx_tli.o(i.tli_disable), (20 bytes).
    Removing gd32f4xx_tli.o(i.tli_dither_config), (36 bytes).
    Removing gd32f4xx_tli.o(i.tli_enable), (20 bytes).
    Removing gd32f4xx_tli.o(i.tli_flag_get), (36 bytes).
    Removing gd32f4xx_tli.o(i.tli_init), (188 bytes).
    Removing gd32f4xx_tli.o(i.tli_interrupt_disable), (16 bytes).
    Removing gd32f4xx_tli.o(i.tli_interrupt_enable), (16 bytes).
    Removing gd32f4xx_tli.o(i.tli_interrupt_flag_clear), (16 bytes).
    Removing gd32f4xx_tli.o(i.tli_interrupt_flag_get), (36 bytes).
    Removing gd32f4xx_tli.o(i.tli_layer_disable), (14 bytes).
    Removing gd32f4xx_tli.o(i.tli_layer_enable), (14 bytes).
    Removing gd32f4xx_tli.o(i.tli_layer_init), (152 bytes).
    Removing gd32f4xx_tli.o(i.tli_layer_struct_para_init), (48 bytes).
    Removing gd32f4xx_tli.o(i.tli_layer_window_offset_modify), (228 bytes).
    Removing gd32f4xx_tli.o(i.tli_line_mark_set), (24 bytes).
    Removing gd32f4xx_tli.o(i.tli_lut_disable), (14 bytes).
    Removing gd32f4xx_tli.o(i.tli_lut_enable), (14 bytes).
    Removing gd32f4xx_tli.o(i.tli_lut_init), (28 bytes).
    Removing gd32f4xx_tli.o(i.tli_lut_struct_para_init), (12 bytes).
    Removing gd32f4xx_tli.o(i.tli_reload_config), (36 bytes).
    Removing gd32f4xx_tli.o(i.tli_struct_para_init), (34 bytes).
    Removing gd32f4xx_trng.o(.rev16_text), (4 bytes).
    Removing gd32f4xx_trng.o(.revsh_text), (4 bytes).
    Removing gd32f4xx_trng.o(i.trng_deinit), (20 bytes).
    Removing gd32f4xx_trng.o(i.trng_disable), (20 bytes).
    Removing gd32f4xx_trng.o(i.trng_enable), (20 bytes).
    Removing gd32f4xx_trng.o(i.trng_flag_get), (24 bytes).
    Removing gd32f4xx_trng.o(i.trng_get_true_random_data), (12 bytes).
    Removing gd32f4xx_trng.o(i.trng_interrupt_disable), (20 bytes).
    Removing gd32f4xx_trng.o(i.trng_interrupt_enable), (20 bytes).
    Removing gd32f4xx_trng.o(i.trng_interrupt_flag_clear), (16 bytes).
    Removing gd32f4xx_trng.o(i.trng_interrupt_flag_get), (24 bytes).
    Removing gd32f4xx_usart.o(.rev16_text), (4 bytes).
    Removing gd32f4xx_usart.o(.revsh_text), (4 bytes).
    Removing gd32f4xx_usart.o(i.usart_address_config), (20 bytes).
    Removing gd32f4xx_usart.o(i.usart_baudrate_set), (232 bytes).
    Removing gd32f4xx_usart.o(i.usart_block_length_config), (28 bytes).
    Removing gd32f4xx_usart.o(i.usart_break_frame_coherence_config), (24 bytes).
    Removing gd32f4xx_usart.o(i.usart_data_first_config), (20 bytes).
    Removing gd32f4xx_usart.o(i.usart_data_receive), (10 bytes).
    Removing gd32f4xx_usart.o(i.usart_data_transmit), (8 bytes).
    Removing gd32f4xx_usart.o(i.usart_deinit), (220 bytes).
    Removing gd32f4xx_usart.o(i.usart_disable), (10 bytes).
    Removing gd32f4xx_usart.o(i.usart_dma_receive_config), (20 bytes).
    Removing gd32f4xx_usart.o(i.usart_dma_transmit_config), (20 bytes).
    Removing gd32f4xx_usart.o(i.usart_enable), (10 bytes).
    Removing gd32f4xx_usart.o(i.usart_flag_clear), (26 bytes).
    Removing gd32f4xx_usart.o(i.usart_flag_get), (30 bytes).
    Removing gd32f4xx_usart.o(i.usart_guard_time_config), (24 bytes).
    Removing gd32f4xx_usart.o(i.usart_halfduplex_disable), (10 bytes).
    Removing gd32f4xx_usart.o(i.usart_halfduplex_enable), (10 bytes).
    Removing gd32f4xx_usart.o(i.usart_hardware_flow_coherence_config), (24 bytes).
    Removing gd32f4xx_usart.o(i.usart_hardware_flow_cts_config), (20 bytes).
    Removing gd32f4xx_usart.o(i.usart_hardware_flow_rts_config), (20 bytes).
    Removing gd32f4xx_usart.o(i.usart_interrupt_disable), (26 bytes).
    Removing gd32f4xx_usart.o(i.usart_interrupt_enable), (26 bytes).
    Removing gd32f4xx_usart.o(i.usart_interrupt_flag_clear), (26 bytes).
    Removing gd32f4xx_usart.o(i.usart_interrupt_flag_get), (56 bytes).
    Removing gd32f4xx_usart.o(i.usart_invert_config), (104 bytes).
    Removing gd32f4xx_usart.o(i.usart_irda_lowpower_config), (20 bytes).
    Removing gd32f4xx_usart.o(i.usart_irda_mode_disable), (10 bytes).
    Removing gd32f4xx_usart.o(i.usart_irda_mode_enable), (10 bytes).
    Removing gd32f4xx_usart.o(i.usart_lin_break_detection_length_config), (20 bytes).
    Removing gd32f4xx_usart.o(i.usart_lin_mode_disable), (10 bytes).
    Removing gd32f4xx_usart.o(i.usart_lin_mode_enable), (10 bytes).
    Removing gd32f4xx_usart.o(i.usart_mute_mode_disable), (10 bytes).
    Removing gd32f4xx_usart.o(i.usart_mute_mode_enable), (10 bytes).
    Removing gd32f4xx_usart.o(i.usart_mute_mode_wakeup_config), (16 bytes).
    Removing gd32f4xx_usart.o(i.usart_oversample_config), (16 bytes).
    Removing gd32f4xx_usart.o(i.usart_parity_check_coherence_config), (24 bytes).
    Removing gd32f4xx_usart.o(i.usart_parity_config), (16 bytes).
    Removing gd32f4xx_usart.o(i.usart_prescaler_config), (16 bytes).
    Removing gd32f4xx_usart.o(i.usart_receive_config), (16 bytes).
    Removing gd32f4xx_usart.o(i.usart_receiver_timeout_disable), (14 bytes).
    Removing gd32f4xx_usart.o(i.usart_receiver_timeout_enable), (14 bytes).
    Removing gd32f4xx_usart.o(i.usart_receiver_timeout_threshold_config), (20 bytes).
    Removing gd32f4xx_usart.o(i.usart_sample_bit_config), (16 bytes).
    Removing gd32f4xx_usart.o(i.usart_send_break), (10 bytes).
    Removing gd32f4xx_usart.o(i.usart_smartcard_autoretry_config), (26 bytes).
    Removing gd32f4xx_usart.o(i.usart_smartcard_mode_disable), (10 bytes).
    Removing gd32f4xx_usart.o(i.usart_smartcard_mode_enable), (10 bytes).
    Removing gd32f4xx_usart.o(i.usart_smartcard_mode_nack_disable), (10 bytes).
    Removing gd32f4xx_usart.o(i.usart_smartcard_mode_nack_enable), (10 bytes).
    Removing gd32f4xx_usart.o(i.usart_stop_bit_set), (16 bytes).
    Removing gd32f4xx_usart.o(i.usart_synchronous_clock_config), (30 bytes).
    Removing gd32f4xx_usart.o(i.usart_synchronous_clock_disable), (10 bytes).
    Removing gd32f4xx_usart.o(i.usart_synchronous_clock_enable), (10 bytes).
    Removing gd32f4xx_usart.o(i.usart_transmit_config), (16 bytes).
    Removing gd32f4xx_usart.o(i.usart_word_length_set), (16 bytes).
    Removing gd32f4xx_wwdgt.o(.rev16_text), (4 bytes).
    Removing gd32f4xx_wwdgt.o(.revsh_text), (4 bytes).
    Removing gd32f4xx_wwdgt.o(i.wwdgt_config), (28 bytes).
    Removing gd32f4xx_wwdgt.o(i.wwdgt_counter_update), (16 bytes).
    Removing gd32f4xx_wwdgt.o(i.wwdgt_deinit), (20 bytes).
    Removing gd32f4xx_wwdgt.o(i.wwdgt_enable), (20 bytes).
    Removing gd32f4xx_wwdgt.o(i.wwdgt_flag_clear), (12 bytes).
    Removing gd32f4xx_wwdgt.o(i.wwdgt_flag_get), (24 bytes).
    Removing gd32f4xx_wwdgt.o(i.wwdgt_interrupt_enable), (20 bytes).
    Removing delay.o(i.delay_ms), (26 bytes).
    Removing e1.o(.rev16_text), (4 bytes).
    Removing e1.o(.revsh_text), (4 bytes).
    Removing e2.o(.rev16_text), (4 bytes).
    Removing e2.o(.revsh_text), (4 bytes).
    Removing e3.o(.rev16_text), (4 bytes).
    Removing e3.o(.revsh_text), (4 bytes).
    Removing e3.o(i.e3_curtain_init), (88 bytes).
    Removing e3.o(i.e3_curtain_position_get), (28 bytes).
    Removing e3.o(i.e3_curtain_position_set), (18 bytes).
    Removing e3.o(i.e3_curtain_status_get), (28 bytes).
    Removing e3.o(.constdata), (12 bytes).
    Removing e3.o(.data), (8 bytes).
    Removing i2c.o(.rev16_text), (4 bytes).
    Removing i2c.o(.revsh_text), (4 bytes).
    Removing i2c.o(.constdata), (8 bytes).
    Removing s1.o(.rev16_text), (4 bytes).
    Removing s1.o(.revsh_text), (4 bytes).
    Removing s2.o(.rev16_text), (4 bytes).
    Removing s2.o(.revsh_text), (4 bytes).
    Removing s2.o(i.s2_sht3x_crc_cal), (56 bytes).
    Removing s2.o(i.s2_sht3x_init), (16 bytes).
    Removing s2.o(i.s2_ths_init), (96 bytes).
    Removing s2.o(i.s2_ths_value_get), (256 bytes).
    Removing s5.o(.rev16_text), (4 bytes).
    Removing s5.o(.revsh_text), (4 bytes).
    Removing s5.o(i.s5_ms523_crc_calc), (146 bytes).
    Removing s5.o(i.s5_nfc_auth), (132 bytes).
    Removing s5.o(i.s5_nfc_halt), (64 bytes).
    Removing s5.o(i.s5_nfc_read), (100 bytes).
    Removing s5.o(i.s5_nfc_select), (134 bytes).
    Removing s5.o(i.s5_nfc_write), (178 bytes).
    Removing s6.o(.rev16_text), (4 bytes).
    Removing s6.o(.revsh_text), (4 bytes).
    Removing s6.o(i.s6_ultrasonic_distance_get), (46 bytes).
    Removing s6.o(i.s6_ultrasonic_init), (88 bytes).
    Removing s6.o(.constdata), (12 bytes).
    Removing s6.o(.data), (8 bytes).
    Removing s7.o(.rev16_text), (4 bytes).
    Removing s7.o(.revsh_text), (4 bytes).
    Removing s8.o(.rev16_text), (4 bytes).
    Removing s8.o(.revsh_text), (4 bytes).
    Removing s8.o(i.s8_sht3x_crc_cal), (56 bytes).
    Removing s8.o(i.s8_sht3x_init), (16 bytes).
    Removing s8.o(i.s8_ths_init), (96 bytes).
    Removing s8.o(i.s8_ths_value_get), (256 bytes).
    Removing s8.o(.constdata), (10 bytes).
    Removing s8.o(.data), (8 bytes).
    Removing s11.o(.rev16_text), (4 bytes).
    Removing s11.o(.revsh_text), (4 bytes).
    Removing s11.o(i.s11_scale_init), (88 bytes).
    Removing s11.o(i.s11_scale_weight_get), (52 bytes).
    Removing s11.o(.constdata), (12 bytes).
    Removing s11.o(.data), (8 bytes).
    Removing u1.o(.rev16_text), (4 bytes).
    Removing u1.o(.revsh_text), (4 bytes).
    Removing u1.o(i.u1_delay_ms), (26 bytes).
    Removing u1.o(i.u1_led_init), (48 bytes).
    Removing u1.o(i.u1_led_off), (16 bytes).
    Removing u1.o(i.u1_led_on), (16 bytes).
    Removing u1.o(i.u1_led_toggle), (16 bytes).
    Removing u1.o(i.u1_timer0_init), (96 bytes).
    Removing main.o(.rev16_text), (4 bytes).
    Removing main.o(.revsh_text), (4 bytes).
    Removing main.o(.constdata), (8 bytes).
    Removing dadd.o(.text), (334 bytes).
    Removing ddiv.o(.text), (222 bytes).
    Removing dfltui.o(.text), (26 bytes).
    Removing dfixul.o(.text), (48 bytes).
    Removing cdrcmple.o(.text), (48 bytes).

957 unused section(s) (total 57676 bytes) removed from the image.

==============================================================================

Image Symbol Table

    Local Symbols

    Symbol Name                              Value     Ov Type        Size  Object(Section)

    ../clib/microlib/division.c              0x00000000   Number         0  uldiv.o ABSOLUTE
    ../clib/microlib/division.c              0x00000000   Number         0  uidiv.o ABSOLUTE
    ../clib/microlib/init/entry.s            0x00000000   Number         0  entry7b.o ABSOLUTE
    ../clib/microlib/init/entry.s            0x00000000   Number         0  entry11a.o ABSOLUTE
    ../clib/microlib/init/entry.s            0x00000000   Number         0  entry5.o ABSOLUTE
    ../clib/microlib/init/entry.s            0x00000000   Number         0  entry.o ABSOLUTE
    ../clib/microlib/init/entry.s            0x00000000   Number         0  entry11b.o ABSOLUTE
    ../clib/microlib/init/entry.s            0x00000000   Number         0  entry12a.o ABSOLUTE
    ../clib/microlib/init/entry.s            0x00000000   Number         0  entry10a.o ABSOLUTE
    ../clib/microlib/init/entry.s            0x00000000   Number         0  entry9b.o ABSOLUTE
    ../clib/microlib/init/entry.s            0x00000000   Number         0  entry12b.o ABSOLUTE
    ../clib/microlib/init/entry.s            0x00000000   Number         0  entry7a.o ABSOLUTE
    ../clib/microlib/init/entry.s            0x00000000   Number         0  entry9a.o ABSOLUTE
    ../clib/microlib/init/entry.s            0x00000000   Number         0  entry8b.o ABSOLUTE
    ../clib/microlib/init/entry.s            0x00000000   Number         0  entry2.o ABSOLUTE
    ../clib/microlib/init/entry.s            0x00000000   Number         0  entry8a.o ABSOLUTE
    ../clib/microlib/init/entry.s            0x00000000   Number         0  entry10b.o ABSOLUTE
    ../clib/microlib/longlong.c              0x00000000   Number         0  llushr.o ABSOLUTE
    ../clib/microlib/longlong.c              0x00000000   Number         0  llsshr.o ABSOLUTE
    ../clib/microlib/longlong.c              0x00000000   Number         0  llshl.o ABSOLUTE
    ../clib/microlib/printf/printf.c         0x00000000   Number         0  printf1.o ABSOLUTE
    ../clib/microlib/printf/printf.c         0x00000000   Number         0  printf3.o ABSOLUTE
    ../clib/microlib/printf/printf.c         0x00000000   Number         0  printf5.o ABSOLUTE
    ../clib/microlib/printf/printf.c         0x00000000   Number         0  printf6.o ABSOLUTE
    ../clib/microlib/printf/printf.c         0x00000000   Number         0  printf0.o ABSOLUTE
    ../clib/microlib/printf/printf.c         0x00000000   Number         0  printf7.o ABSOLUTE
    ../clib/microlib/printf/printf.c         0x00000000   Number         0  printfb.o ABSOLUTE
    ../clib/microlib/printf/printf.c         0x00000000   Number         0  printfa.o ABSOLUTE
    ../clib/microlib/printf/printf.c         0x00000000   Number         0  printf4.o ABSOLUTE
    ../clib/microlib/printf/printf.c         0x00000000   Number         0  printf2.o ABSOLUTE
    ../clib/microlib/printf/printf.c         0x00000000   Number         0  printf8.o ABSOLUTE
    ../clib/microlib/printf/stubs.s          0x00000000   Number         0  stubs.o ABSOLUTE
    ../clib/microlib/stdio/fputc.c           0x00000000   Number         0  fputc.o ABSOLUTE
    ../clib/microlib/stdio/semi.s            0x00000000   Number         0  semi.o ABSOLUTE
    ../clib/microlib/stdio/streams.c         0x00000000   Number         0  stdout.o ABSOLUTE
    ../clib/microlib/string/memcmp.c         0x00000000   Number         0  memcmp.o ABSOLUTE
    ../clib/microlib/string/memcpy.c         0x00000000   Number         0  memcpyb.o ABSOLUTE
    ../clib/microlib/string/memcpy.c         0x00000000   Number         0  memcpya.o ABSOLUTE
    ../clib/microlib/string/strlen.c         0x00000000   Number         0  strlen.o ABSOLUTE
    ../clib/microlib/stubs.s                 0x00000000   Number         0  iusesemip.o ABSOLUTE
    ../clib/microlib/stubs.s                 0x00000000   Number         0  iusefp.o ABSOLUTE
    ../fplib/microlib/d2f.c                  0x00000000   Number         0  d2f.o ABSOLUTE
    ../fplib/microlib/fpadd.c                0x00000000   Number         0  dadd.o ABSOLUTE
    ../fplib/microlib/fpdiv.c                0x00000000   Number         0  ddiv.o ABSOLUTE
    ../fplib/microlib/fpepilogue.c           0x00000000   Number         0  fepilogue.o ABSOLUTE
    ../fplib/microlib/fpepilogue.c           0x00000000   Number         0  depilogue.o ABSOLUTE
    ../fplib/microlib/fpfix.c                0x00000000   Number         0  dfixul.o ABSOLUTE
    ../fplib/microlib/fpflt.c                0x00000000   Number         0  dflti.o ABSOLUTE
    ../fplib/microlib/fpflt.c                0x00000000   Number         0  dfltui.o ABSOLUTE
    ../fplib/microlib/fpmul.c                0x00000000   Number         0  dmul.o ABSOLUTE
    ..\Application\src\main.c                0x00000000   Number         0  main.o ABSOLUTE
    ..\BSP\src\delay.c                       0x00000000   Number         0  delay.o ABSOLUTE
    ..\BSP\src\e1.c                          0x00000000   Number         0  e1.o ABSOLUTE
    ..\BSP\src\e2.c                          0x00000000   Number         0  e2.o ABSOLUTE
    ..\BSP\src\e3.c                          0x00000000   Number         0  e3.o ABSOLUTE
    ..\BSP\src\i2c.c                         0x00000000   Number         0  i2c.o ABSOLUTE
    ..\BSP\src\s1.c                          0x00000000   Number         0  s1.o ABSOLUTE
    ..\BSP\src\s11.c                         0x00000000   Number         0  s11.o ABSOLUTE
    ..\BSP\src\s2.c                          0x00000000   Number         0  s2.o ABSOLUTE
    ..\BSP\src\s5.c                          0x00000000   Number         0  s5.o ABSOLUTE
    ..\BSP\src\s6.c                          0x00000000   Number         0  s6.o ABSOLUTE
    ..\BSP\src\s7.c                          0x00000000   Number         0  s7.o ABSOLUTE
    ..\BSP\src\s8.c                          0x00000000   Number         0  s8.o ABSOLUTE
    ..\BSP\src\u1.c                          0x00000000   Number         0  u1.o ABSOLUTE
    ..\CMSIS\gd32f4xx\src\system_gd32f4xx.c  0x00000000   Number         0  system_gd32f4xx.o ABSOLUTE
    ..\Peripherals\src\gd32f4xx_adc.c        0x00000000   Number         0  gd32f4xx_adc.o ABSOLUTE
    ..\Peripherals\src\gd32f4xx_can.c        0x00000000   Number         0  gd32f4xx_can.o ABSOLUTE
    ..\Peripherals\src\gd32f4xx_crc.c        0x00000000   Number         0  gd32f4xx_crc.o ABSOLUTE
    ..\Peripherals\src\gd32f4xx_ctc.c        0x00000000   Number         0  gd32f4xx_ctc.o ABSOLUTE
    ..\Peripherals\src\gd32f4xx_dac.c        0x00000000   Number         0  gd32f4xx_dac.o ABSOLUTE
    ..\Peripherals\src\gd32f4xx_dbg.c        0x00000000   Number         0  gd32f4xx_dbg.o ABSOLUTE
    ..\Peripherals\src\gd32f4xx_dci.c        0x00000000   Number         0  gd32f4xx_dci.o ABSOLUTE
    ..\Peripherals\src\gd32f4xx_dma.c        0x00000000   Number         0  gd32f4xx_dma.o ABSOLUTE
    ..\Peripherals\src\gd32f4xx_enet.c       0x00000000   Number         0  gd32f4xx_enet.o ABSOLUTE
    ..\Peripherals\src\gd32f4xx_exmc.c       0x00000000   Number         0  gd32f4xx_exmc.o ABSOLUTE
    ..\Peripherals\src\gd32f4xx_exti.c       0x00000000   Number         0  gd32f4xx_exti.o ABSOLUTE
    ..\Peripherals\src\gd32f4xx_fmc.c        0x00000000   Number         0  gd32f4xx_fmc.o ABSOLUTE
    ..\Peripherals\src\gd32f4xx_fwdgt.c      0x00000000   Number         0  gd32f4xx_fwdgt.o ABSOLUTE
    ..\Peripherals\src\gd32f4xx_gpio.c       0x00000000   Number         0  gd32f4xx_gpio.o ABSOLUTE
    ..\Peripherals\src\gd32f4xx_i2c.c        0x00000000   Number         0  gd32f4xx_i2c.o ABSOLUTE
    ..\Peripherals\src\gd32f4xx_ipa.c        0x00000000   Number         0  gd32f4xx_ipa.o ABSOLUTE
    ..\Peripherals\src\gd32f4xx_iref.c       0x00000000   Number         0  gd32f4xx_iref.o ABSOLUTE
    ..\Peripherals\src\gd32f4xx_misc.c       0x00000000   Number         0  gd32f4xx_misc.o ABSOLUTE
    ..\Peripherals\src\gd32f4xx_pmu.c        0x00000000   Number         0  gd32f4xx_pmu.o ABSOLUTE
    ..\Peripherals\src\gd32f4xx_rcu.c        0x00000000   Number         0  gd32f4xx_rcu.o ABSOLUTE
    ..\Peripherals\src\gd32f4xx_rtc.c        0x00000000   Number         0  gd32f4xx_rtc.o ABSOLUTE
    ..\Peripherals\src\gd32f4xx_sdio.c       0x00000000   Number         0  gd32f4xx_sdio.o ABSOLUTE
    ..\Peripherals\src\gd32f4xx_spi.c        0x00000000   Number         0  gd32f4xx_spi.o ABSOLUTE
    ..\Peripherals\src\gd32f4xx_syscfg.c     0x00000000   Number         0  gd32f4xx_syscfg.o ABSOLUTE
    ..\Peripherals\src\gd32f4xx_timer.c      0x00000000   Number         0  gd32f4xx_timer.o ABSOLUTE
    ..\Peripherals\src\gd32f4xx_tli.c        0x00000000   Number         0  gd32f4xx_tli.o ABSOLUTE
    ..\Peripherals\src\gd32f4xx_trng.c       0x00000000   Number         0  gd32f4xx_trng.o ABSOLUTE
    ..\Peripherals\src\gd32f4xx_usart.c      0x00000000   Number         0  gd32f4xx_usart.o ABSOLUTE
    ..\Peripherals\src\gd32f4xx_wwdgt.c      0x00000000   Number         0  gd32f4xx_wwdgt.o ABSOLUTE
    ..\Startup\startup_gd32f450_470.s        0x00000000   Number         0  startup_gd32f450_470.o ABSOLUTE
    ..\\Application\\src\\main.c             0x00000000   Number         0  main.o ABSOLUTE
    ..\\BSP\\src\\e1.c                       0x00000000   Number         0  e1.o ABSOLUTE
    ..\\BSP\\src\\e2.c                       0x00000000   Number         0  e2.o ABSOLUTE
    ..\\BSP\\src\\e3.c                       0x00000000   Number         0  e3.o ABSOLUTE
    ..\\BSP\\src\\i2c.c                      0x00000000   Number         0  i2c.o ABSOLUTE
    ..\\BSP\\src\\s1.c                       0x00000000   Number         0  s1.o ABSOLUTE
    ..\\BSP\\src\\s11.c                      0x00000000   Number         0  s11.o ABSOLUTE
    ..\\BSP\\src\\s2.c                       0x00000000   Number         0  s2.o ABSOLUTE
    ..\\BSP\\src\\s5.c                       0x00000000   Number         0  s5.o ABSOLUTE
    ..\\BSP\\src\\s6.c                       0x00000000   Number         0  s6.o ABSOLUTE
    ..\\BSP\\src\\s7.c                       0x00000000   Number         0  s7.o ABSOLUTE
    ..\\BSP\\src\\s8.c                       0x00000000   Number         0  s8.o ABSOLUTE
    ..\\BSP\\src\\u1.c                       0x00000000   Number         0  u1.o ABSOLUTE
    ..\\CMSIS\\gd32f4xx\\src\\system_gd32f4xx.c 0x00000000   Number         0  system_gd32f4xx.o ABSOLUTE
    ..\\Peripherals\\src\\gd32f4xx_adc.c     0x00000000   Number         0  gd32f4xx_adc.o ABSOLUTE
    ..\\Peripherals\\src\\gd32f4xx_can.c     0x00000000   Number         0  gd32f4xx_can.o ABSOLUTE
    ..\\Peripherals\\src\\gd32f4xx_crc.c     0x00000000   Number         0  gd32f4xx_crc.o ABSOLUTE
    ..\\Peripherals\\src\\gd32f4xx_ctc.c     0x00000000   Number         0  gd32f4xx_ctc.o ABSOLUTE
    ..\\Peripherals\\src\\gd32f4xx_dac.c     0x00000000   Number         0  gd32f4xx_dac.o ABSOLUTE
    ..\\Peripherals\\src\\gd32f4xx_dbg.c     0x00000000   Number         0  gd32f4xx_dbg.o ABSOLUTE
    ..\\Peripherals\\src\\gd32f4xx_dci.c     0x00000000   Number         0  gd32f4xx_dci.o ABSOLUTE
    ..\\Peripherals\\src\\gd32f4xx_dma.c     0x00000000   Number         0  gd32f4xx_dma.o ABSOLUTE
    ..\\Peripherals\\src\\gd32f4xx_enet.c    0x00000000   Number         0  gd32f4xx_enet.o ABSOLUTE
    ..\\Peripherals\\src\\gd32f4xx_exmc.c    0x00000000   Number         0  gd32f4xx_exmc.o ABSOLUTE
    ..\\Peripherals\\src\\gd32f4xx_exti.c    0x00000000   Number         0  gd32f4xx_exti.o ABSOLUTE
    ..\\Peripherals\\src\\gd32f4xx_fmc.c     0x00000000   Number         0  gd32f4xx_fmc.o ABSOLUTE
    ..\\Peripherals\\src\\gd32f4xx_fwdgt.c   0x00000000   Number         0  gd32f4xx_fwdgt.o ABSOLUTE
    ..\\Peripherals\\src\\gd32f4xx_gpio.c    0x00000000   Number         0  gd32f4xx_gpio.o ABSOLUTE
    ..\\Peripherals\\src\\gd32f4xx_i2c.c     0x00000000   Number         0  gd32f4xx_i2c.o ABSOLUTE
    ..\\Peripherals\\src\\gd32f4xx_ipa.c     0x00000000   Number         0  gd32f4xx_ipa.o ABSOLUTE
    ..\\Peripherals\\src\\gd32f4xx_iref.c    0x00000000   Number         0  gd32f4xx_iref.o ABSOLUTE
    ..\\Peripherals\\src\\gd32f4xx_misc.c    0x00000000   Number         0  gd32f4xx_misc.o ABSOLUTE
    ..\\Peripherals\\src\\gd32f4xx_pmu.c     0x00000000   Number         0  gd32f4xx_pmu.o ABSOLUTE
    ..\\Peripherals\\src\\gd32f4xx_rcu.c     0x00000000   Number         0  gd32f4xx_rcu.o ABSOLUTE
    ..\\Peripherals\\src\\gd32f4xx_rtc.c     0x00000000   Number         0  gd32f4xx_rtc.o ABSOLUTE
    ..\\Peripherals\\src\\gd32f4xx_sdio.c    0x00000000   Number         0  gd32f4xx_sdio.o ABSOLUTE
    ..\\Peripherals\\src\\gd32f4xx_spi.c     0x00000000   Number         0  gd32f4xx_spi.o ABSOLUTE
    ..\\Peripherals\\src\\gd32f4xx_syscfg.c  0x00000000   Number         0  gd32f4xx_syscfg.o ABSOLUTE
    ..\\Peripherals\\src\\gd32f4xx_timer.c   0x00000000   Number         0  gd32f4xx_timer.o ABSOLUTE
    ..\\Peripherals\\src\\gd32f4xx_tli.c     0x00000000   Number         0  gd32f4xx_tli.o ABSOLUTE
    ..\\Peripherals\\src\\gd32f4xx_trng.c    0x00000000   Number         0  gd32f4xx_trng.o ABSOLUTE
    ..\\Peripherals\\src\\gd32f4xx_usart.c   0x00000000   Number         0  gd32f4xx_usart.o ABSOLUTE
    ..\\Peripherals\\src\\gd32f4xx_wwdgt.c   0x00000000   Number         0  gd32f4xx_wwdgt.o ABSOLUTE
    cdrcmple.s                               0x00000000   Number         0  cdrcmple.o ABSOLUTE
    dc.s                                     0x00000000   Number         0  dc.o ABSOLUTE
    handlers.s                               0x00000000   Number         0  handlers.o ABSOLUTE
    init.s                                   0x00000000   Number         0  init.o ABSOLUTE
    RESET                                    0x08000000   Section      428  startup_gd32f450_470.o(RESET)
    .ARM.Collect$$$$00000000                 0x080001ac   Section        0  entry.o(.ARM.Collect$$$$00000000)
    .ARM.Collect$$$$00000001                 0x080001ac   Section        4  entry2.o(.ARM.Collect$$$$00000001)
    .ARM.Collect$$$$00000004                 0x080001b0   Section        4  entry5.o(.ARM.Collect$$$$00000004)
    .ARM.Collect$$$$00000008                 0x080001b4   Section        0  entry7b.o(.ARM.Collect$$$$00000008)
    .ARM.Collect$$$$0000000A                 0x080001b4   Section        0  entry8b.o(.ARM.Collect$$$$0000000A)
    .ARM.Collect$$$$0000000B                 0x080001b4   Section        8  entry9a.o(.ARM.Collect$$$$0000000B)
    .ARM.Collect$$$$0000000E                 0x080001bc   Section        4  entry12b.o(.ARM.Collect$$$$0000000E)
    .ARM.Collect$$$$0000000F                 0x080001c0   Section        0  entry10a.o(.ARM.Collect$$$$0000000F)
    .ARM.Collect$$$$00000011                 0x080001c0   Section        0  entry11a.o(.ARM.Collect$$$$00000011)
    .ARM.Collect$$$$00002712                 0x080001c0   Section        4  entry2.o(.ARM.Collect$$$$00002712)
    __lit__00000000                          0x080001c0   Data           4  entry2.o(.ARM.Collect$$$$00002712)
    .text                                    0x080001c4   Section       36  startup_gd32f450_470.o(.text)
    $v0                                      0x080001c4   Number         0  startup_gd32f450_470.o(.text)
    .text                                    0x080001e8   Section        0  memcpya.o(.text)
    .text                                    0x0800020c   Section        0  strlen.o(.text)
    .text                                    0x0800021a   Section        0  memcmp.o(.text)
    .text                                    0x08000234   Section        0  dmul.o(.text)
    .text                                    0x08000318   Section        0  dflti.o(.text)
    .text                                    0x0800033a   Section        0  d2f.o(.text)
    .text                                    0x08000372   Section        0  uldiv.o(.text)
    .text                                    0x080003d4   Section        0  llshl.o(.text)
    .text                                    0x080003f2   Section        0  fepilogue.o(.text)
    .text                                    0x080003f2   Section        0  iusefp.o(.text)
    .text                                    0x08000460   Section        0  depilogue.o(.text)
    .text                                    0x0800051c   Section       36  init.o(.text)
    .text                                    0x08000540   Section        0  llushr.o(.text)
    i.SystemInit                             0x08000560   Section        0  system_gd32f4xx.o(i.SystemInit)
    i.TIMER0_UP_TIMER9_IRQHandler            0x08000634   Section        0  main.o(i.TIMER0_UP_TIMER9_IRQHandler)
    i.__0sprintf$8                           0x08000684   Section        0  printf8.o(i.__0sprintf$8)
    i.__scatterload_copy                     0x080006ac   Section       14  handlers.o(i.__scatterload_copy)
    i.__scatterload_null                     0x080006ba   Section        2  handlers.o(i.__scatterload_null)
    i.__scatterload_zeroinit                 0x080006bc   Section       14  handlers.o(i.__scatterload_zeroinit)
    i._printf_core                           0x080006cc   Section        0  printf8.o(i._printf_core)
    _printf_core                             0x080006cd   Thumb Code   984  printf8.o(i._printf_core)
    i._printf_post_padding                   0x08000ad0   Section        0  printf8.o(i._printf_post_padding)
    _printf_post_padding                     0x08000ad1   Thumb Code    36  printf8.o(i._printf_post_padding)
    i._printf_pre_padding                    0x08000af4   Section        0  printf8.o(i._printf_pre_padding)
    _printf_pre_padding                      0x08000af5   Thumb Code    46  printf8.o(i._printf_pre_padding)
    i._sputc                                 0x08000b22   Section        0  printf8.o(i._sputc)
    _sputc                                   0x08000b23   Thumb Code    10  printf8.o(i._sputc)
    i.apply_setting                          0x08000b2c   Section        0  main.o(i.apply_setting)
    i.e1_ht16k33_chr_set                     0x08000c08   Section        0  e1.o(i.e1_ht16k33_chr_set)
    e1_ht16k33_chr_set                       0x08000c09   Thumb Code   202  e1.o(i.e1_ht16k33_chr_set)
    i.e1_ht16k33_init                        0x08000cd8   Section        0  e1.o(i.e1_ht16k33_init)
    e1_ht16k33_init                          0x08000cd9   Thumb Code   120  e1.o(i.e1_ht16k33_init)
    i.e1_ht16k33_raw_set                     0x08000d50   Section        0  e1.o(i.e1_ht16k33_raw_set)
    e1_ht16k33_raw_set                       0x08000d51   Thumb Code   186  e1.o(i.e1_ht16k33_raw_set)
    i.e1_led_init                            0x08000e0c   Section        0  e1.o(i.e1_led_init)
    i.e1_led_rgb_set                         0x08000e6c   Section        0  e1.o(i.e1_led_rgb_set)
    i.e1_pca9685_init                        0x08000ec2   Section        0  e1.o(i.e1_pca9685_init)
    e1_pca9685_init                          0x08000ec3   Thumb Code    16  e1.o(i.e1_pca9685_init)
    i.e1_pca9685_pwm_set                     0x08000ed2   Section        0  e1.o(i.e1_pca9685_pwm_set)
    e1_pca9685_pwm_set                       0x08000ed3   Thumb Code    74  e1.o(i.e1_pca9685_pwm_set)
    i.e1_tube_init                           0x08000f1c   Section        0  e1.o(i.e1_tube_init)
    i.e1_tube_str_set                        0x08000f7c   Section        0  e1.o(i.e1_tube_str_set)
    i.e2_fan_init                            0x08001084   Section        0  e2.o(i.e2_fan_init)
    i.e2_fan_speed_set                       0x080010e4   Section        0  e2.o(i.e2_fan_speed_set)
    i.e2_pca9685_init                        0x08001110   Section        0  e2.o(i.e2_pca9685_init)
    e2_pca9685_init                          0x08001111   Thumb Code    16  e2.o(i.e2_pca9685_init)
    i.e2_pca9685_pwm_set                     0x08001120   Section        0  e2.o(i.e2_pca9685_pwm_set)
    e2_pca9685_pwm_set                       0x08001121   Thumb Code    74  e2.o(i.e2_pca9685_pwm_set)
    i.enter_setting_edit_mode                0x0800116c   Section        0  main.o(i.enter_setting_edit_mode)
    i.gpio_af_set                            0x0800122c   Section        0  gd32f4xx_gpio.o(i.gpio_af_set)
    i.gpio_mode_set                          0x0800128a   Section        0  gd32f4xx_gpio.o(i.gpio_mode_set)
    i.gpio_output_options_set                0x080012d8   Section        0  gd32f4xx_gpio.o(i.gpio_output_options_set)
    i.handle_inputs                          0x0800131c   Section        0  main.o(i.handle_inputs)
    i.handle_keypad_input                    0x08001474   Section        0  main.o(i.handle_keypad_input)
    i.hardware_init                          0x08001984   Section        0  main.o(i.hardware_init)
    i.hz_timer_init                          0x08001a34   Section        0  main.o(i.hz_timer_init)
    i.i2c0_gpio_config                       0x08001a94   Section        0  i2c.o(i.i2c0_gpio_config)
    i2c0_gpio_config                         0x08001a95   Thumb Code    92  i2c.o(i.i2c0_gpio_config)
    i.i2c0_parm_config                       0x08001af4   Section        0  i2c.o(i.i2c0_parm_config)
    i2c0_parm_config                         0x08001af5   Thumb Code    50  i2c.o(i.i2c0_parm_config)
    i.i2c1_gpio_config                       0x08001b30   Section        0  i2c.o(i.i2c1_gpio_config)
    i2c1_gpio_config                         0x08001b31   Thumb Code    80  i2c.o(i.i2c1_gpio_config)
    i.i2c1_parm_config                       0x08001b84   Section        0  i2c.o(i.i2c1_parm_config)
    i2c1_parm_config                         0x08001b85   Thumb Code    50  i2c.o(i.i2c1_parm_config)
    i.i2c_ack_config                         0x08001bc0   Section        0  gd32f4xx_i2c.o(i.i2c_ack_config)
    i.i2c_ackpos_config                      0x08001bd0   Section        0  gd32f4xx_i2c.o(i.i2c_ackpos_config)
    i.i2c_byte_write                         0x08001be0   Section        0  i2c.o(i.i2c_byte_write)
    i.i2c_bytes_read                         0x08001c80   Section        0  i2c.o(i.i2c_bytes_read)
    i.i2c_clock_config                       0x08001d7c   Section        0  gd32f4xx_i2c.o(i.i2c_clock_config)
    i.i2c_data_receive                       0x08001e60   Section        0  gd32f4xx_i2c.o(i.i2c_data_receive)
    i.i2c_data_transmit                      0x08001e68   Section        0  gd32f4xx_i2c.o(i.i2c_data_transmit)
    i.i2c_delay_ms                           0x08001e6e   Section        0  i2c.o(i.i2c_delay_ms)
    i.i2c_enable                             0x08001e88   Section        0  gd32f4xx_i2c.o(i.i2c_enable)
    i.i2c_flag_clear                         0x08001e92   Section        0  gd32f4xx_i2c.o(i.i2c_flag_clear)
    i.i2c_flag_get                           0x08001eba   Section        0  gd32f4xx_i2c.o(i.i2c_flag_get)
    i.i2c_init                               0x08001ed8   Section        0  i2c.o(i.i2c_init)
    i.i2c_master_addressing                  0x08001ef2   Section        0  gd32f4xx_i2c.o(i.i2c_master_addressing)
    i.i2c_mode_addr_config                   0x08001f06   Section        0  gd32f4xx_i2c.o(i.i2c_mode_addr_config)
    i.i2c_reg_byte_write                     0x08001f24   Section        0  i2c.o(i.i2c_reg_byte_write)
    i.i2c_reg_bytes_read                     0x08001ff4   Section        0  i2c.o(i.i2c_reg_bytes_read)
    i.i2c_reg_bytes_write                    0x08002170   Section        0  i2c.o(i.i2c_reg_bytes_write)
    i.i2c_slave_detect                       0x08002250   Section        0  i2c.o(i.i2c_slave_detect)
    i.i2c_start_on_bus                       0x080022f4   Section        0  gd32f4xx_i2c.o(i.i2c_start_on_bus)
    i.i2c_stop_on_bus                        0x080022fe   Section        0  gd32f4xx_i2c.o(i.i2c_stop_on_bus)
    i.load_task_mode                         0x08002308   Section        0  main.o(i.load_task_mode)
    i.main                                   0x080023dc   Section        0  main.o(i.main)
    i.nvic_irq_enable                        0x08002408   Section        0  gd32f4xx_misc.o(i.nvic_irq_enable)
    i.nvic_priority_group_set                0x080024cc   Section        0  gd32f4xx_misc.o(i.nvic_priority_group_set)
    i.perform_continuous_checks              0x080024e0   Section        0  main.o(i.perform_continuous_checks)
    i.rcu_clock_freq_get                     0x08002624   Section        0  gd32f4xx_rcu.o(i.rcu_clock_freq_get)
    i.rcu_periph_clock_enable                0x08002748   Section        0  gd32f4xx_rcu.o(i.rcu_periph_clock_enable)
    i.rcu_periph_reset_disable               0x0800276c   Section        0  gd32f4xx_rcu.o(i.rcu_periph_reset_disable)
    i.rcu_periph_reset_enable                0x08002790   Section        0  gd32f4xx_rcu.o(i.rcu_periph_reset_enable)
    i.s1_ht16k33_init                        0x080027b4   Section        0  s1.o(i.s1_ht16k33_init)
    s1_ht16k33_init                          0x080027b5   Thumb Code    14  s1.o(i.s1_ht16k33_init)
    i.s1_key_init                            0x080027c4   Section        0  s1.o(i.s1_key_init)
    i.s1_key_value_get                       0x08002824   Section        0  s1.o(i.s1_key_value_get)
    i.s2_bh1750_init                         0x080028ec   Section        0  s2.o(i.s2_bh1750_init)
    s2_bh1750_init                           0x080028ed   Thumb Code    14  s2.o(i.s2_bh1750_init)
    i.s2_icm20608_init                       0x080028fa   Section        0  s2.o(i.s2_icm20608_init)
    s2_icm20608_init                         0x080028fb   Thumb Code   136  s2.o(i.s2_icm20608_init)
    i.s2_illuminance_init                    0x08002984   Section        0  s2.o(i.s2_illuminance_init)
    i.s2_illuminance_value_get               0x080029e4   Section        0  s2.o(i.s2_illuminance_value_get)
    i.s2_imu_init                            0x08002a24   Section        0  s2.o(i.s2_imu_init)
    i.s2_imu_value_get                       0x08002a84   Section        0  s2.o(i.s2_imu_value_get)
    i.s5_ms523_antenna_off                   0x08002bf0   Section        0  s5.o(i.s5_ms523_antenna_off)
    s5_ms523_antenna_off                     0x08002bf1   Thumb Code    16  s5.o(i.s5_ms523_antenna_off)
    i.s5_ms523_antenna_on                    0x08002c00   Section        0  s5.o(i.s5_ms523_antenna_on)
    s5_ms523_antenna_on                      0x08002c01   Thumb Code    46  s5.o(i.s5_ms523_antenna_on)
    i.s5_ms523_bit_clear                     0x08002c2e   Section        0  s5.o(i.s5_ms523_bit_clear)
    s5_ms523_bit_clear                       0x08002c2f   Thumb Code    50  s5.o(i.s5_ms523_bit_clear)
    i.s5_ms523_bit_set                       0x08002c60   Section        0  s5.o(i.s5_ms523_bit_set)
    s5_ms523_bit_set                         0x08002c61   Thumb Code    50  s5.o(i.s5_ms523_bit_set)
    i.s5_ms523_comm                          0x08002c92   Section        0  s5.o(i.s5_ms523_comm)
    s5_ms523_comm                            0x08002c93   Thumb Code   416  s5.o(i.s5_ms523_comm)
    i.s5_ms523_init                          0x08002e32   Section        0  s5.o(i.s5_ms523_init)
    s5_ms523_init                            0x08002e33   Thumb Code    44  s5.o(i.s5_ms523_init)
    i.s5_ms523_reset                         0x08002e5e   Section        0  s5.o(i.s5_ms523_reset)
    s5_ms523_reset                           0x08002e5f   Thumb Code   118  s5.o(i.s5_ms523_reset)
    i.s5_ms523_type_config                   0x08002ed4   Section        0  s5.o(i.s5_ms523_type_config)
    s5_ms523_type_config                     0x08002ed5   Thumb Code   128  s5.o(i.s5_ms523_type_config)
    i.s5_nfc_anticoll                        0x08002f54   Section        0  s5.o(i.s5_nfc_anticoll)
    i.s5_nfc_init                            0x08002fdc   Section        0  s5.o(i.s5_nfc_init)
    i.s5_nfc_request                         0x0800303c   Section        0  s5.o(i.s5_nfc_request)
    i.s7_ir_init                             0x080030a8   Section        0  s7.o(i.s7_ir_init)
    i.s7_ir_status_get                       0x08003108   Section        0  s7.o(i.s7_ir_status_get)
    i.s7_pca9557_init                        0x08003132   Section        0  s7.o(i.s7_pca9557_init)
    s7_pca9557_init                          0x08003133   Thumb Code    28  s7.o(i.s7_pca9557_init)
    i.start_focus_mode                       0x08003150   Section        0  main.o(i.start_focus_mode)
    i.start_rest_mode                        0x080031d4   Section        0  main.o(i.start_rest_mode)
    i.system_clock_200m_25m_hxtal            0x08003200   Section        0  system_gd32f4xx.o(i.system_clock_200m_25m_hxtal)
    system_clock_200m_25m_hxtal              0x08003201   Thumb Code   240  system_gd32f4xx.o(i.system_clock_200m_25m_hxtal)
    i.system_clock_config                    0x080032fc   Section        0  system_gd32f4xx.o(i.system_clock_config)
    system_clock_config                      0x080032fd   Thumb Code     8  system_gd32f4xx.o(i.system_clock_config)
    i.timer_counter_value_config             0x08003304   Section        0  gd32f4xx_timer.o(i.timer_counter_value_config)
    i.timer_deinit                           0x08003308   Section        0  gd32f4xx_timer.o(i.timer_deinit)
    i.timer_enable                           0x0800348c   Section        0  gd32f4xx_timer.o(i.timer_enable)
    i.timer_init                             0x08003498   Section        0  gd32f4xx_timer.o(i.timer_init)
    i.timer_interrupt_enable                 0x08003530   Section        0  gd32f4xx_timer.o(i.timer_interrupt_enable)
    i.timer_interrupt_flag_clear             0x08003538   Section        0  gd32f4xx_timer.o(i.timer_interrupt_flag_clear)
    i.timer_interrupt_flag_get               0x0800353e   Section        0  gd32f4xx_timer.o(i.timer_interrupt_flag_get)
    i.update_display                         0x08003558   Section        0  main.o(i.update_display)
    i.update_state_machine                   0x08003884   Section        0  main.o(i.update_state_machine)
    .constdata                               0x08003ab8   Section       92  e1.o(.constdata)
    I2C_PERIPH_NUM                           0x08003ab8   Data           8  e1.o(.constdata)
    E1_PCA9685_ADDR                          0x08003ac0   Data           4  e1.o(.constdata)
    E1_HT16K33_ADDR                          0x08003ac4   Data           4  e1.o(.constdata)
    chr_code                                 0x08003ac8   Data          76  e1.o(.constdata)
    .constdata                               0x08003b14   Section       12  e2.o(.constdata)
    I2C_PERIPH_NUM                           0x08003b14   Data           8  e2.o(.constdata)
    E2_PCA9685_ADDR                          0x08003b1c   Data           4  e2.o(.constdata)
    .constdata                               0x08003b20   Section       12  s1.o(.constdata)
    I2C_PERIPH_NUM                           0x08003b20   Data           8  s1.o(.constdata)
    S1_HT16K33_ADDR                          0x08003b28   Data           4  s1.o(.constdata)
    .constdata                               0x08003b2c   Section       14  s2.o(.constdata)
    I2C_PERIPH_NUM                           0x08003b2c   Data           8  s2.o(.constdata)
    S2_BH1750_ADDR                           0x08003b34   Data           2  s2.o(.constdata)
    S2_SHT3X_ADDR                            0x08003b36   Data           2  s2.o(.constdata)
    S2_ICM20608_ADDR                         0x08003b38   Data           2  s2.o(.constdata)
    .constdata                               0x08003b3c   Section       12  s5.o(.constdata)
    I2C_PERIPH_NUM                           0x08003b3c   Data           8  s5.o(.constdata)
    S5_MS523_ADDR                            0x08003b44   Data           4  s5.o(.constdata)
    .constdata                               0x08003b48   Section       12  s7.o(.constdata)
    I2C_PERIPH_NUM                           0x08003b48   Data           8  s7.o(.constdata)
    S7_PCA9557_ADDR                          0x08003b50   Data           4  s7.o(.constdata)
    .conststring                             0x08003b54   Section       29  main.o(.conststring)
    .data                                    0x20000000   Section       16  e1.o(.data)
    .data                                    0x20000010   Section        8  e2.o(.data)
    .data                                    0x20000018   Section        8  s1.o(.data)
    .data                                    0x20000020   Section       24  s2.o(.data)
    .data                                    0x20000038   Section        8  s5.o(.data)
    .data                                    0x20000040   Section        8  s7.o(.data)
    .data                                    0x20000048   Section      104  main.o(.data)
    STACK                                    0x200000b0   Section     1024  startup_gd32f450_470.o(STACK)

    Global Symbols

    Symbol Name                              Value     Ov Type        Size  Object(Section)

    BuildAttributes$$THM_ISAv4$E$P$D$K$B$S$7EM$VFPi3$EXTD16$VFPS$VFMA$PE$A:L22UL41UL21$X:L11$S22US41US21$IEEE1$IW$USESV6$~STKCKD$USESV7$~SHL$OTIME$ROPI$EBA8$MICROLIB$REQ8$PRES8$EABIv2 0x00000000   Number         0  anon$$obj.o ABSOLUTE
    __ARM_use_no_argv                        0x00000000   Number         0  main.o ABSOLUTE
    _printf_a                                0x00000000   Number         0  stubs.o ABSOLUTE
    _printf_c                                0x00000000   Number         0  stubs.o ABSOLUTE
    _printf_charcount                        0x00000000   Number         0  stubs.o ABSOLUTE
    _printf_d                                0x00000000   Number         0  stubs.o ABSOLUTE
    _printf_e                                0x00000000   Number         0  stubs.o ABSOLUTE
    _printf_f                                0x00000000   Number         0  stubs.o ABSOLUTE
    _printf_flags                            0x00000000   Number         0  stubs.o ABSOLUTE
    _printf_fp_dec                           0x00000000   Number         0  stubs.o ABSOLUTE
    _printf_fp_hex                           0x00000000   Number         0  stubs.o ABSOLUTE
    _printf_g                                0x00000000   Number         0  stubs.o ABSOLUTE
    _printf_i                                0x00000000   Number         0  stubs.o ABSOLUTE
    _printf_int_dec                          0x00000000   Number         0  stubs.o ABSOLUTE
    _printf_l                                0x00000000   Number         0  stubs.o ABSOLUTE
    _printf_lc                               0x00000000   Number         0  stubs.o ABSOLUTE
    _printf_ll                               0x00000000   Number         0  stubs.o ABSOLUTE
    _printf_lld                              0x00000000   Number         0  stubs.o ABSOLUTE
    _printf_lli                              0x00000000   Number         0  stubs.o ABSOLUTE
    _printf_llo                              0x00000000   Number         0  stubs.o ABSOLUTE
    _printf_llu                              0x00000000   Number         0  stubs.o ABSOLUTE
    _printf_llx                              0x00000000   Number         0  stubs.o ABSOLUTE
    _printf_longlong_dec                     0x00000000   Number         0  stubs.o ABSOLUTE
    _printf_longlong_hex                     0x00000000   Number         0  stubs.o ABSOLUTE
    _printf_longlong_oct                     0x00000000   Number         0  stubs.o ABSOLUTE
    _printf_ls                               0x00000000   Number         0  stubs.o ABSOLUTE
    _printf_mbtowc                           0x00000000   Number         0  stubs.o ABSOLUTE
    _printf_n                                0x00000000   Number         0  stubs.o ABSOLUTE
    _printf_o                                0x00000000   Number         0  stubs.o ABSOLUTE
    _printf_p                                0x00000000   Number         0  stubs.o ABSOLUTE
    _printf_percent                          0x00000000   Number         0  stubs.o ABSOLUTE
    _printf_pre_padding                      0x00000000   Number         0  stubs.o ABSOLUTE
    _printf_return_value                     0x00000000   Number         0  stubs.o ABSOLUTE
    _printf_s                                0x00000000   Number         0  stubs.o ABSOLUTE
    _printf_sizespec                         0x00000000   Number         0  stubs.o ABSOLUTE
    _printf_str                              0x00000000   Number         0  stubs.o ABSOLUTE
    _printf_truncate_signed                  0x00000000   Number         0  stubs.o ABSOLUTE
    _printf_truncate_unsigned                0x00000000   Number         0  stubs.o ABSOLUTE
    _printf_u                                0x00000000   Number         0  stubs.o ABSOLUTE
    _printf_wc                               0x00000000   Number         0  stubs.o ABSOLUTE
    _printf_wctomb                           0x00000000   Number         0  stubs.o ABSOLUTE
    _printf_widthprec                        0x00000000   Number         0  stubs.o ABSOLUTE
    _printf_x                                0x00000000   Number         0  stubs.o ABSOLUTE
    __arm_fini_                               - Undefined Weak Reference
    __cpp_initialize__aeabi_                  - Undefined Weak Reference
    __cxa_finalize                            - Undefined Weak Reference
    __decompress                              - Undefined Weak Reference
    _clock_init                               - Undefined Weak Reference
    _microlib_exit                            - Undefined Weak Reference
    __Vectors_Size                           0x000001ac   Number         0  startup_gd32f450_470.o ABSOLUTE
    __Vectors                                0x08000000   Data           4  startup_gd32f450_470.o(RESET)
    __Vectors_End                            0x080001ac   Data           0  startup_gd32f450_470.o(RESET)
    __main                                   0x080001ad   Thumb Code     0  entry.o(.ARM.Collect$$$$00000000)
    _main_stk                                0x080001ad   Thumb Code     0  entry2.o(.ARM.Collect$$$$00000001)
    _main_scatterload                        0x080001b1   Thumb Code     0  entry5.o(.ARM.Collect$$$$00000004)
    __main_after_scatterload                 0x080001b5   Thumb Code     0  entry5.o(.ARM.Collect$$$$00000004)
    _main_clock                              0x080001b5   Thumb Code     0  entry7b.o(.ARM.Collect$$$$00000008)
    _main_cpp_init                           0x080001b5   Thumb Code     0  entry8b.o(.ARM.Collect$$$$0000000A)
    _main_init                               0x080001b5   Thumb Code     0  entry9a.o(.ARM.Collect$$$$0000000B)
    __rt_lib_shutdown_fini                   0x080001bd   Thumb Code     0  entry12b.o(.ARM.Collect$$$$0000000E)
    __rt_final_cpp                           0x080001c1   Thumb Code     0  entry10a.o(.ARM.Collect$$$$0000000F)
    __rt_final_exit                          0x080001c1   Thumb Code     0  entry11a.o(.ARM.Collect$$$$00000011)
    Reset_Handler                            0x080001c5   Thumb Code     8  startup_gd32f450_470.o(.text)
    NMI_Handler                              0x080001cd   Thumb Code     2  startup_gd32f450_470.o(.text)
    HardFault_Handler                        0x080001cf   Thumb Code     2  startup_gd32f450_470.o(.text)
    MemManage_Handler                        0x080001d1   Thumb Code     2  startup_gd32f450_470.o(.text)
    BusFault_Handler                         0x080001d3   Thumb Code     2  startup_gd32f450_470.o(.text)
    UsageFault_Handler                       0x080001d5   Thumb Code     2  startup_gd32f450_470.o(.text)
    SVC_Handler                              0x080001d7   Thumb Code     2  startup_gd32f450_470.o(.text)
    DebugMon_Handler                         0x080001d9   Thumb Code     2  startup_gd32f450_470.o(.text)
    PendSV_Handler                           0x080001db   Thumb Code     2  startup_gd32f450_470.o(.text)
    SysTick_Handler                          0x080001dd   Thumb Code     2  startup_gd32f450_470.o(.text)
    ADC_IRQHandler                           0x080001df   Thumb Code     0  startup_gd32f450_470.o(.text)
    CAN0_EWMC_IRQHandler                     0x080001df   Thumb Code     0  startup_gd32f450_470.o(.text)
    CAN0_RX0_IRQHandler                      0x080001df   Thumb Code     0  startup_gd32f450_470.o(.text)
    CAN0_RX1_IRQHandler                      0x080001df   Thumb Code     0  startup_gd32f450_470.o(.text)
    CAN0_TX_IRQHandler                       0x080001df   Thumb Code     0  startup_gd32f450_470.o(.text)
    CAN1_EWMC_IRQHandler                     0x080001df   Thumb Code     0  startup_gd32f450_470.o(.text)
    CAN1_RX0_IRQHandler                      0x080001df   Thumb Code     0  startup_gd32f450_470.o(.text)
    CAN1_RX1_IRQHandler                      0x080001df   Thumb Code     0  startup_gd32f450_470.o(.text)
    CAN1_TX_IRQHandler                       0x080001df   Thumb Code     0  startup_gd32f450_470.o(.text)
    DCI_IRQHandler                           0x080001df   Thumb Code     0  startup_gd32f450_470.o(.text)
    DMA0_Channel0_IRQHandler                 0x080001df   Thumb Code     0  startup_gd32f450_470.o(.text)
    DMA0_Channel1_IRQHandler                 0x080001df   Thumb Code     0  startup_gd32f450_470.o(.text)
    DMA0_Channel2_IRQHandler                 0x080001df   Thumb Code     0  startup_gd32f450_470.o(.text)
    DMA0_Channel3_IRQHandler                 0x080001df   Thumb Code     0  startup_gd32f450_470.o(.text)
    DMA0_Channel4_IRQHandler                 0x080001df   Thumb Code     0  startup_gd32f450_470.o(.text)
    DMA0_Channel5_IRQHandler                 0x080001df   Thumb Code     0  startup_gd32f450_470.o(.text)
    DMA0_Channel6_IRQHandler                 0x080001df   Thumb Code     0  startup_gd32f450_470.o(.text)
    DMA0_Channel7_IRQHandler                 0x080001df   Thumb Code     0  startup_gd32f450_470.o(.text)
    DMA1_Channel0_IRQHandler                 0x080001df   Thumb Code     0  startup_gd32f450_470.o(.text)
    DMA1_Channel1_IRQHandler                 0x080001df   Thumb Code     0  startup_gd32f450_470.o(.text)
    DMA1_Channel2_IRQHandler                 0x080001df   Thumb Code     0  startup_gd32f450_470.o(.text)
    DMA1_Channel3_IRQHandler                 0x080001df   Thumb Code     0  startup_gd32f450_470.o(.text)
    DMA1_Channel4_IRQHandler                 0x080001df   Thumb Code     0  startup_gd32f450_470.o(.text)
    DMA1_Channel5_IRQHandler                 0x080001df   Thumb Code     0  startup_gd32f450_470.o(.text)
    DMA1_Channel6_IRQHandler                 0x080001df   Thumb Code     0  startup_gd32f450_470.o(.text)
    DMA1_Channel7_IRQHandler                 0x080001df   Thumb Code     0  startup_gd32f450_470.o(.text)
    ENET_IRQHandler                          0x080001df   Thumb Code     0  startup_gd32f450_470.o(.text)
    ENET_WKUP_IRQHandler                     0x080001df   Thumb Code     0  startup_gd32f450_470.o(.text)
    EXMC_IRQHandler                          0x080001df   Thumb Code     0  startup_gd32f450_470.o(.text)
    EXTI0_IRQHandler                         0x080001df   Thumb Code     0  startup_gd32f450_470.o(.text)
    EXTI10_15_IRQHandler                     0x080001df   Thumb Code     0  startup_gd32f450_470.o(.text)
    EXTI1_IRQHandler                         0x080001df   Thumb Code     0  startup_gd32f450_470.o(.text)
    EXTI2_IRQHandler                         0x080001df   Thumb Code     0  startup_gd32f450_470.o(.text)
    EXTI3_IRQHandler                         0x080001df   Thumb Code     0  startup_gd32f450_470.o(.text)
    EXTI4_IRQHandler                         0x080001df   Thumb Code     0  startup_gd32f450_470.o(.text)
    EXTI5_9_IRQHandler                       0x080001df   Thumb Code     0  startup_gd32f450_470.o(.text)
    FMC_IRQHandler                           0x080001df   Thumb Code     0  startup_gd32f450_470.o(.text)
    FPU_IRQHandler                           0x080001df   Thumb Code     0  startup_gd32f450_470.o(.text)
    I2C0_ER_IRQHandler                       0x080001df   Thumb Code     0  startup_gd32f450_470.o(.text)
    I2C0_EV_IRQHandler                       0x080001df   Thumb Code     0  startup_gd32f450_470.o(.text)
    I2C1_ER_IRQHandler                       0x080001df   Thumb Code     0  startup_gd32f450_470.o(.text)
    I2C1_EV_IRQHandler                       0x080001df   Thumb Code     0  startup_gd32f450_470.o(.text)
    I2C2_ER_IRQHandler                       0x080001df   Thumb Code     0  startup_gd32f450_470.o(.text)
    I2C2_EV_IRQHandler                       0x080001df   Thumb Code     0  startup_gd32f450_470.o(.text)
    IPA_IRQHandler                           0x080001df   Thumb Code     0  startup_gd32f450_470.o(.text)
    LVD_IRQHandler                           0x080001df   Thumb Code     0  startup_gd32f450_470.o(.text)
    RCU_CTC_IRQHandler                       0x080001df   Thumb Code     0  startup_gd32f450_470.o(.text)
    RTC_Alarm_IRQHandler                     0x080001df   Thumb Code     0  startup_gd32f450_470.o(.text)
    RTC_WKUP_IRQHandler                      0x080001df   Thumb Code     0  startup_gd32f450_470.o(.text)
    SDIO_IRQHandler                          0x080001df   Thumb Code     0  startup_gd32f450_470.o(.text)
    SPI0_IRQHandler                          0x080001df   Thumb Code     0  startup_gd32f450_470.o(.text)
    SPI1_IRQHandler                          0x080001df   Thumb Code     0  startup_gd32f450_470.o(.text)
    SPI2_IRQHandler                          0x080001df   Thumb Code     0  startup_gd32f450_470.o(.text)
    SPI3_IRQHandler                          0x080001df   Thumb Code     0  startup_gd32f450_470.o(.text)
    SPI4_IRQHandler                          0x080001df   Thumb Code     0  startup_gd32f450_470.o(.text)
    SPI5_IRQHandler                          0x080001df   Thumb Code     0  startup_gd32f450_470.o(.text)
    TAMPER_STAMP_IRQHandler                  0x080001df   Thumb Code     0  startup_gd32f450_470.o(.text)
    TIMER0_BRK_TIMER8_IRQHandler             0x080001df   Thumb Code     0  startup_gd32f450_470.o(.text)
    TIMER0_Channel_IRQHandler                0x080001df   Thumb Code     0  startup_gd32f450_470.o(.text)
    TIMER0_TRG_CMT_TIMER10_IRQHandler        0x080001df   Thumb Code     0  startup_gd32f450_470.o(.text)
    TIMER1_IRQHandler                        0x080001df   Thumb Code     0  startup_gd32f450_470.o(.text)
    TIMER2_IRQHandler                        0x080001df   Thumb Code     0  startup_gd32f450_470.o(.text)
    TIMER3_IRQHandler                        0x080001df   Thumb Code     0  startup_gd32f450_470.o(.text)
    TIMER4_IRQHandler                        0x080001df   Thumb Code     0  startup_gd32f450_470.o(.text)
    TIMER5_DAC_IRQHandler                    0x080001df   Thumb Code     0  startup_gd32f450_470.o(.text)
    TIMER6_IRQHandler                        0x080001df   Thumb Code     0  startup_gd32f450_470.o(.text)
    TIMER7_BRK_TIMER11_IRQHandler            0x080001df   Thumb Code     0  startup_gd32f450_470.o(.text)
    TIMER7_Channel_IRQHandler                0x080001df   Thumb Code     0  startup_gd32f450_470.o(.text)
    TIMER7_TRG_CMT_TIMER13_IRQHandler        0x080001df   Thumb Code     0  startup_gd32f450_470.o(.text)
    TIMER7_UP_TIMER12_IRQHandler             0x080001df   Thumb Code     0  startup_gd32f450_470.o(.text)
    TLI_ER_IRQHandler                        0x080001df   Thumb Code     0  startup_gd32f450_470.o(.text)
    TLI_IRQHandler                           0x080001df   Thumb Code     0  startup_gd32f450_470.o(.text)
    TRNG_IRQHandler                          0x080001df   Thumb Code     0  startup_gd32f450_470.o(.text)
    UART3_IRQHandler                         0x080001df   Thumb Code     0  startup_gd32f450_470.o(.text)
    UART4_IRQHandler                         0x080001df   Thumb Code     0  startup_gd32f450_470.o(.text)
    UART6_IRQHandler                         0x080001df   Thumb Code     0  startup_gd32f450_470.o(.text)
    UART7_IRQHandler                         0x080001df   Thumb Code     0  startup_gd32f450_470.o(.text)
    USART0_IRQHandler                        0x080001df   Thumb Code     0  startup_gd32f450_470.o(.text)
    USART1_IRQHandler                        0x080001df   Thumb Code     0  startup_gd32f450_470.o(.text)
    USART2_IRQHandler                        0x080001df   Thumb Code     0  startup_gd32f450_470.o(.text)
    USART5_IRQHandler                        0x080001df   Thumb Code     0  startup_gd32f450_470.o(.text)
    USBFS_IRQHandler                         0x080001df   Thumb Code     0  startup_gd32f450_470.o(.text)
    USBFS_WKUP_IRQHandler                    0x080001df   Thumb Code     0  startup_gd32f450_470.o(.text)
    USBHS_EP1_In_IRQHandler                  0x080001df   Thumb Code     0  startup_gd32f450_470.o(.text)
    USBHS_EP1_Out_IRQHandler                 0x080001df   Thumb Code     0  startup_gd32f450_470.o(.text)
    USBHS_IRQHandler                         0x080001df   Thumb Code     0  startup_gd32f450_470.o(.text)
    USBHS_WKUP_IRQHandler                    0x080001df   Thumb Code     0  startup_gd32f450_470.o(.text)
    WWDGT_IRQHandler                         0x080001df   Thumb Code     0  startup_gd32f450_470.o(.text)
    __aeabi_memcpy                           0x080001e9   Thumb Code    36  memcpya.o(.text)
    __aeabi_memcpy4                          0x080001e9   Thumb Code     0  memcpya.o(.text)
    __aeabi_memcpy8                          0x080001e9   Thumb Code     0  memcpya.o(.text)
    strlen                                   0x0800020d   Thumb Code    14  strlen.o(.text)
    memcmp                                   0x0800021b   Thumb Code    26  memcmp.o(.text)
    __aeabi_dmul                             0x08000235   Thumb Code   228  dmul.o(.text)
    __aeabi_i2d                              0x08000319   Thumb Code    34  dflti.o(.text)
    __aeabi_d2f                              0x0800033b   Thumb Code    56  d2f.o(.text)
    __aeabi_uldivmod                         0x08000373   Thumb Code    98  uldiv.o(.text)
    __aeabi_llsl                             0x080003d5   Thumb Code    30  llshl.o(.text)
    _ll_shift_l                              0x080003d5   Thumb Code     0  llshl.o(.text)
    __I$use$fp                               0x080003f3   Thumb Code     0  iusefp.o(.text)
    _float_round                             0x080003f3   Thumb Code    18  fepilogue.o(.text)
    _float_epilogue                          0x08000405   Thumb Code    92  fepilogue.o(.text)
    _double_round                            0x08000461   Thumb Code    30  depilogue.o(.text)
    _double_epilogue                         0x0800047f   Thumb Code   156  depilogue.o(.text)
    __scatterload                            0x0800051d   Thumb Code    28  init.o(.text)
    __scatterload_rt2                        0x0800051d   Thumb Code     0  init.o(.text)
    __aeabi_llsr                             0x08000541   Thumb Code    32  llushr.o(.text)
    _ll_ushift_r                             0x08000541   Thumb Code     0  llushr.o(.text)
    SystemInit                               0x08000561   Thumb Code   194  system_gd32f4xx.o(i.SystemInit)
    TIMER0_UP_TIMER9_IRQHandler              0x08000635   Thumb Code    64  main.o(i.TIMER0_UP_TIMER9_IRQHandler)
    __0sprintf$8                             0x08000685   Thumb Code    34  printf8.o(i.__0sprintf$8)
    __1sprintf$8                             0x08000685   Thumb Code     0  printf8.o(i.__0sprintf$8)
    __2sprintf                               0x08000685   Thumb Code     0  printf8.o(i.__0sprintf$8)
    __scatterload_copy                       0x080006ad   Thumb Code    14  handlers.o(i.__scatterload_copy)
    __scatterload_null                       0x080006bb   Thumb Code     2  handlers.o(i.__scatterload_null)
    __scatterload_zeroinit                   0x080006bd   Thumb Code    14  handlers.o(i.__scatterload_zeroinit)
    apply_setting                            0x08000b2d   Thumb Code   194  main.o(i.apply_setting)
    e1_led_init                              0x08000e0d   Thumb Code    88  e1.o(i.e1_led_init)
    e1_led_rgb_set                           0x08000e6d   Thumb Code    86  e1.o(i.e1_led_rgb_set)
    e1_tube_init                             0x08000f1d   Thumb Code    88  e1.o(i.e1_tube_init)
    e1_tube_str_set                          0x08000f7d   Thumb Code   262  e1.o(i.e1_tube_str_set)
    e2_fan_init                              0x08001085   Thumb Code    88  e2.o(i.e2_fan_init)
    e2_fan_speed_set                         0x080010e5   Thumb Code    44  e2.o(i.e2_fan_speed_set)
    enter_setting_edit_mode                  0x0800116d   Thumb Code   120  main.o(i.enter_setting_edit_mode)
    gpio_af_set                              0x0800122d   Thumb Code    94  gd32f4xx_gpio.o(i.gpio_af_set)
    gpio_mode_set                            0x0800128b   Thumb Code    78  gd32f4xx_gpio.o(i.gpio_mode_set)
    gpio_output_options_set                  0x080012d9   Thumb Code    66  gd32f4xx_gpio.o(i.gpio_output_options_set)
    handle_inputs                            0x0800131d   Thumb Code   292  main.o(i.handle_inputs)
    handle_keypad_input                      0x08001475   Thumb Code  1262  main.o(i.handle_keypad_input)
    hardware_init                            0x08001985   Thumb Code   142  main.o(i.hardware_init)
    hz_timer_init                            0x08001a35   Thumb Code    92  main.o(i.hz_timer_init)
    i2c_ack_config                           0x08001bc1   Thumb Code    16  gd32f4xx_i2c.o(i.i2c_ack_config)
    i2c_ackpos_config                        0x08001bd1   Thumb Code    16  gd32f4xx_i2c.o(i.i2c_ackpos_config)
    i2c_byte_write                           0x08001be1   Thumb Code   154  i2c.o(i.i2c_byte_write)
    i2c_bytes_read                           0x08001c81   Thumb Code   248  i2c.o(i.i2c_bytes_read)
    i2c_clock_config                         0x08001d7d   Thumb Code   216  gd32f4xx_i2c.o(i.i2c_clock_config)
    i2c_data_receive                         0x08001e61   Thumb Code     8  gd32f4xx_i2c.o(i.i2c_data_receive)
    i2c_data_transmit                        0x08001e69   Thumb Code     6  gd32f4xx_i2c.o(i.i2c_data_transmit)
    i2c_delay_ms                             0x08001e6f   Thumb Code    26  i2c.o(i.i2c_delay_ms)
    i2c_enable                               0x08001e89   Thumb Code    10  gd32f4xx_i2c.o(i.i2c_enable)
    i2c_flag_clear                           0x08001e93   Thumb Code    40  gd32f4xx_i2c.o(i.i2c_flag_clear)
    i2c_flag_get                             0x08001ebb   Thumb Code    30  gd32f4xx_i2c.o(i.i2c_flag_get)
    i2c_init                                 0x08001ed9   Thumb Code    26  i2c.o(i.i2c_init)
    i2c_master_addressing                    0x08001ef3   Thumb Code    20  gd32f4xx_i2c.o(i.i2c_master_addressing)
    i2c_mode_addr_config                     0x08001f07   Thumb Code    28  gd32f4xx_i2c.o(i.i2c_mode_addr_config)
    i2c_reg_byte_write                       0x08001f25   Thumb Code   204  i2c.o(i.i2c_reg_byte_write)
    i2c_reg_bytes_read                       0x08001ff5   Thumb Code   376  i2c.o(i.i2c_reg_bytes_read)
    i2c_reg_bytes_write                      0x08002171   Thumb Code   218  i2c.o(i.i2c_reg_bytes_write)
    i2c_slave_detect                         0x08002251   Thumb Code   158  i2c.o(i.i2c_slave_detect)
    i2c_start_on_bus                         0x080022f5   Thumb Code    10  gd32f4xx_i2c.o(i.i2c_start_on_bus)
    i2c_stop_on_bus                          0x080022ff   Thumb Code    10  gd32f4xx_i2c.o(i.i2c_stop_on_bus)
    load_task_mode                           0x08002309   Thumb Code   156  main.o(i.load_task_mode)
    main                                     0x080023dd   Thumb Code    40  main.o(i.main)
    nvic_irq_enable                          0x08002409   Thumb Code   186  gd32f4xx_misc.o(i.nvic_irq_enable)
    nvic_priority_group_set                  0x080024cd   Thumb Code    10  gd32f4xx_misc.o(i.nvic_priority_group_set)
    perform_continuous_checks                0x080024e1   Thumb Code   298  main.o(i.perform_continuous_checks)
    rcu_clock_freq_get                       0x08002625   Thumb Code   264  gd32f4xx_rcu.o(i.rcu_clock_freq_get)
    rcu_periph_clock_enable                  0x08002749   Thumb Code    32  gd32f4xx_rcu.o(i.rcu_periph_clock_enable)
    rcu_periph_reset_disable                 0x0800276d   Thumb Code    32  gd32f4xx_rcu.o(i.rcu_periph_reset_disable)
    rcu_periph_reset_enable                  0x08002791   Thumb Code    32  gd32f4xx_rcu.o(i.rcu_periph_reset_enable)
    s1_key_init                              0x080027c5   Thumb Code    88  s1.o(i.s1_key_init)
    s1_key_value_get                         0x08002825   Thumb Code   200  s1.o(i.s1_key_value_get)
    s2_illuminance_init                      0x08002985   Thumb Code    88  s2.o(i.s2_illuminance_init)
    s2_illuminance_value_get                 0x080029e5   Thumb Code    62  s2.o(i.s2_illuminance_value_get)
    s2_imu_init                              0x08002a25   Thumb Code    88  s2.o(i.s2_imu_init)
    s2_imu_value_get                         0x08002a85   Thumb Code   346  s2.o(i.s2_imu_value_get)
    s5_nfc_anticoll                          0x08002f55   Thumb Code   136  s5.o(i.s5_nfc_anticoll)
    s5_nfc_init                              0x08002fdd   Thumb Code    88  s5.o(i.s5_nfc_init)
    s5_nfc_request                           0x0800303d   Thumb Code   106  s5.o(i.s5_nfc_request)
    s7_ir_init                               0x080030a9   Thumb Code    88  s7.o(i.s7_ir_init)
    s7_ir_status_get                         0x08003109   Thumb Code    42  s7.o(i.s7_ir_status_get)
    start_focus_mode                         0x08003151   Thumb Code    82  main.o(i.start_focus_mode)
    start_rest_mode                          0x080031d5   Thumb Code    28  main.o(i.start_rest_mode)
    timer_counter_value_config               0x08003305   Thumb Code     4  gd32f4xx_timer.o(i.timer_counter_value_config)
    timer_deinit                             0x08003309   Thumb Code   374  gd32f4xx_timer.o(i.timer_deinit)
    timer_enable                             0x0800348d   Thumb Code    10  gd32f4xx_timer.o(i.timer_enable)
    timer_init                               0x08003499   Thumb Code   122  gd32f4xx_timer.o(i.timer_init)
    timer_interrupt_enable                   0x08003531   Thumb Code     8  gd32f4xx_timer.o(i.timer_interrupt_enable)
    timer_interrupt_flag_clear               0x08003539   Thumb Code     6  gd32f4xx_timer.o(i.timer_interrupt_flag_clear)
    timer_interrupt_flag_get                 0x0800353f   Thumb Code    24  gd32f4xx_timer.o(i.timer_interrupt_flag_get)
    update_display                           0x08003559   Thumb Code   684  main.o(i.update_display)
    update_state_machine                     0x08003885   Thumb Code   494  main.o(i.update_state_machine)
    Region$$Table$$Base                      0x08003b74   Number         0  anon$$obj.o(Region$$Table)
    Region$$Table$$Limit                     0x08003b94   Number         0  anon$$obj.o(Region$$Table)
    e1_led_info                              0x20000000   Data           8  e1.o(.data)
    e1_tube_info                             0x20000008   Data           8  e1.o(.data)
    e2_fan_info                              0x20000010   Data           8  e2.o(.data)
    s1_key_info                              0x20000018   Data           8  s1.o(.data)
    s2_illuminance_info                      0x20000020   Data           8  s2.o(.data)
    s2_ths_info                              0x20000028   Data           8  s2.o(.data)
    s2_imu_info                              0x20000030   Data           8  s2.o(.data)
    s5_nfc_info                              0x20000038   Data           8  s5.o(.data)
    s7_ir_info                               0x20000040   Data           8  s7.o(.data)
    study_card_uid                           0x20000048   Data           4  main.o(.data)
    deep_work_card_uid                       0x2000004c   Data           4  main.o(.data)
    data_card_uid                            0x20000050   Data           4  main.o(.data)
    editing_value                            0x20000054   Data           4  main.o(.data)
    current_setting_type                     0x20000058   Data           1  main.o(.data)
    setting_menu_index                       0x2000005c   Data           4  main.o(.data)
    setting_menu_items                       0x20000060   Data          16  main.o(.data)
    currentState                             0x20000070   Data           1  main.o(.data)
    remaining_seconds                        0x20000074   Data           4  main.o(.data)
    g_second_has_passed                      0x20000078   Data           1  main.o(.data)
    ui_timer_seconds                         0x2000007c   Data           4  main.o(.data)
    flash_count                              0x20000080   Data           4  main.o(.data)
    tap_cooldown_ticks                       0x20000084   Data           4  main.o(.data)
    previousState                            0x20000088   Data           1  main.o(.data)
    focus_duration_sec                       0x2000008c   Data           4  main.o(.data)
    rest_duration_sec                        0x20000090   Data           4  main.o(.data)
    long_rest_duration_sec                   0x20000094   Data           4  main.o(.data)
    completed_sessions                       0x20000098   Data           4  main.o(.data)
    pomodoro_cycle_count                     0x2000009c   Data           4  main.o(.data)
    fan_level                                0x200000a0   Data           4  main.o(.data)
    last_key_pressed                         0x200000a4   Data           1  main.o(.data)
    last_read_card_id                        0x200000a5   Data           4  main.o(.data)
    low_light_threshold                      0x200000ac   Data           4  main.o(.data)
    __initial_sp                             0x200004b0   Data           0  startup_gd32f450_470.o(STACK)



==============================================================================

Memory Map of the image

  Image Entry point : 0x080001ad

  Load Region LR_IROM1 (Base: 0x08000000, Size: 0x00003c44, Max: 0x00300000, ABSOLUTE)

    Execution Region ER_IROM1 (Exec base: 0x08000000, Load base: 0x08000000, Size: 0x00003b94, Max: 0x00300000, ABSOLUTE)

    Exec Addr    Load Addr    Size         Type   Attr      Idx    E Section Name        Object

    0x08000000   0x08000000   0x000001ac   Data   RO            3    RESET               startup_gd32f450_470.o
    0x080001ac   0x080001ac   0x00000000   Code   RO         6512  * .ARM.Collect$$$$00000000  mc_w.l(entry.o)
    0x080001ac   0x080001ac   0x00000004   Code   RO         6796    .ARM.Collect$$$$00000001  mc_w.l(entry2.o)
    0x080001b0   0x080001b0   0x00000004   Code   RO         6799    .ARM.Collect$$$$00000004  mc_w.l(entry5.o)
    0x080001b4   0x080001b4   0x00000000   Code   RO         6801    .ARM.Collect$$$$00000008  mc_w.l(entry7b.o)
    0x080001b4   0x080001b4   0x00000000   Code   RO         6803    .ARM.Collect$$$$0000000A  mc_w.l(entry8b.o)
    0x080001b4   0x080001b4   0x00000008   Code   RO         6804    .ARM.Collect$$$$0000000B  mc_w.l(entry9a.o)
    0x080001bc   0x080001bc   0x00000004   Code   RO         6811    .ARM.Collect$$$$0000000E  mc_w.l(entry12b.o)
    0x080001c0   0x080001c0   0x00000000   Code   RO         6806    .ARM.Collect$$$$0000000F  mc_w.l(entry10a.o)
    0x080001c0   0x080001c0   0x00000000   Code   RO         6808    .ARM.Collect$$$$00000011  mc_w.l(entry11a.o)
    0x080001c0   0x080001c0   0x00000004   Code   RO         6797    .ARM.Collect$$$$00002712  mc_w.l(entry2.o)
    0x080001c4   0x080001c4   0x00000024   Code   RO            4    .text               startup_gd32f450_470.o
    0x080001e8   0x080001e8   0x00000024   Code   RO         6515    .text               mc_w.l(memcpya.o)
    0x0800020c   0x0800020c   0x0000000e   Code   RO         6517    .text               mc_w.l(strlen.o)
    0x0800021a   0x0800021a   0x0000001a   Code   RO         6519    .text               mc_w.l(memcmp.o)
    0x08000234   0x08000234   0x000000e4   Code   RO         6786    .text               mf_w.l(dmul.o)
    0x08000318   0x08000318   0x00000022   Code   RO         6790    .text               mf_w.l(dflti.o)
    0x0800033a   0x0800033a   0x00000038   Code   RO         6794    .text               mf_w.l(d2f.o)
    0x08000372   0x08000372   0x00000062   Code   RO         6817    .text               mc_w.l(uldiv.o)
    0x080003d4   0x080003d4   0x0000001e   Code   RO         6819    .text               mc_w.l(llshl.o)
    0x080003f2   0x080003f2   0x00000000   Code   RO         6823    .text               mc_w.l(iusefp.o)
    0x080003f2   0x080003f2   0x0000006e   Code   RO         6824    .text               mf_w.l(fepilogue.o)
    0x08000460   0x08000460   0x000000ba   Code   RO         6826    .text               mf_w.l(depilogue.o)
    0x0800051a   0x0800051a   0x00000002   PAD
    0x0800051c   0x0800051c   0x00000024   Code   RO         6832    .text               mc_w.l(init.o)
    0x08000540   0x08000540   0x00000020   Code   RO         6835    .text               mc_w.l(llushr.o)
    0x08000560   0x08000560   0x000000d4   Code   RO           13    i.SystemInit        system_gd32f4xx.o
    0x08000634   0x08000634   0x00000050   Code   RO         6367    i.TIMER0_UP_TIMER9_IRQHandler  main.o
    0x08000684   0x08000684   0x00000028   Code   RO         6732    i.__0sprintf$8      mc_w.l(printf8.o)
    0x080006ac   0x080006ac   0x0000000e   Code   RO         6840    i.__scatterload_copy  mc_w.l(handlers.o)
    0x080006ba   0x080006ba   0x00000002   Code   RO         6841    i.__scatterload_null  mc_w.l(handlers.o)
    0x080006bc   0x080006bc   0x0000000e   Code   RO         6842    i.__scatterload_zeroinit  mc_w.l(handlers.o)
    0x080006ca   0x080006ca   0x00000002   PAD
    0x080006cc   0x080006cc   0x00000404   Code   RO         6737    i._printf_core      mc_w.l(printf8.o)
    0x08000ad0   0x08000ad0   0x00000024   Code   RO         6738    i._printf_post_padding  mc_w.l(printf8.o)
    0x08000af4   0x08000af4   0x0000002e   Code   RO         6739    i._printf_pre_padding  mc_w.l(printf8.o)
    0x08000b22   0x08000b22   0x0000000a   Code   RO         6741    i._sputc            mc_w.l(printf8.o)
    0x08000b2c   0x08000b2c   0x000000dc   Code   RO         6368    i.apply_setting     main.o
    0x08000c08   0x08000c08   0x000000d0   Code   RO         5684    i.e1_ht16k33_chr_set  e1.o
    0x08000cd8   0x08000cd8   0x00000078   Code   RO         5685    i.e1_ht16k33_init   e1.o
    0x08000d50   0x08000d50   0x000000ba   Code   RO         5686    i.e1_ht16k33_raw_set  e1.o
    0x08000e0a   0x08000e0a   0x00000002   PAD
    0x08000e0c   0x08000e0c   0x00000060   Code   RO         5687    i.e1_led_init       e1.o
    0x08000e6c   0x08000e6c   0x00000056   Code   RO         5688    i.e1_led_rgb_set    e1.o
    0x08000ec2   0x08000ec2   0x00000010   Code   RO         5689    i.e1_pca9685_init   e1.o
    0x08000ed2   0x08000ed2   0x0000004a   Code   RO         5690    i.e1_pca9685_pwm_set  e1.o
    0x08000f1c   0x08000f1c   0x00000060   Code   RO         5691    i.e1_tube_init      e1.o
    0x08000f7c   0x08000f7c   0x00000106   Code   RO         5692    i.e1_tube_str_set   e1.o
    0x08001082   0x08001082   0x00000002   PAD
    0x08001084   0x08001084   0x00000060   Code   RO         5763    i.e2_fan_init       e2.o
    0x080010e4   0x080010e4   0x0000002c   Code   RO         5764    i.e2_fan_speed_set  e2.o
    0x08001110   0x08001110   0x00000010   Code   RO         5765    i.e2_pca9685_init   e2.o
    0x08001120   0x08001120   0x0000004a   Code   RO         5766    i.e2_pca9685_pwm_set  e2.o
    0x0800116a   0x0800116a   0x00000002   PAD
    0x0800116c   0x0800116c   0x000000c0   Code   RO         6369    i.enter_setting_edit_mode  main.o
    0x0800122c   0x0800122c   0x0000005e   Code   RO         2648    i.gpio_af_set       gd32f4xx_gpio.o
    0x0800128a   0x0800128a   0x0000004e   Code   RO         2656    i.gpio_mode_set     gd32f4xx_gpio.o
    0x080012d8   0x080012d8   0x00000042   Code   RO         2658    i.gpio_output_options_set  gd32f4xx_gpio.o
    0x0800131a   0x0800131a   0x00000002   PAD
    0x0800131c   0x0800131c   0x00000158   Code   RO         6370    i.handle_inputs     main.o
    0x08001474   0x08001474   0x00000510   Code   RO         6371    i.handle_keypad_input  main.o
    0x08001984   0x08001984   0x000000b0   Code   RO         6372    i.hardware_init     main.o
    0x08001a34   0x08001a34   0x00000060   Code   RO         6373    i.hz_timer_init     main.o
    0x08001a94   0x08001a94   0x00000060   Code   RO         5851    i.i2c0_gpio_config  i2c.o
    0x08001af4   0x08001af4   0x0000003c   Code   RO         5852    i.i2c0_parm_config  i2c.o
    0x08001b30   0x08001b30   0x00000054   Code   RO         5853    i.i2c1_gpio_config  i2c.o
    0x08001b84   0x08001b84   0x0000003c   Code   RO         5854    i.i2c1_parm_config  i2c.o
    0x08001bc0   0x08001bc0   0x00000010   Code   RO         2752    i.i2c_ack_config    gd32f4xx_i2c.o
    0x08001bd0   0x08001bd0   0x00000010   Code   RO         2753    i.i2c_ackpos_config  gd32f4xx_i2c.o
    0x08001be0   0x08001be0   0x000000a0   Code   RO         5855    i.i2c_byte_write    i2c.o
    0x08001c80   0x08001c80   0x000000fc   Code   RO         5856    i.i2c_bytes_read    i2c.o
    0x08001d7c   0x08001d7c   0x000000e4   Code   RO         2756    i.i2c_clock_config  gd32f4xx_i2c.o
    0x08001e60   0x08001e60   0x00000008   Code   RO         2757    i.i2c_data_receive  gd32f4xx_i2c.o
    0x08001e68   0x08001e68   0x00000006   Code   RO         2758    i.i2c_data_transmit  gd32f4xx_i2c.o
    0x08001e6e   0x08001e6e   0x0000001a   Code   RO         5857    i.i2c_delay_ms      i2c.o
    0x08001e88   0x08001e88   0x0000000a   Code   RO         2766    i.i2c_enable        gd32f4xx_i2c.o
    0x08001e92   0x08001e92   0x00000028   Code   RO         2767    i.i2c_flag_clear    gd32f4xx_i2c.o
    0x08001eba   0x08001eba   0x0000001e   Code   RO         2768    i.i2c_flag_get      gd32f4xx_i2c.o
    0x08001ed8   0x08001ed8   0x0000001a   Code   RO         5858    i.i2c_init          i2c.o
    0x08001ef2   0x08001ef2   0x00000014   Code   RO         2773    i.i2c_master_addressing  gd32f4xx_i2c.o
    0x08001f06   0x08001f06   0x0000001c   Code   RO         2774    i.i2c_mode_addr_config  gd32f4xx_i2c.o
    0x08001f22   0x08001f22   0x00000002   PAD
    0x08001f24   0x08001f24   0x000000d0   Code   RO         5859    i.i2c_reg_byte_write  i2c.o
    0x08001ff4   0x08001ff4   0x0000017c   Code   RO         5860    i.i2c_reg_bytes_read  i2c.o
    0x08002170   0x08002170   0x000000e0   Code   RO         5861    i.i2c_reg_bytes_write  i2c.o
    0x08002250   0x08002250   0x000000a4   Code   RO         5862    i.i2c_slave_detect  i2c.o
    0x080022f4   0x080022f4   0x0000000a   Code   RO         2787    i.i2c_start_on_bus  gd32f4xx_i2c.o
    0x080022fe   0x080022fe   0x0000000a   Code   RO         2788    i.i2c_stop_on_bus   gd32f4xx_i2c.o
    0x08002308   0x08002308   0x000000d4   Code   RO         6374    i.load_task_mode    main.o
    0x080023dc   0x080023dc   0x0000002c   Code   RO         6375    i.main              main.o
    0x08002408   0x08002408   0x000000c4   Code   RO         3221    i.nvic_irq_enable   gd32f4xx_misc.o
    0x080024cc   0x080024cc   0x00000014   Code   RO         3222    i.nvic_priority_group_set  gd32f4xx_misc.o
    0x080024e0   0x080024e0   0x00000144   Code   RO         6376    i.perform_continuous_checks  main.o
    0x08002624   0x08002624   0x00000124   Code   RO         3426    i.rcu_clock_freq_get  gd32f4xx_rcu.o
    0x08002748   0x08002748   0x00000024   Code   RO         3445    i.rcu_periph_clock_enable  gd32f4xx_rcu.o
    0x0800276c   0x0800276c   0x00000024   Code   RO         3448    i.rcu_periph_reset_disable  gd32f4xx_rcu.o
    0x08002790   0x08002790   0x00000024   Code   RO         3449    i.rcu_periph_reset_enable  gd32f4xx_rcu.o
    0x080027b4   0x080027b4   0x0000000e   Code   RO         5938    i.s1_ht16k33_init   s1.o
    0x080027c2   0x080027c2   0x00000002   PAD
    0x080027c4   0x080027c4   0x00000060   Code   RO         5939    i.s1_key_init       s1.o
    0x08002824   0x08002824   0x000000c8   Code   RO         5940    i.s1_key_value_get  s1.o
    0x080028ec   0x080028ec   0x0000000e   Code   RO         5976    i.s2_bh1750_init    s2.o
    0x080028fa   0x080028fa   0x00000088   Code   RO         5977    i.s2_icm20608_init  s2.o
    0x08002982   0x08002982   0x00000002   PAD
    0x08002984   0x08002984   0x00000060   Code   RO         5978    i.s2_illuminance_init  s2.o
    0x080029e4   0x080029e4   0x0000003e   Code   RO         5979    i.s2_illuminance_value_get  s2.o
    0x08002a22   0x08002a22   0x00000002   PAD
    0x08002a24   0x08002a24   0x00000060   Code   RO         5980    i.s2_imu_init       s2.o
    0x08002a84   0x08002a84   0x0000016c   Code   RO         5981    i.s2_imu_value_get  s2.o
    0x08002bf0   0x08002bf0   0x00000010   Code   RO         6053    i.s5_ms523_antenna_off  s5.o
    0x08002c00   0x08002c00   0x0000002e   Code   RO         6054    i.s5_ms523_antenna_on  s5.o
    0x08002c2e   0x08002c2e   0x00000032   Code   RO         6055    i.s5_ms523_bit_clear  s5.o
    0x08002c60   0x08002c60   0x00000032   Code   RO         6056    i.s5_ms523_bit_set  s5.o
    0x08002c92   0x08002c92   0x000001a0   Code   RO         6057    i.s5_ms523_comm     s5.o
    0x08002e32   0x08002e32   0x0000002c   Code   RO         6059    i.s5_ms523_init     s5.o
    0x08002e5e   0x08002e5e   0x00000076   Code   RO         6060    i.s5_ms523_reset    s5.o
    0x08002ed4   0x08002ed4   0x00000080   Code   RO         6061    i.s5_ms523_type_config  s5.o
    0x08002f54   0x08002f54   0x00000088   Code   RO         6062    i.s5_nfc_anticoll   s5.o
    0x08002fdc   0x08002fdc   0x00000060   Code   RO         6065    i.s5_nfc_init       s5.o
    0x0800303c   0x0800303c   0x0000006a   Code   RO         6067    i.s5_nfc_request    s5.o
    0x080030a6   0x080030a6   0x00000002   PAD
    0x080030a8   0x080030a8   0x00000060   Code   RO         6200    i.s7_ir_init        s7.o
    0x08003108   0x08003108   0x0000002a   Code   RO         6201    i.s7_ir_status_get  s7.o
    0x08003132   0x08003132   0x0000001c   Code   RO         6202    i.s7_pca9557_init   s7.o
    0x0800314e   0x0800314e   0x00000002   PAD
    0x08003150   0x08003150   0x00000084   Code   RO         6377    i.start_focus_mode  main.o
    0x080031d4   0x080031d4   0x0000002c   Code   RO         6378    i.start_rest_mode   main.o
    0x08003200   0x08003200   0x000000fc   Code   RO           14    i.system_clock_200m_25m_hxtal  system_gd32f4xx.o
    0x080032fc   0x080032fc   0x00000008   Code   RO           15    i.system_clock_config  system_gd32f4xx.o
    0x08003304   0x08003304   0x00000004   Code   RO         4616    i.timer_counter_value_config  gd32f4xx_timer.o
    0x08003308   0x08003308   0x00000184   Code   RO         4617    i.timer_deinit      gd32f4xx_timer.o
    0x0800348c   0x0800348c   0x0000000a   Code   RO         4622    i.timer_enable      gd32f4xx_timer.o
    0x08003496   0x08003496   0x00000002   PAD
    0x08003498   0x08003498   0x00000098   Code   RO         4632    i.timer_init        gd32f4xx_timer.o
    0x08003530   0x08003530   0x00000008   Code   RO         4639    i.timer_interrupt_enable  gd32f4xx_timer.o
    0x08003538   0x08003538   0x00000006   Code   RO         4640    i.timer_interrupt_flag_clear  gd32f4xx_timer.o
    0x0800353e   0x0800353e   0x00000018   Code   RO         4641    i.timer_interrupt_flag_get  gd32f4xx_timer.o
    0x08003556   0x08003556   0x00000002   PAD
    0x08003558   0x08003558   0x0000032c   Code   RO         6379    i.update_display    main.o
    0x08003884   0x08003884   0x00000234   Code   RO         6380    i.update_state_machine  main.o
    0x08003ab8   0x08003ab8   0x0000005c   Data   RO         5693    .constdata          e1.o
    0x08003b14   0x08003b14   0x0000000c   Data   RO         5767    .constdata          e2.o
    0x08003b20   0x08003b20   0x0000000c   Data   RO         5941    .constdata          s1.o
    0x08003b2c   0x08003b2c   0x0000000e   Data   RO         5986    .constdata          s2.o
    0x08003b3a   0x08003b3a   0x00000002   PAD
    0x08003b3c   0x08003b3c   0x0000000c   Data   RO         6070    .constdata          s5.o
    0x08003b48   0x08003b48   0x0000000c   Data   RO         6203    .constdata          s7.o
    0x08003b54   0x08003b54   0x0000001d   Data   RO         6382    .conststring        main.o
    0x08003b71   0x08003b71   0x00000003   PAD
    0x08003b74   0x08003b74   0x00000020   Data   RO         6838    Region$$Table       anon$$obj.o


    Execution Region RW_IRAM1 (Exec base: 0x20000000, Load base: 0x08003b94, Size: 0x000004b0, Max: 0x00030000, ABSOLUTE)

    Exec Addr    Load Addr    Size         Type   Attr      Idx    E Section Name        Object

    0x20000000   0x08003b94   0x00000010   Data   RW         5694    .data               e1.o
    0x20000010   0x08003ba4   0x00000008   Data   RW         5768    .data               e2.o
    0x20000018   0x08003bac   0x00000008   Data   RW         5942    .data               s1.o
    0x20000020   0x08003bb4   0x00000018   Data   RW         5987    .data               s2.o
    0x20000038   0x08003bcc   0x00000008   Data   RW         6071    .data               s5.o
    0x20000040   0x08003bd4   0x00000008   Data   RW         6204    .data               s7.o
    0x20000048   0x08003bdc   0x00000068   Data   RW         6383    .data               main.o
    0x200000b0        -       0x00000400   Zero   RW            1    STACK               startup_gd32f450_470.o


==============================================================================

Image component sizes


      Code (inc. data)   RO Data    RW Data    ZI Data      Debug   Object Name

      1144         22         92         16          0       6919   e1.o
       230          8         12          8          0       2923   e2.o
       238          0          0          0          0       2296   gd32f4xx_gpio.o
       422         12          0          0          0       7340   gd32f4xx_i2c.o
       216         20          0          0          0       1368   gd32f4xx_misc.o
       400         40          0          0          0       3240   gd32f4xx_rcu.o
       592         44          0          0          0       4605   gd32f4xx_timer.o
      1740         58          0          0          0       8799   i2c.o
      4536        800         29        104          0      13262   main.o
       310          8         12          8          0       2455   s1.o
       768         34         14         24          0       5044   s2.o
      1206          8         12          8          0       7571   s5.o
       166          8         12          8          0       2261   s7.o
        36          8        428          0       1024        856   startup_gd32f450_470.o
       472         30          0          0          0      58337   system_gd32f4xx.o

    ----------------------------------------------------------------------
     12500       1100        648        176       1024     127276   Object Totals
         0          0         32          0          0          0   (incl. Generated)
        24          0          5          0          0          0   (incl. Padding)

    ----------------------------------------------------------------------

      Code (inc. data)   RO Data    RW Data    ZI Data      Debug   Library Member Name

         0          0          0          0          0          0   entry.o
         0          0          0          0          0          0   entry10a.o
         0          0          0          0          0          0   entry11a.o
         4          0          0          0          0          0   entry12b.o
         8          4          0          0          0          0   entry2.o
         4          0          0          0          0          0   entry5.o
         0          0          0          0          0          0   entry7b.o
         0          0          0          0          0          0   entry8b.o
         8          4          0          0          0          0   entry9a.o
        30          0          0          0          0          0   handlers.o
        36          8          0          0          0         68   init.o
         0          0          0          0          0          0   iusefp.o
        30          0          0          0          0         68   llshl.o
        32          0          0          0          0         68   llushr.o
        26          0          0          0          0         80   memcmp.o
        36          0          0          0          0         68   memcpya.o
      1160         50          0          0          0        420   printf8.o
        14          0          0          0          0         68   strlen.o
        98          0          0          0          0         92   uldiv.o
        56          0          0          0          0         88   d2f.o
       186          0          0          0          0        176   depilogue.o
        34          0          0          0          0         76   dflti.o
       228          0          0          0          0         96   dmul.o
       110          0          0          0          0        168   fepilogue.o

    ----------------------------------------------------------------------
      2104         66          0          0          0       1536   Library Totals
         4          0          0          0          0          0   (incl. Padding)

    ----------------------------------------------------------------------

      Code (inc. data)   RO Data    RW Data    ZI Data      Debug   Library Name

      1486         66          0          0          0        932   mc_w.l
       614          0          0          0          0        604   mf_w.l

    ----------------------------------------------------------------------
      2104         66          0          0          0       1536   Library Totals

    ----------------------------------------------------------------------

==============================================================================


      Code (inc. data)   RO Data    RW Data    ZI Data      Debug   

     14604       1166        648        176       1024     119388   Grand Totals
     14604       1166        648        176       1024     119388   ELF Image Totals
     14604       1166        648        176          0          0   ROM Totals

==============================================================================

    Total RO  Size (Code + RO Data)                15252 (  14.89kB)
    Total RW  Size (RW Data + ZI Data)              1200 (   1.17kB)
    Total ROM Size (Code + RO Data + RW Data)      15428 (  15.07kB)

==============================================================================

